Archive member included to satisfy reference by file (symbol)

/usr/lib/arm/lib/libopencm3_stm32f1.a(gpio.o)
                              main.o (gpio_set_mode)
/usr/lib/arm/lib/libopencm3_stm32f1.a(rcc.o)
                              main.o (rcc_clock_setup_in_hse_8mhz_out_72mhz)
/usr/lib/arm/lib/libopencm3_stm32f1.a(timer_common_all.o)
                              main.o (timer_reset)
/usr/lib/arm/lib/libopencm3_stm32f1.a(usart_common_all.o)
                              main.o (usart_set_baudrate)
/usr/lib/arm/lib/libopencm3_stm32f1.a(usart_common_f124.o)
                              /usr/lib/arm/lib/libopencm3_stm32f1.a(usart_common_all.o) (usart_send)
/usr/lib/arm/lib/libopencm3_stm32f1.a(rcc_common_all.o)
                              main.o (rcc_periph_clock_enable)
/usr/lib/arm/lib/libopencm3_stm32f1.a(flash_common_f01.o)
                              /usr/lib/arm/lib/libopencm3_stm32f1.a(rcc.o) (flash_set_ws)
/usr/lib/arm/lib/libopencm3_stm32f1.a(vector.o)
                              (reset_handler)
/usr/lib/arm/lib/libopencm3_stm32f1.a(assert.o)
                              /usr/lib/arm/lib/libopencm3_stm32f1.a(rcc.o) (cm3_assert_failed)
/usr/lib/arm/lib/libopencm3_stm32f1.a(flash.o)
                              /usr/lib/arm/lib/libopencm3_stm32f1.a(flash_common_f01.o) (flash_get_status_flags)

Discarded input sections

 .text          0x00000000        0x0 main.o
 .data          0x00000000        0x0 main.o
 .bss           0x00000000        0x0 main.o
 .text.usartInit
                0x00000000       0x64 main.o
 .text.usart_send_string
                0x00000000       0x30 main.o
 .text.timer2_init
                0x00000000       0xc0 main.o
 .group         0x00000000        0x8 /usr/lib/arm/lib/libopencm3_stm32f1.a(gpio.o)
 .group         0x00000000        0x8 /usr/lib/arm/lib/libopencm3_stm32f1.a(gpio.o)
 .group         0x00000000        0x8 /usr/lib/arm/lib/libopencm3_stm32f1.a(gpio.o)
 .group         0x00000000        0x8 /usr/lib/arm/lib/libopencm3_stm32f1.a(gpio.o)
 .group         0x00000000        0x8 /usr/lib/arm/lib/libopencm3_stm32f1.a(gpio.o)
 .group         0x00000000        0x8 /usr/lib/arm/lib/libopencm3_stm32f1.a(gpio.o)
 .group         0x00000000        0x8 /usr/lib/arm/lib/libopencm3_stm32f1.a(gpio.o)
 .group         0x00000000        0x8 /usr/lib/arm/lib/libopencm3_stm32f1.a(gpio.o)
 .group         0x00000000        0x8 /usr/lib/arm/lib/libopencm3_stm32f1.a(gpio.o)
 .group         0x00000000        0x8 /usr/lib/arm/lib/libopencm3_stm32f1.a(gpio.o)
 .text          0x00000000        0x0 /usr/lib/arm/lib/libopencm3_stm32f1.a(gpio.o)
 .data          0x00000000        0x0 /usr/lib/arm/lib/libopencm3_stm32f1.a(gpio.o)
 .bss           0x00000000        0x0 /usr/lib/arm/lib/libopencm3_stm32f1.a(gpio.o)
 .text.gpio_set_eventout
                0x00000000       0x10 /usr/lib/arm/lib/libopencm3_stm32f1.a(gpio.o)
 .text.gpio_primary_remap
                0x00000000       0x14 /usr/lib/arm/lib/libopencm3_stm32f1.a(gpio.o)
 .text.gpio_secondary_remap
                0x00000000       0x10 /usr/lib/arm/lib/libopencm3_stm32f1.a(gpio.o)
 .group         0x00000000        0x8 /usr/lib/arm/lib/libopencm3_stm32f1.a(rcc.o)
 .group         0x00000000        0x8 /usr/lib/arm/lib/libopencm3_stm32f1.a(rcc.o)
 .group         0x00000000        0x8 /usr/lib/arm/lib/libopencm3_stm32f1.a(rcc.o)
 .group         0x00000000        0x8 /usr/lib/arm/lib/libopencm3_stm32f1.a(rcc.o)
 .group         0x00000000        0x8 /usr/lib/arm/lib/libopencm3_stm32f1.a(rcc.o)
 .group         0x00000000        0x8 /usr/lib/arm/lib/libopencm3_stm32f1.a(rcc.o)
 .group         0x00000000        0x8 /usr/lib/arm/lib/libopencm3_stm32f1.a(rcc.o)
 .group         0x00000000        0x8 /usr/lib/arm/lib/libopencm3_stm32f1.a(rcc.o)
 .group         0x00000000        0x8 /usr/lib/arm/lib/libopencm3_stm32f1.a(rcc.o)
 .group         0x00000000        0x8 /usr/lib/arm/lib/libopencm3_stm32f1.a(rcc.o)
 .group         0x00000000        0x8 /usr/lib/arm/lib/libopencm3_stm32f1.a(rcc.o)
 .group         0x00000000        0x8 /usr/lib/arm/lib/libopencm3_stm32f1.a(rcc.o)
 .text          0x00000000        0x0 /usr/lib/arm/lib/libopencm3_stm32f1.a(rcc.o)
 .data          0x00000000        0x0 /usr/lib/arm/lib/libopencm3_stm32f1.a(rcc.o)
 .bss           0x00000000        0x0 /usr/lib/arm/lib/libopencm3_stm32f1.a(rcc.o)
 .text.rcc_osc_ready_int_clear
                0x00000000       0x5c /usr/lib/arm/lib/libopencm3_stm32f1.a(rcc.o)
 .text.rcc_osc_ready_int_enable
                0x00000000       0x5c /usr/lib/arm/lib/libopencm3_stm32f1.a(rcc.o)
 .text.rcc_osc_ready_int_disable
                0x00000000       0x5c /usr/lib/arm/lib/libopencm3_stm32f1.a(rcc.o)
 .text.rcc_osc_ready_int_flag
                0x00000000       0x54 /usr/lib/arm/lib/libopencm3_stm32f1.a(rcc.o)
 .text.rcc_css_int_clear
                0x00000000       0x10 /usr/lib/arm/lib/libopencm3_stm32f1.a(rcc.o)
 .text.rcc_css_int_flag
                0x00000000       0x10 /usr/lib/arm/lib/libopencm3_stm32f1.a(rcc.o)
 .text.rcc_osc_off
                0x00000000       0x58 /usr/lib/arm/lib/libopencm3_stm32f1.a(rcc.o)
 .text.rcc_css_enable
                0x00000000       0x10 /usr/lib/arm/lib/libopencm3_stm32f1.a(rcc.o)
 .text.rcc_css_disable
                0x00000000       0x10 /usr/lib/arm/lib/libopencm3_stm32f1.a(rcc.o)
 .text.rcc_osc_bypass_enable
                0x00000000       0x28 /usr/lib/arm/lib/libopencm3_stm32f1.a(rcc.o)
 .text.rcc_osc_bypass_disable
                0x00000000       0x28 /usr/lib/arm/lib/libopencm3_stm32f1.a(rcc.o)
 .text.rcc_set_pll2_multiplication_factor
                0x00000000       0x14 /usr/lib/arm/lib/libopencm3_stm32f1.a(rcc.o)
 .text.rcc_set_pll3_multiplication_factor
                0x00000000       0x14 /usr/lib/arm/lib/libopencm3_stm32f1.a(rcc.o)
 .text.rcc_rtc_clock_enabled_flag
                0x00000000       0x10 /usr/lib/arm/lib/libopencm3_stm32f1.a(rcc.o)
 .text.rcc_enable_rtc_clock
                0x00000000       0x10 /usr/lib/arm/lib/libopencm3_stm32f1.a(rcc.o)
 .text.rcc_set_rtc_clock_source
                0x00000000       0x90 /usr/lib/arm/lib/libopencm3_stm32f1.a(rcc.o)
 .text.rcc_set_usbpre
                0x00000000       0x18 /usr/lib/arm/lib/libopencm3_stm32f1.a(rcc.o)
 .text.rcc_set_prediv1
                0x00000000       0x14 /usr/lib/arm/lib/libopencm3_stm32f1.a(rcc.o)
 .text.rcc_set_prediv2
                0x00000000       0x14 /usr/lib/arm/lib/libopencm3_stm32f1.a(rcc.o)
 .text.rcc_set_prediv1_source
                0x00000000       0x18 /usr/lib/arm/lib/libopencm3_stm32f1.a(rcc.o)
 .text.rcc_system_clock_source
                0x00000000       0x10 /usr/lib/arm/lib/libopencm3_stm32f1.a(rcc.o)
 .text.rcc_clock_setup_in_hsi_out_64mhz
                0x00000000       0x74 /usr/lib/arm/lib/libopencm3_stm32f1.a(rcc.o)
 .text.rcc_clock_setup_in_hsi_out_48mhz
                0x00000000       0x84 /usr/lib/arm/lib/libopencm3_stm32f1.a(rcc.o)
 .text.rcc_clock_setup_in_hsi_out_24mhz
                0x00000000       0x70 /usr/lib/arm/lib/libopencm3_stm32f1.a(rcc.o)
 .text.rcc_clock_setup_in_hse_8mhz_out_24mhz
                0x00000000       0x88 /usr/lib/arm/lib/libopencm3_stm32f1.a(rcc.o)
 .text.rcc_clock_setup_in_hse_12mhz_out_72mhz
                0x00000000       0x8c /usr/lib/arm/lib/libopencm3_stm32f1.a(rcc.o)
 .text.rcc_clock_setup_in_hse_16mhz_out_72mhz
                0x00000000       0x8c /usr/lib/arm/lib/libopencm3_stm32f1.a(rcc.o)
 .text.rcc_clock_setup_in_hse_25mhz_out_72mhz
                0x00000000       0xa4 /usr/lib/arm/lib/libopencm3_stm32f1.a(rcc.o)
 .text.rcc_backupdomain_reset
                0x00000000       0x18 /usr/lib/arm/lib/libopencm3_stm32f1.a(rcc.o)
 .debug_macro   0x00000000      0x844 /usr/lib/arm/lib/libopencm3_stm32f1.a(rcc.o)
 .debug_macro   0x00000000       0x16 /usr/lib/arm/lib/libopencm3_stm32f1.a(rcc.o)
 .debug_macro   0x00000000       0x44 /usr/lib/arm/lib/libopencm3_stm32f1.a(rcc.o)
 .debug_macro   0x00000000      0x209 /usr/lib/arm/lib/libopencm3_stm32f1.a(rcc.o)
 .debug_macro   0x00000000       0x22 /usr/lib/arm/lib/libopencm3_stm32f1.a(rcc.o)
 .debug_macro   0x00000000       0xfa /usr/lib/arm/lib/libopencm3_stm32f1.a(rcc.o)
 .debug_macro   0x00000000       0x58 /usr/lib/arm/lib/libopencm3_stm32f1.a(rcc.o)
 .debug_macro   0x00000000      0x1b4 /usr/lib/arm/lib/libopencm3_stm32f1.a(rcc.o)
 .group         0x00000000        0x8 /usr/lib/arm/lib/libopencm3_stm32f1.a(timer_common_all.o)
 .group         0x00000000        0x8 /usr/lib/arm/lib/libopencm3_stm32f1.a(timer_common_all.o)
 .group         0x00000000        0x8 /usr/lib/arm/lib/libopencm3_stm32f1.a(timer_common_all.o)
 .group         0x00000000        0x8 /usr/lib/arm/lib/libopencm3_stm32f1.a(timer_common_all.o)
 .group         0x00000000        0x8 /usr/lib/arm/lib/libopencm3_stm32f1.a(timer_common_all.o)
 .group         0x00000000        0x8 /usr/lib/arm/lib/libopencm3_stm32f1.a(timer_common_all.o)
 .group         0x00000000        0x8 /usr/lib/arm/lib/libopencm3_stm32f1.a(timer_common_all.o)
 .group         0x00000000        0x8 /usr/lib/arm/lib/libopencm3_stm32f1.a(timer_common_all.o)
 .group         0x00000000        0x8 /usr/lib/arm/lib/libopencm3_stm32f1.a(timer_common_all.o)
 .group         0x00000000        0x8 /usr/lib/arm/lib/libopencm3_stm32f1.a(timer_common_all.o)
 .text          0x00000000        0x0 /usr/lib/arm/lib/libopencm3_stm32f1.a(timer_common_all.o)
 .data          0x00000000        0x0 /usr/lib/arm/lib/libopencm3_stm32f1.a(timer_common_all.o)
 .bss           0x00000000        0x0 /usr/lib/arm/lib/libopencm3_stm32f1.a(timer_common_all.o)
 .text.timer_enable_irq
                0x00000000        0x8 /usr/lib/arm/lib/libopencm3_stm32f1.a(timer_common_all.o)
 .text.timer_disable_irq
                0x00000000        0xa /usr/lib/arm/lib/libopencm3_stm32f1.a(timer_common_all.o)
 .text.timer_interrupt_source
                0x00000000       0x38 /usr/lib/arm/lib/libopencm3_stm32f1.a(timer_common_all.o)
 .text.timer_get_flag
                0x00000000        0xc /usr/lib/arm/lib/libopencm3_stm32f1.a(timer_common_all.o)
 .text.timer_clear_flag
                0x00000000        0x6 /usr/lib/arm/lib/libopencm3_stm32f1.a(timer_common_all.o)
 .text.timer_set_clock_division
                0x00000000       0x14 /usr/lib/arm/lib/libopencm3_stm32f1.a(timer_common_all.o)
 .text.timer_disable_preload
                0x00000000        0xa /usr/lib/arm/lib/libopencm3_stm32f1.a(timer_common_all.o)
 .text.timer_set_alignment
                0x00000000       0x14 /usr/lib/arm/lib/libopencm3_stm32f1.a(timer_common_all.o)
 .text.timer_direction_up
                0x00000000        0xa /usr/lib/arm/lib/libopencm3_stm32f1.a(timer_common_all.o)
 .text.timer_direction_down
                0x00000000        0xa /usr/lib/arm/lib/libopencm3_stm32f1.a(timer_common_all.o)
 .text.timer_one_shot_mode
                0x00000000        0xa /usr/lib/arm/lib/libopencm3_stm32f1.a(timer_common_all.o)
 .text.timer_update_on_any
                0x00000000        0xa /usr/lib/arm/lib/libopencm3_stm32f1.a(timer_common_all.o)
 .text.timer_update_on_overflow
                0x00000000        0xa /usr/lib/arm/lib/libopencm3_stm32f1.a(timer_common_all.o)
 .text.timer_enable_update_event
                0x00000000        0xa /usr/lib/arm/lib/libopencm3_stm32f1.a(timer_common_all.o)
 .text.timer_disable_update_event
                0x00000000        0xa /usr/lib/arm/lib/libopencm3_stm32f1.a(timer_common_all.o)
 .text.timer_disable_counter
                0x00000000        0xa /usr/lib/arm/lib/libopencm3_stm32f1.a(timer_common_all.o)
 .text.timer_set_output_idle_state
                0x00000000       0x20 /usr/lib/arm/lib/libopencm3_stm32f1.a(timer_common_all.o)
 .text.timer_reset_output_idle_state
                0x00000000       0x20 /usr/lib/arm/lib/libopencm3_stm32f1.a(timer_common_all.o)
 .text.timer_set_ti1_ch123_xor
                0x00000000        0xa /usr/lib/arm/lib/libopencm3_stm32f1.a(timer_common_all.o)
 .text.timer_set_ti1_ch1
                0x00000000        0xa /usr/lib/arm/lib/libopencm3_stm32f1.a(timer_common_all.o)
 .text.timer_set_master_mode
                0x00000000       0x10 /usr/lib/arm/lib/libopencm3_stm32f1.a(timer_common_all.o)
 .text.timer_set_dma_on_compare_event
                0x00000000        0xa /usr/lib/arm/lib/libopencm3_stm32f1.a(timer_common_all.o)
 .text.timer_set_dma_on_update_event
                0x00000000        0xa /usr/lib/arm/lib/libopencm3_stm32f1.a(timer_common_all.o)
 .text.timer_enable_compare_control_update_on_trigger
                0x00000000       0x1c /usr/lib/arm/lib/libopencm3_stm32f1.a(timer_common_all.o)
 .text.timer_disable_compare_control_update_on_trigger
                0x00000000       0x1c /usr/lib/arm/lib/libopencm3_stm32f1.a(timer_common_all.o)
 .text.timer_enable_preload_complementry_enable_bits
                0x00000000       0x1c /usr/lib/arm/lib/libopencm3_stm32f1.a(timer_common_all.o)
 .text.timer_disable_preload_complementry_enable_bits
                0x00000000       0x1c /usr/lib/arm/lib/libopencm3_stm32f1.a(timer_common_all.o)
 .text.timer_set_repetition_counter
                0x00000000       0x18 /usr/lib/arm/lib/libopencm3_stm32f1.a(timer_common_all.o)
 .text.timer_enable_oc_clear
                0x00000000       0x34 /usr/lib/arm/lib/libopencm3_stm32f1.a(timer_common_all.o)
 .text.timer_disable_oc_clear
                0x00000000       0x34 /usr/lib/arm/lib/libopencm3_stm32f1.a(timer_common_all.o)
 .text.timer_set_oc_fast_mode
                0x00000000       0x34 /usr/lib/arm/lib/libopencm3_stm32f1.a(timer_common_all.o)
 .text.timer_set_oc_slow_mode
                0x00000000       0x34 /usr/lib/arm/lib/libopencm3_stm32f1.a(timer_common_all.o)
 .text.timer_disable_oc_preload
                0x00000000       0x34 /usr/lib/arm/lib/libopencm3_stm32f1.a(timer_common_all.o)
 .text.timer_set_oc_polarity_low
                0x00000000       0x68 /usr/lib/arm/lib/libopencm3_stm32f1.a(timer_common_all.o)
 .text.timer_disable_oc_output
                0x00000000       0x68 /usr/lib/arm/lib/libopencm3_stm32f1.a(timer_common_all.o)
 .text.timer_set_oc_idle_state_set
                0x00000000       0x5c /usr/lib/arm/lib/libopencm3_stm32f1.a(timer_common_all.o)
 .text.timer_set_oc_idle_state_unset
                0x00000000       0x5c /usr/lib/arm/lib/libopencm3_stm32f1.a(timer_common_all.o)
 .text.timer_enable_break_main_output
                0x00000000       0x1c /usr/lib/arm/lib/libopencm3_stm32f1.a(timer_common_all.o)
 .text.timer_disable_break_main_output
                0x00000000       0x1c /usr/lib/arm/lib/libopencm3_stm32f1.a(timer_common_all.o)
 .text.timer_enable_break_automatic_output
                0x00000000       0x1c /usr/lib/arm/lib/libopencm3_stm32f1.a(timer_common_all.o)
 .text.timer_disable_break_automatic_output
                0x00000000       0x1c /usr/lib/arm/lib/libopencm3_stm32f1.a(timer_common_all.o)
 .text.timer_set_break_polarity_high
                0x00000000       0x1c /usr/lib/arm/lib/libopencm3_stm32f1.a(timer_common_all.o)
 .text.timer_set_break_polarity_low
                0x00000000       0x1c /usr/lib/arm/lib/libopencm3_stm32f1.a(timer_common_all.o)
 .text.timer_enable_break
                0x00000000       0x1c /usr/lib/arm/lib/libopencm3_stm32f1.a(timer_common_all.o)
 .text.timer_disable_break
                0x00000000       0x1c /usr/lib/arm/lib/libopencm3_stm32f1.a(timer_common_all.o)
 .text.timer_set_enabled_off_state_in_run_mode
                0x00000000       0x1c /usr/lib/arm/lib/libopencm3_stm32f1.a(timer_common_all.o)
 .text.timer_set_disabled_off_state_in_run_mode
                0x00000000       0x1c /usr/lib/arm/lib/libopencm3_stm32f1.a(timer_common_all.o)
 .text.timer_set_enabled_off_state_in_idle_mode
                0x00000000       0x1c /usr/lib/arm/lib/libopencm3_stm32f1.a(timer_common_all.o)
 .text.timer_set_disabled_off_state_in_idle_mode
                0x00000000       0x1c /usr/lib/arm/lib/libopencm3_stm32f1.a(timer_common_all.o)
 .text.timer_set_break_lock
                0x00000000       0x1c /usr/lib/arm/lib/libopencm3_stm32f1.a(timer_common_all.o)
 .text.timer_set_deadtime
                0x00000000       0x1c /usr/lib/arm/lib/libopencm3_stm32f1.a(timer_common_all.o)
 .text.timer_generate_event
                0x00000000        0x8 /usr/lib/arm/lib/libopencm3_stm32f1.a(timer_common_all.o)
 .text.timer_get_counter
                0x00000000        0x4 /usr/lib/arm/lib/libopencm3_stm32f1.a(timer_common_all.o)
 .text.timer_set_counter
                0x00000000        0x4 /usr/lib/arm/lib/libopencm3_stm32f1.a(timer_common_all.o)
 .text.timer_ic_set_filter
                0x00000000       0x50 /usr/lib/arm/lib/libopencm3_stm32f1.a(timer_common_all.o)
 .text.timer_ic_set_prescaler
                0x00000000       0x50 /usr/lib/arm/lib/libopencm3_stm32f1.a(timer_common_all.o)
 .text.timer_ic_set_input
                0x00000000       0x62 /usr/lib/arm/lib/libopencm3_stm32f1.a(timer_common_all.o)
 .text.timer_ic_enable
                0x00000000       0x10 /usr/lib/arm/lib/libopencm3_stm32f1.a(timer_common_all.o)
 .text.timer_ic_disable
                0x00000000       0x12 /usr/lib/arm/lib/libopencm3_stm32f1.a(timer_common_all.o)
 .text.timer_slave_set_filter
                0x00000000       0x12 /usr/lib/arm/lib/libopencm3_stm32f1.a(timer_common_all.o)
 .text.timer_slave_set_prescaler
                0x00000000       0x12 /usr/lib/arm/lib/libopencm3_stm32f1.a(timer_common_all.o)
 .text.timer_slave_set_polarity
                0x00000000       0x12 /usr/lib/arm/lib/libopencm3_stm32f1.a(timer_common_all.o)
 .text.timer_slave_set_mode
                0x00000000       0x10 /usr/lib/arm/lib/libopencm3_stm32f1.a(timer_common_all.o)
 .text.timer_slave_set_trigger
                0x00000000       0x10 /usr/lib/arm/lib/libopencm3_stm32f1.a(timer_common_all.o)
 .debug_macro   0x00000000      0x844 /usr/lib/arm/lib/libopencm3_stm32f1.a(timer_common_all.o)
 .debug_macro   0x00000000       0x16 /usr/lib/arm/lib/libopencm3_stm32f1.a(timer_common_all.o)
 .debug_macro   0x00000000       0x44 /usr/lib/arm/lib/libopencm3_stm32f1.a(timer_common_all.o)
 .debug_macro   0x00000000      0x209 /usr/lib/arm/lib/libopencm3_stm32f1.a(timer_common_all.o)
 .debug_macro   0x00000000       0x22 /usr/lib/arm/lib/libopencm3_stm32f1.a(timer_common_all.o)
 .debug_macro   0x00000000       0xfa /usr/lib/arm/lib/libopencm3_stm32f1.a(timer_common_all.o)
 .debug_macro   0x00000000       0x58 /usr/lib/arm/lib/libopencm3_stm32f1.a(timer_common_all.o)
 .debug_macro   0x00000000      0x1b4 /usr/lib/arm/lib/libopencm3_stm32f1.a(timer_common_all.o)
 .debug_macro   0x00000000      0x825 /usr/lib/arm/lib/libopencm3_stm32f1.a(timer_common_all.o)
 .group         0x00000000        0x8 /usr/lib/arm/lib/libopencm3_stm32f1.a(usart_common_all.o)
 .group         0x00000000        0x8 /usr/lib/arm/lib/libopencm3_stm32f1.a(usart_common_all.o)
 .group         0x00000000        0x8 /usr/lib/arm/lib/libopencm3_stm32f1.a(usart_common_all.o)
 .group         0x00000000        0x8 /usr/lib/arm/lib/libopencm3_stm32f1.a(usart_common_all.o)
 .group         0x00000000        0x8 /usr/lib/arm/lib/libopencm3_stm32f1.a(usart_common_all.o)
 .group         0x00000000        0x8 /usr/lib/arm/lib/libopencm3_stm32f1.a(usart_common_all.o)
 .group         0x00000000        0x8 /usr/lib/arm/lib/libopencm3_stm32f1.a(usart_common_all.o)
 .group         0x00000000        0x8 /usr/lib/arm/lib/libopencm3_stm32f1.a(usart_common_all.o)
 .group         0x00000000        0x8 /usr/lib/arm/lib/libopencm3_stm32f1.a(usart_common_all.o)
 .group         0x00000000        0x8 /usr/lib/arm/lib/libopencm3_stm32f1.a(usart_common_all.o)
 .group         0x00000000        0x8 /usr/lib/arm/lib/libopencm3_stm32f1.a(usart_common_all.o)
 .text          0x00000000        0x0 /usr/lib/arm/lib/libopencm3_stm32f1.a(usart_common_all.o)
 .data          0x00000000        0x0 /usr/lib/arm/lib/libopencm3_stm32f1.a(usart_common_all.o)
 .bss           0x00000000        0x0 /usr/lib/arm/lib/libopencm3_stm32f1.a(usart_common_all.o)
 .text.usart_set_baudrate
                0x00000000       0x28 /usr/lib/arm/lib/libopencm3_stm32f1.a(usart_common_all.o)
 .text.usart_set_databits
                0x00000000       0x12 /usr/lib/arm/lib/libopencm3_stm32f1.a(usart_common_all.o)
 .text.usart_set_stopbits
                0x00000000        0xc /usr/lib/arm/lib/libopencm3_stm32f1.a(usart_common_all.o)
 .text.usart_set_parity
                0x00000000        0xc /usr/lib/arm/lib/libopencm3_stm32f1.a(usart_common_all.o)
 .text.usart_set_mode
                0x00000000        0xc /usr/lib/arm/lib/libopencm3_stm32f1.a(usart_common_all.o)
 .text.usart_set_flow_control
                0x00000000        0xc /usr/lib/arm/lib/libopencm3_stm32f1.a(usart_common_all.o)
 .text.usart_enable
                0x00000000        0xa /usr/lib/arm/lib/libopencm3_stm32f1.a(usart_common_all.o)
 .text.usart_disable
                0x00000000        0xa /usr/lib/arm/lib/libopencm3_stm32f1.a(usart_common_all.o)
 .text.usart_send_blocking
                0x00000000       0x16 /usr/lib/arm/lib/libopencm3_stm32f1.a(usart_common_all.o)
 .text.usart_recv_blocking
                0x00000000       0x12 /usr/lib/arm/lib/libopencm3_stm32f1.a(usart_common_all.o)
 .text.usart_enable_rx_dma
                0x00000000        0xa /usr/lib/arm/lib/libopencm3_stm32f1.a(usart_common_all.o)
 .text.usart_disable_rx_dma
                0x00000000        0xa /usr/lib/arm/lib/libopencm3_stm32f1.a(usart_common_all.o)
 .text.usart_enable_tx_dma
                0x00000000        0xa /usr/lib/arm/lib/libopencm3_stm32f1.a(usart_common_all.o)
 .text.usart_disable_tx_dma
                0x00000000        0xa /usr/lib/arm/lib/libopencm3_stm32f1.a(usart_common_all.o)
 .text.usart_enable_rx_interrupt
                0x00000000        0xa /usr/lib/arm/lib/libopencm3_stm32f1.a(usart_common_all.o)
 .text.usart_disable_rx_interrupt
                0x00000000        0xa /usr/lib/arm/lib/libopencm3_stm32f1.a(usart_common_all.o)
 .text.usart_enable_tx_interrupt
                0x00000000        0xa /usr/lib/arm/lib/libopencm3_stm32f1.a(usart_common_all.o)
 .text.usart_disable_tx_interrupt
                0x00000000        0xa /usr/lib/arm/lib/libopencm3_stm32f1.a(usart_common_all.o)
 .text.usart_enable_error_interrupt
                0x00000000        0xa /usr/lib/arm/lib/libopencm3_stm32f1.a(usart_common_all.o)
 .text.usart_disable_error_interrupt
                0x00000000        0xa /usr/lib/arm/lib/libopencm3_stm32f1.a(usart_common_all.o)
 .debug_info    0x00000000      0x4cf /usr/lib/arm/lib/libopencm3_stm32f1.a(usart_common_all.o)
 .debug_abbrev  0x00000000      0x12b /usr/lib/arm/lib/libopencm3_stm32f1.a(usart_common_all.o)
 .debug_loc     0x00000000      0x1ca /usr/lib/arm/lib/libopencm3_stm32f1.a(usart_common_all.o)
 .debug_aranges
                0x00000000       0xb8 /usr/lib/arm/lib/libopencm3_stm32f1.a(usart_common_all.o)
 .debug_ranges  0x00000000       0xa8 /usr/lib/arm/lib/libopencm3_stm32f1.a(usart_common_all.o)
 .debug_macro   0x00000000       0xba /usr/lib/arm/lib/libopencm3_stm32f1.a(usart_common_all.o)
 .debug_macro   0x00000000      0x844 /usr/lib/arm/lib/libopencm3_stm32f1.a(usart_common_all.o)
 .debug_macro   0x00000000       0x16 /usr/lib/arm/lib/libopencm3_stm32f1.a(usart_common_all.o)
 .debug_macro   0x00000000       0x44 /usr/lib/arm/lib/libopencm3_stm32f1.a(usart_common_all.o)
 .debug_macro   0x00000000      0x209 /usr/lib/arm/lib/libopencm3_stm32f1.a(usart_common_all.o)
 .debug_macro   0x00000000       0x22 /usr/lib/arm/lib/libopencm3_stm32f1.a(usart_common_all.o)
 .debug_macro   0x00000000       0xfa /usr/lib/arm/lib/libopencm3_stm32f1.a(usart_common_all.o)
 .debug_macro   0x00000000       0x58 /usr/lib/arm/lib/libopencm3_stm32f1.a(usart_common_all.o)
 .debug_macro   0x00000000      0x1b4 /usr/lib/arm/lib/libopencm3_stm32f1.a(usart_common_all.o)
 .debug_macro   0x00000000       0x8e /usr/lib/arm/lib/libopencm3_stm32f1.a(usart_common_all.o)
 .debug_macro   0x00000000      0x273 /usr/lib/arm/lib/libopencm3_stm32f1.a(usart_common_all.o)
 .debug_macro   0x00000000      0x825 /usr/lib/arm/lib/libopencm3_stm32f1.a(usart_common_all.o)
 .debug_line    0x00000000      0x39a /usr/lib/arm/lib/libopencm3_stm32f1.a(usart_common_all.o)
 .debug_str     0x00000000     0x73b0 /usr/lib/arm/lib/libopencm3_stm32f1.a(usart_common_all.o)
 .comment       0x00000000       0x2e /usr/lib/arm/lib/libopencm3_stm32f1.a(usart_common_all.o)
 .debug_frame   0x00000000      0x164 /usr/lib/arm/lib/libopencm3_stm32f1.a(usart_common_all.o)
 .ARM.attributes
                0x00000000       0x33 /usr/lib/arm/lib/libopencm3_stm32f1.a(usart_common_all.o)
 .group         0x00000000        0x8 /usr/lib/arm/lib/libopencm3_stm32f1.a(usart_common_f124.o)
 .group         0x00000000        0x8 /usr/lib/arm/lib/libopencm3_stm32f1.a(usart_common_f124.o)
 .group         0x00000000        0x8 /usr/lib/arm/lib/libopencm3_stm32f1.a(usart_common_f124.o)
 .group         0x00000000        0x8 /usr/lib/arm/lib/libopencm3_stm32f1.a(usart_common_f124.o)
 .group         0x00000000        0x8 /usr/lib/arm/lib/libopencm3_stm32f1.a(usart_common_f124.o)
 .group         0x00000000        0x8 /usr/lib/arm/lib/libopencm3_stm32f1.a(usart_common_f124.o)
 .group         0x00000000        0x8 /usr/lib/arm/lib/libopencm3_stm32f1.a(usart_common_f124.o)
 .group         0x00000000        0x8 /usr/lib/arm/lib/libopencm3_stm32f1.a(usart_common_f124.o)
 .group         0x00000000        0x8 /usr/lib/arm/lib/libopencm3_stm32f1.a(usart_common_f124.o)
 .group         0x00000000        0x8 /usr/lib/arm/lib/libopencm3_stm32f1.a(usart_common_f124.o)
 .group         0x00000000        0x8 /usr/lib/arm/lib/libopencm3_stm32f1.a(usart_common_f124.o)
 .text          0x00000000        0x0 /usr/lib/arm/lib/libopencm3_stm32f1.a(usart_common_f124.o)
 .data          0x00000000        0x0 /usr/lib/arm/lib/libopencm3_stm32f1.a(usart_common_f124.o)
 .bss           0x00000000        0x0 /usr/lib/arm/lib/libopencm3_stm32f1.a(usart_common_f124.o)
 .text.usart_send
                0x00000000        0x8 /usr/lib/arm/lib/libopencm3_stm32f1.a(usart_common_f124.o)
 .text.usart_recv
                0x00000000        0x8 /usr/lib/arm/lib/libopencm3_stm32f1.a(usart_common_f124.o)
 .text.usart_wait_send_ready
                0x00000000        0x8 /usr/lib/arm/lib/libopencm3_stm32f1.a(usart_common_f124.o)
 .text.usart_wait_recv_ready
                0x00000000        0x8 /usr/lib/arm/lib/libopencm3_stm32f1.a(usart_common_f124.o)
 .text.usart_get_flag
                0x00000000        0xc /usr/lib/arm/lib/libopencm3_stm32f1.a(usart_common_f124.o)
 .text.usart_get_interrupt_source
                0x00000000       0x30 /usr/lib/arm/lib/libopencm3_stm32f1.a(usart_common_f124.o)
 .debug_info    0x00000000      0x1bb /usr/lib/arm/lib/libopencm3_stm32f1.a(usart_common_f124.o)
 .debug_abbrev  0x00000000       0xb7 /usr/lib/arm/lib/libopencm3_stm32f1.a(usart_common_f124.o)
 .debug_loc     0x00000000       0xd4 /usr/lib/arm/lib/libopencm3_stm32f1.a(usart_common_f124.o)
 .debug_aranges
                0x00000000       0x48 /usr/lib/arm/lib/libopencm3_stm32f1.a(usart_common_f124.o)
 .debug_ranges  0x00000000       0x38 /usr/lib/arm/lib/libopencm3_stm32f1.a(usart_common_f124.o)
 .debug_macro   0x00000000       0xba /usr/lib/arm/lib/libopencm3_stm32f1.a(usart_common_f124.o)
 .debug_macro   0x00000000      0x844 /usr/lib/arm/lib/libopencm3_stm32f1.a(usart_common_f124.o)
 .debug_macro   0x00000000       0x16 /usr/lib/arm/lib/libopencm3_stm32f1.a(usart_common_f124.o)
 .debug_macro   0x00000000       0x44 /usr/lib/arm/lib/libopencm3_stm32f1.a(usart_common_f124.o)
 .debug_macro   0x00000000      0x209 /usr/lib/arm/lib/libopencm3_stm32f1.a(usart_common_f124.o)
 .debug_macro   0x00000000       0x22 /usr/lib/arm/lib/libopencm3_stm32f1.a(usart_common_f124.o)
 .debug_macro   0x00000000       0xfa /usr/lib/arm/lib/libopencm3_stm32f1.a(usart_common_f124.o)
 .debug_macro   0x00000000       0x58 /usr/lib/arm/lib/libopencm3_stm32f1.a(usart_common_f124.o)
 .debug_macro   0x00000000      0x1b4 /usr/lib/arm/lib/libopencm3_stm32f1.a(usart_common_f124.o)
 .debug_macro   0x00000000       0x8e /usr/lib/arm/lib/libopencm3_stm32f1.a(usart_common_f124.o)
 .debug_macro   0x00000000      0x273 /usr/lib/arm/lib/libopencm3_stm32f1.a(usart_common_f124.o)
 .debug_macro   0x00000000      0x825 /usr/lib/arm/lib/libopencm3_stm32f1.a(usart_common_f124.o)
 .debug_line    0x00000000      0x2aa /usr/lib/arm/lib/libopencm3_stm32f1.a(usart_common_f124.o)
 .debug_str     0x00000000     0x71e8 /usr/lib/arm/lib/libopencm3_stm32f1.a(usart_common_f124.o)
 .comment       0x00000000       0x2e /usr/lib/arm/lib/libopencm3_stm32f1.a(usart_common_f124.o)
 .debug_frame   0x00000000       0x70 /usr/lib/arm/lib/libopencm3_stm32f1.a(usart_common_f124.o)
 .ARM.attributes
                0x00000000       0x33 /usr/lib/arm/lib/libopencm3_stm32f1.a(usart_common_f124.o)
 .group         0x00000000        0x8 /usr/lib/arm/lib/libopencm3_stm32f1.a(rcc_common_all.o)
 .group         0x00000000        0x8 /usr/lib/arm/lib/libopencm3_stm32f1.a(rcc_common_all.o)
 .group         0x00000000        0x8 /usr/lib/arm/lib/libopencm3_stm32f1.a(rcc_common_all.o)
 .group         0x00000000        0x8 /usr/lib/arm/lib/libopencm3_stm32f1.a(rcc_common_all.o)
 .group         0x00000000        0x8 /usr/lib/arm/lib/libopencm3_stm32f1.a(rcc_common_all.o)
 .group         0x00000000        0x8 /usr/lib/arm/lib/libopencm3_stm32f1.a(rcc_common_all.o)
 .group         0x00000000        0x8 /usr/lib/arm/lib/libopencm3_stm32f1.a(rcc_common_all.o)
 .group         0x00000000        0x8 /usr/lib/arm/lib/libopencm3_stm32f1.a(rcc_common_all.o)
 .group         0x00000000        0x8 /usr/lib/arm/lib/libopencm3_stm32f1.a(rcc_common_all.o)
 .text          0x00000000        0x0 /usr/lib/arm/lib/libopencm3_stm32f1.a(rcc_common_all.o)
 .data          0x00000000        0x0 /usr/lib/arm/lib/libopencm3_stm32f1.a(rcc_common_all.o)
 .bss           0x00000000        0x0 /usr/lib/arm/lib/libopencm3_stm32f1.a(rcc_common_all.o)
 .text.rcc_peripheral_enable_clock
                0x00000000        0x8 /usr/lib/arm/lib/libopencm3_stm32f1.a(rcc_common_all.o)
 .text.rcc_peripheral_disable_clock
                0x00000000        0xa /usr/lib/arm/lib/libopencm3_stm32f1.a(rcc_common_all.o)
 .text.rcc_peripheral_reset
                0x00000000        0x8 /usr/lib/arm/lib/libopencm3_stm32f1.a(rcc_common_all.o)
 .text.rcc_peripheral_clear_reset
                0x00000000        0xa /usr/lib/arm/lib/libopencm3_stm32f1.a(rcc_common_all.o)
 .text.rcc_periph_clock_disable
                0x00000000       0x1e /usr/lib/arm/lib/libopencm3_stm32f1.a(rcc_common_all.o)
 .text.rcc_periph_reset_hold
                0x00000000       0x1c /usr/lib/arm/lib/libopencm3_stm32f1.a(rcc_common_all.o)
 .text.rcc_periph_reset_release
                0x00000000       0x1e /usr/lib/arm/lib/libopencm3_stm32f1.a(rcc_common_all.o)
 .text.rcc_set_mco
                0x00000000       0x14 /usr/lib/arm/lib/libopencm3_stm32f1.a(rcc_common_all.o)
 .debug_macro   0x00000000      0x844 /usr/lib/arm/lib/libopencm3_stm32f1.a(rcc_common_all.o)
 .debug_macro   0x00000000       0x16 /usr/lib/arm/lib/libopencm3_stm32f1.a(rcc_common_all.o)
 .debug_macro   0x00000000       0x44 /usr/lib/arm/lib/libopencm3_stm32f1.a(rcc_common_all.o)
 .debug_macro   0x00000000      0x209 /usr/lib/arm/lib/libopencm3_stm32f1.a(rcc_common_all.o)
 .debug_macro   0x00000000       0x22 /usr/lib/arm/lib/libopencm3_stm32f1.a(rcc_common_all.o)
 .debug_macro   0x00000000       0xfa /usr/lib/arm/lib/libopencm3_stm32f1.a(rcc_common_all.o)
 .debug_macro   0x00000000       0x58 /usr/lib/arm/lib/libopencm3_stm32f1.a(rcc_common_all.o)
 .debug_macro   0x00000000      0x1b4 /usr/lib/arm/lib/libopencm3_stm32f1.a(rcc_common_all.o)
 .debug_macro   0x00000000      0x825 /usr/lib/arm/lib/libopencm3_stm32f1.a(rcc_common_all.o)
 .group         0x00000000        0x8 /usr/lib/arm/lib/libopencm3_stm32f1.a(flash_common_f01.o)
 .group         0x00000000        0x8 /usr/lib/arm/lib/libopencm3_stm32f1.a(flash_common_f01.o)
 .group         0x00000000        0x8 /usr/lib/arm/lib/libopencm3_stm32f1.a(flash_common_f01.o)
 .group         0x00000000        0x8 /usr/lib/arm/lib/libopencm3_stm32f1.a(flash_common_f01.o)
 .group         0x00000000        0x8 /usr/lib/arm/lib/libopencm3_stm32f1.a(flash_common_f01.o)
 .group         0x00000000        0x8 /usr/lib/arm/lib/libopencm3_stm32f1.a(flash_common_f01.o)
 .group         0x00000000        0x8 /usr/lib/arm/lib/libopencm3_stm32f1.a(flash_common_f01.o)
 .group         0x00000000        0x8 /usr/lib/arm/lib/libopencm3_stm32f1.a(flash_common_f01.o)
 .group         0x00000000        0x8 /usr/lib/arm/lib/libopencm3_stm32f1.a(flash_common_f01.o)
 .group         0x00000000        0x8 /usr/lib/arm/lib/libopencm3_stm32f1.a(flash_common_f01.o)
 .text          0x00000000        0x0 /usr/lib/arm/lib/libopencm3_stm32f1.a(flash_common_f01.o)
 .data          0x00000000        0x0 /usr/lib/arm/lib/libopencm3_stm32f1.a(flash_common_f01.o)
 .bss           0x00000000        0x0 /usr/lib/arm/lib/libopencm3_stm32f1.a(flash_common_f01.o)
 .text.flash_prefetch_buffer_enable
                0x00000000       0x10 /usr/lib/arm/lib/libopencm3_stm32f1.a(flash_common_f01.o)
 .text.flash_prefetch_buffer_disable
                0x00000000       0x10 /usr/lib/arm/lib/libopencm3_stm32f1.a(flash_common_f01.o)
 .text.flash_unlock
                0x00000000       0x24 /usr/lib/arm/lib/libopencm3_stm32f1.a(flash_common_f01.o)
 .text.flash_lock
                0x00000000       0x10 /usr/lib/arm/lib/libopencm3_stm32f1.a(flash_common_f01.o)
 .text.flash_clear_pgerr_flag
                0x00000000       0x10 /usr/lib/arm/lib/libopencm3_stm32f1.a(flash_common_f01.o)
 .text.flash_clear_eop_flag
                0x00000000       0x10 /usr/lib/arm/lib/libopencm3_stm32f1.a(flash_common_f01.o)
 .text.flash_clear_wrprterr_flag
                0x00000000       0x10 /usr/lib/arm/lib/libopencm3_stm32f1.a(flash_common_f01.o)
 .text.flash_clear_bsy_flag
                0x00000000       0x10 /usr/lib/arm/lib/libopencm3_stm32f1.a(flash_common_f01.o)
 .text.flash_wait_for_last_operation
                0x00000000        0xc /usr/lib/arm/lib/libopencm3_stm32f1.a(flash_common_f01.o)
 .text.flash_program_word
                0x00000000       0x18 /usr/lib/arm/lib/libopencm3_stm32f1.a(flash_common_f01.o)
 .text.flash_unlock_option_bytes
                0x00000000       0x18 /usr/lib/arm/lib/libopencm3_stm32f1.a(flash_common_f01.o)
 .text.flash_erase_option_bytes
                0x00000000       0x34 /usr/lib/arm/lib/libopencm3_stm32f1.a(flash_common_f01.o)
 .text.flash_program_option_bytes
                0x00000000       0x34 /usr/lib/arm/lib/libopencm3_stm32f1.a(flash_common_f01.o)
 .debug_macro   0x00000000      0x844 /usr/lib/arm/lib/libopencm3_stm32f1.a(flash_common_f01.o)
 .debug_macro   0x00000000       0x16 /usr/lib/arm/lib/libopencm3_stm32f1.a(flash_common_f01.o)
 .debug_macro   0x00000000       0x44 /usr/lib/arm/lib/libopencm3_stm32f1.a(flash_common_f01.o)
 .debug_macro   0x00000000      0x209 /usr/lib/arm/lib/libopencm3_stm32f1.a(flash_common_f01.o)
 .debug_macro   0x00000000       0x22 /usr/lib/arm/lib/libopencm3_stm32f1.a(flash_common_f01.o)
 .debug_macro   0x00000000       0xfa /usr/lib/arm/lib/libopencm3_stm32f1.a(flash_common_f01.o)
 .debug_macro   0x00000000       0x58 /usr/lib/arm/lib/libopencm3_stm32f1.a(flash_common_f01.o)
 .debug_macro   0x00000000      0x1b4 /usr/lib/arm/lib/libopencm3_stm32f1.a(flash_common_f01.o)
 .debug_macro   0x00000000       0xdc /usr/lib/arm/lib/libopencm3_stm32f1.a(flash_common_f01.o)
 .debug_macro   0x00000000       0x82 /usr/lib/arm/lib/libopencm3_stm32f1.a(flash_common_f01.o)
 .group         0x00000000        0x8 /usr/lib/arm/lib/libopencm3_stm32f1.a(vector.o)
 .group         0x00000000        0x8 /usr/lib/arm/lib/libopencm3_stm32f1.a(vector.o)
 .group         0x00000000        0x8 /usr/lib/arm/lib/libopencm3_stm32f1.a(vector.o)
 .group         0x00000000        0x8 /usr/lib/arm/lib/libopencm3_stm32f1.a(vector.o)
 .group         0x00000000        0x8 /usr/lib/arm/lib/libopencm3_stm32f1.a(vector.o)
 .group         0x00000000        0x8 /usr/lib/arm/lib/libopencm3_stm32f1.a(vector.o)
 .group         0x00000000        0x8 /usr/lib/arm/lib/libopencm3_stm32f1.a(vector.o)
 .group         0x00000000        0x8 /usr/lib/arm/lib/libopencm3_stm32f1.a(vector.o)
 .group         0x00000000        0x8 /usr/lib/arm/lib/libopencm3_stm32f1.a(vector.o)
 .group         0x00000000        0x8 /usr/lib/arm/lib/libopencm3_stm32f1.a(vector.o)
 .text          0x00000000        0x0 /usr/lib/arm/lib/libopencm3_stm32f1.a(vector.o)
 .data          0x00000000        0x0 /usr/lib/arm/lib/libopencm3_stm32f1.a(vector.o)
 .bss           0x00000000        0x0 /usr/lib/arm/lib/libopencm3_stm32f1.a(vector.o)
 .debug_macro   0x00000000      0x844 /usr/lib/arm/lib/libopencm3_stm32f1.a(vector.o)
 .debug_macro   0x00000000       0x58 /usr/lib/arm/lib/libopencm3_stm32f1.a(vector.o)
 .debug_macro   0x00000000       0x16 /usr/lib/arm/lib/libopencm3_stm32f1.a(vector.o)
 .debug_macro   0x00000000       0x44 /usr/lib/arm/lib/libopencm3_stm32f1.a(vector.o)
 .debug_macro   0x00000000      0x209 /usr/lib/arm/lib/libopencm3_stm32f1.a(vector.o)
 .debug_macro   0x00000000       0x22 /usr/lib/arm/lib/libopencm3_stm32f1.a(vector.o)
 .debug_macro   0x00000000       0xfa /usr/lib/arm/lib/libopencm3_stm32f1.a(vector.o)
 .group         0x00000000        0x8 /usr/lib/arm/lib/libopencm3_stm32f1.a(assert.o)
 .group         0x00000000        0x8 /usr/lib/arm/lib/libopencm3_stm32f1.a(assert.o)
 .group         0x00000000        0x8 /usr/lib/arm/lib/libopencm3_stm32f1.a(assert.o)
 .group         0x00000000        0x8 /usr/lib/arm/lib/libopencm3_stm32f1.a(assert.o)
 .group         0x00000000        0x8 /usr/lib/arm/lib/libopencm3_stm32f1.a(assert.o)
 .group         0x00000000        0x8 /usr/lib/arm/lib/libopencm3_stm32f1.a(assert.o)
 .group         0x00000000        0x8 /usr/lib/arm/lib/libopencm3_stm32f1.a(assert.o)
 .text          0x00000000        0x0 /usr/lib/arm/lib/libopencm3_stm32f1.a(assert.o)
 .data          0x00000000        0x0 /usr/lib/arm/lib/libopencm3_stm32f1.a(assert.o)
 .bss           0x00000000        0x0 /usr/lib/arm/lib/libopencm3_stm32f1.a(assert.o)
 .text.cm3_assert_failed
                0x00000000        0x2 /usr/lib/arm/lib/libopencm3_stm32f1.a(assert.o)
 .text.cm3_assert_failed_verbose
                0x00000000        0x6 /usr/lib/arm/lib/libopencm3_stm32f1.a(assert.o)
 .debug_info    0x00000000       0xee /usr/lib/arm/lib/libopencm3_stm32f1.a(assert.o)
 .debug_abbrev  0x00000000       0x89 /usr/lib/arm/lib/libopencm3_stm32f1.a(assert.o)
 .debug_loc     0x00000000       0x84 /usr/lib/arm/lib/libopencm3_stm32f1.a(assert.o)
 .debug_aranges
                0x00000000       0x28 /usr/lib/arm/lib/libopencm3_stm32f1.a(assert.o)
 .debug_ranges  0x00000000       0x18 /usr/lib/arm/lib/libopencm3_stm32f1.a(assert.o)
 .debug_macro   0x00000000       0x69 /usr/lib/arm/lib/libopencm3_stm32f1.a(assert.o)
 .debug_macro   0x00000000      0x844 /usr/lib/arm/lib/libopencm3_stm32f1.a(assert.o)
 .debug_macro   0x00000000       0x16 /usr/lib/arm/lib/libopencm3_stm32f1.a(assert.o)
 .debug_macro   0x00000000       0x44 /usr/lib/arm/lib/libopencm3_stm32f1.a(assert.o)
 .debug_macro   0x00000000      0x209 /usr/lib/arm/lib/libopencm3_stm32f1.a(assert.o)
 .debug_macro   0x00000000       0x22 /usr/lib/arm/lib/libopencm3_stm32f1.a(assert.o)
 .debug_macro   0x00000000       0xfa /usr/lib/arm/lib/libopencm3_stm32f1.a(assert.o)
 .debug_macro   0x00000000       0x16 /usr/lib/arm/lib/libopencm3_stm32f1.a(assert.o)
 .debug_line    0x00000000      0x141 /usr/lib/arm/lib/libopencm3_stm32f1.a(assert.o)
 .debug_str     0x00000000     0x3305 /usr/lib/arm/lib/libopencm3_stm32f1.a(assert.o)
 .comment       0x00000000       0x2e /usr/lib/arm/lib/libopencm3_stm32f1.a(assert.o)
 .debug_frame   0x00000000       0x38 /usr/lib/arm/lib/libopencm3_stm32f1.a(assert.o)
 .ARM.attributes
                0x00000000       0x33 /usr/lib/arm/lib/libopencm3_stm32f1.a(assert.o)
 .group         0x00000000        0x8 /usr/lib/arm/lib/libopencm3_stm32f1.a(flash.o)
 .group         0x00000000        0x8 /usr/lib/arm/lib/libopencm3_stm32f1.a(flash.o)
 .group         0x00000000        0x8 /usr/lib/arm/lib/libopencm3_stm32f1.a(flash.o)
 .group         0x00000000        0x8 /usr/lib/arm/lib/libopencm3_stm32f1.a(flash.o)
 .group         0x00000000        0x8 /usr/lib/arm/lib/libopencm3_stm32f1.a(flash.o)
 .group         0x00000000        0x8 /usr/lib/arm/lib/libopencm3_stm32f1.a(flash.o)
 .group         0x00000000        0x8 /usr/lib/arm/lib/libopencm3_stm32f1.a(flash.o)
 .group         0x00000000        0x8 /usr/lib/arm/lib/libopencm3_stm32f1.a(flash.o)
 .group         0x00000000        0x8 /usr/lib/arm/lib/libopencm3_stm32f1.a(flash.o)
 .group         0x00000000        0x8 /usr/lib/arm/lib/libopencm3_stm32f1.a(flash.o)
 .text          0x00000000        0x0 /usr/lib/arm/lib/libopencm3_stm32f1.a(flash.o)
 .data          0x00000000        0x0 /usr/lib/arm/lib/libopencm3_stm32f1.a(flash.o)
 .bss           0x00000000        0x0 /usr/lib/arm/lib/libopencm3_stm32f1.a(flash.o)
 .text.flash_halfcycle_enable
                0x00000000       0x10 /usr/lib/arm/lib/libopencm3_stm32f1.a(flash.o)
 .text.flash_halfcycle_disable
                0x00000000       0x10 /usr/lib/arm/lib/libopencm3_stm32f1.a(flash.o)
 .text.flash_unlock_upper
                0x00000000       0x34 /usr/lib/arm/lib/libopencm3_stm32f1.a(flash.o)
 .text.flash_lock_upper
                0x00000000       0x10 /usr/lib/arm/lib/libopencm3_stm32f1.a(flash.o)
 .text.flash_clear_pgerr_flag_upper
                0x00000000       0x20 /usr/lib/arm/lib/libopencm3_stm32f1.a(flash.o)
 .text.flash_clear_eop_flag_upper
                0x00000000       0x20 /usr/lib/arm/lib/libopencm3_stm32f1.a(flash.o)
 .text.flash_clear_wrprterr_flag_upper
                0x00000000       0x20 /usr/lib/arm/lib/libopencm3_stm32f1.a(flash.o)
 .text.flash_clear_bsy_flag_upper
                0x00000000       0x20 /usr/lib/arm/lib/libopencm3_stm32f1.a(flash.o)
 .text.flash_clear_status_flags
                0x00000000       0x38 /usr/lib/arm/lib/libopencm3_stm32f1.a(flash.o)
 .text.flash_get_status_flags
                0x00000000       0x28 /usr/lib/arm/lib/libopencm3_stm32f1.a(flash.o)
 .text.flash_program_half_word
                0x00000000       0x64 /usr/lib/arm/lib/libopencm3_stm32f1.a(flash.o)
 .text.flash_erase_page
                0x00000000       0x7c /usr/lib/arm/lib/libopencm3_stm32f1.a(flash.o)
 .text.flash_erase_all_pages
                0x00000000       0x48 /usr/lib/arm/lib/libopencm3_stm32f1.a(flash.o)
 .debug_info    0x00000000      0x27f /usr/lib/arm/lib/libopencm3_stm32f1.a(flash.o)
 .debug_abbrev  0x00000000       0xf9 /usr/lib/arm/lib/libopencm3_stm32f1.a(flash.o)
 .debug_loc     0x00000000       0x9c /usr/lib/arm/lib/libopencm3_stm32f1.a(flash.o)
 .debug_aranges
                0x00000000       0x80 /usr/lib/arm/lib/libopencm3_stm32f1.a(flash.o)
 .debug_ranges  0x00000000       0x70 /usr/lib/arm/lib/libopencm3_stm32f1.a(flash.o)
 .debug_macro   0x00000000       0xa8 /usr/lib/arm/lib/libopencm3_stm32f1.a(flash.o)
 .debug_macro   0x00000000      0x844 /usr/lib/arm/lib/libopencm3_stm32f1.a(flash.o)
 .debug_macro   0x00000000       0x16 /usr/lib/arm/lib/libopencm3_stm32f1.a(flash.o)
 .debug_macro   0x00000000       0x44 /usr/lib/arm/lib/libopencm3_stm32f1.a(flash.o)
 .debug_macro   0x00000000      0x209 /usr/lib/arm/lib/libopencm3_stm32f1.a(flash.o)
 .debug_macro   0x00000000       0x22 /usr/lib/arm/lib/libopencm3_stm32f1.a(flash.o)
 .debug_macro   0x00000000       0xfa /usr/lib/arm/lib/libopencm3_stm32f1.a(flash.o)
 .debug_macro   0x00000000       0x58 /usr/lib/arm/lib/libopencm3_stm32f1.a(flash.o)
 .debug_macro   0x00000000      0x1b4 /usr/lib/arm/lib/libopencm3_stm32f1.a(flash.o)
 .debug_macro   0x00000000       0xdc /usr/lib/arm/lib/libopencm3_stm32f1.a(flash.o)
 .debug_macro   0x00000000       0x82 /usr/lib/arm/lib/libopencm3_stm32f1.a(flash.o)
 .debug_line    0x00000000      0x2fc /usr/lib/arm/lib/libopencm3_stm32f1.a(flash.o)
 .debug_str     0x00000000     0x4866 /usr/lib/arm/lib/libopencm3_stm32f1.a(flash.o)
 .comment       0x00000000       0x2e /usr/lib/arm/lib/libopencm3_stm32f1.a(flash.o)
 .debug_frame   0x00000000      0x104 /usr/lib/arm/lib/libopencm3_stm32f1.a(flash.o)
 .ARM.attributes
                0x00000000       0x33 /usr/lib/arm/lib/libopencm3_stm32f1.a(flash.o)

Memory Configuration

Name             Origin             Length             Attributes
ram              0x20000000         0x00005000         xrw
rom              0x08000000         0x00010000         xr
*default*        0x00000000         0xffffffff

Linker script and memory map

LOAD main.o
LOAD /usr/lib/arm/lib/libopencm3_stm32f1.a
START GROUP
LOAD /usr/lib/gcc/arm-none-eabi/4.8/../../../arm-none-eabi/lib/libc.a
LOAD /usr/lib/gcc/arm-none-eabi/4.8/libgcc.a
LOAD /usr/lib/gcc/arm-none-eabi/4.8/../../../arm-none-eabi/lib/libnosys.a
END GROUP
LOAD /usr/lib/gcc/arm-none-eabi/4.8/../../../arm-none-eabi/lib/libm.a
START GROUP
LOAD /usr/lib/gcc/arm-none-eabi/4.8/libgcc.a
LOAD /usr/lib/gcc/arm-none-eabi/4.8/../../../arm-none-eabi/lib/libc.a
END GROUP

.text           0x08000000      0x92c
 *(.vectors)
 .vectors       0x08000000      0x150 /usr/lib/arm/lib/libopencm3_stm32f1.a(vector.o)
                0x08000000                vector_table
 *(.text*)
 .text.clock_setup
                0x08000150       0x1c main.o
                0x08000150                clock_setup
 .text.gpio_setup
                0x0800016c       0x5c main.o
                0x0800016c                gpio_setup
 .text.pwm_setup
                0x080001c8       0x90 main.o
                0x080001c8                pwm_setup
 .text.main     0x08000258       0x14 main.o
                0x08000258                main
 .text.gpio_set_mode
                0x0800026c       0x70 /usr/lib/arm/lib/libopencm3_stm32f1.a(gpio.o)
                0x0800026c                gpio_set_mode
 .text.rcc_osc_on.part.0
                0x080002dc       0x10 /usr/lib/arm/lib/libopencm3_stm32f1.a(rcc.o)
 .text.rcc_wait_for_osc_ready
                0x080002ec       0x64 /usr/lib/arm/lib/libopencm3_stm32f1.a(rcc.o)
                0x080002ec                rcc_wait_for_osc_ready
 .text.rcc_osc_on
                0x08000350       0x54 /usr/lib/arm/lib/libopencm3_stm32f1.a(rcc.o)
                0x08000350                rcc_osc_on
 .text.rcc_set_sysclk_source
                0x080003a4       0x14 /usr/lib/arm/lib/libopencm3_stm32f1.a(rcc.o)
                0x080003a4                rcc_set_sysclk_source
 .text.rcc_set_pll_multiplication_factor
                0x080003b8       0x14 /usr/lib/arm/lib/libopencm3_stm32f1.a(rcc.o)
                0x080003b8                rcc_set_pll_multiplication_factor
 .text.rcc_set_pll_source
                0x080003cc       0x14 /usr/lib/arm/lib/libopencm3_stm32f1.a(rcc.o)
                0x080003cc                rcc_set_pll_source
 .text.rcc_set_pllxtpre
                0x080003e0       0x14 /usr/lib/arm/lib/libopencm3_stm32f1.a(rcc.o)
                0x080003e0                rcc_set_pllxtpre
 .text.rcc_set_adcpre
                0x080003f4       0x14 /usr/lib/arm/lib/libopencm3_stm32f1.a(rcc.o)
                0x080003f4                rcc_set_adcpre
 .text.rcc_set_ppre2
                0x08000408       0x14 /usr/lib/arm/lib/libopencm3_stm32f1.a(rcc.o)
                0x08000408                rcc_set_ppre2
 .text.rcc_set_ppre1
                0x0800041c       0x14 /usr/lib/arm/lib/libopencm3_stm32f1.a(rcc.o)
                0x0800041c                rcc_set_ppre1
 .text.rcc_set_hpre
                0x08000430       0x14 /usr/lib/arm/lib/libopencm3_stm32f1.a(rcc.o)
                0x08000430                rcc_set_hpre
 .text.rcc_clock_setup_in_hse_8mhz_out_72mhz
                0x08000444       0x8c /usr/lib/arm/lib/libopencm3_stm32f1.a(rcc.o)
                0x08000444                rcc_clock_setup_in_hse_8mhz_out_72mhz
 .text.timer_reset
                0x080004d0       0x80 /usr/lib/arm/lib/libopencm3_stm32f1.a(timer_common_all.o)
                0x080004d0                timer_reset
 .text.timer_set_mode
                0x08000550       0x12 /usr/lib/arm/lib/libopencm3_stm32f1.a(timer_common_all.o)
                0x08000550                timer_set_mode
 .text.timer_enable_preload
                0x08000562        0xa /usr/lib/arm/lib/libopencm3_stm32f1.a(timer_common_all.o)
                0x08000562                timer_enable_preload
 .text.timer_continuous_mode
                0x0800056c        0xa /usr/lib/arm/lib/libopencm3_stm32f1.a(timer_common_all.o)
                0x0800056c                timer_continuous_mode
 .text.timer_enable_counter
                0x08000576        0xa /usr/lib/arm/lib/libopencm3_stm32f1.a(timer_common_all.o)
                0x08000576                timer_enable_counter
 .text.timer_set_prescaler
                0x08000580        0x4 /usr/lib/arm/lib/libopencm3_stm32f1.a(timer_common_all.o)
                0x08000580                timer_set_prescaler
 .text.timer_set_period
                0x08000584        0x4 /usr/lib/arm/lib/libopencm3_stm32f1.a(timer_common_all.o)
                0x08000584                timer_set_period
 .text.timer_set_oc_mode
                0x08000588      0x198 /usr/lib/arm/lib/libopencm3_stm32f1.a(timer_common_all.o)
                0x08000588                timer_set_oc_mode
 .text.timer_enable_oc_preload
                0x08000720       0x34 /usr/lib/arm/lib/libopencm3_stm32f1.a(timer_common_all.o)
                0x08000720                timer_enable_oc_preload
 .text.timer_set_oc_polarity_high
                0x08000754       0x68 /usr/lib/arm/lib/libopencm3_stm32f1.a(timer_common_all.o)
                0x08000754                timer_set_oc_polarity_high
 .text.timer_enable_oc_output
                0x080007bc       0x68 /usr/lib/arm/lib/libopencm3_stm32f1.a(timer_common_all.o)
                0x080007bc                timer_enable_oc_output
 .text.timer_set_oc_value
                0x08000824       0x20 /usr/lib/arm/lib/libopencm3_stm32f1.a(timer_common_all.o)
                0x08000824                timer_set_oc_value
 .text.rcc_periph_clock_enable
                0x08000844       0x1c /usr/lib/arm/lib/libopencm3_stm32f1.a(rcc_common_all.o)
                0x08000844                rcc_periph_clock_enable
 .text.rcc_periph_reset_pulse
                0x08000860       0x24 /usr/lib/arm/lib/libopencm3_stm32f1.a(rcc_common_all.o)
                0x08000860                rcc_periph_reset_pulse
 .text.flash_set_ws
                0x08000884       0x14 /usr/lib/arm/lib/libopencm3_stm32f1.a(flash_common_f01.o)
                0x08000884                flash_set_ws
 .text.blocking_handler
                0x08000898        0x2 /usr/lib/arm/lib/libopencm3_stm32f1.a(vector.o)
                0x08000898                usart3_isr
                0x08000898                rtc_isr
                0x08000898                tim7_isr
                0x08000898                adc1_2_isr
                0x08000898                tim1_trg_com_isr
                0x08000898                usb_hp_can_tx_isr
                0x08000898                tim6_isr
                0x08000898                usb_wakeup_isr
                0x08000898                blocking_handler
                0x08000898                tim5_isr
                0x08000898                otg_fs_isr
                0x08000898                spi1_isr
                0x08000898                dma1_channel6_isr
                0x08000898                exti2_isr
                0x08000898                can_rx1_isr
                0x08000898                dma1_channel5_isr
                0x08000898                dma2_channel5_isr
                0x08000898                usart1_isr
                0x08000898                usage_fault_handler
                0x08000898                tim8_trg_com_isr
                0x08000898                can2_rx0_isr
                0x08000898                tim1_brk_isr
                0x08000898                can2_rx1_isr
                0x08000898                tim1_cc_isr
                0x08000898                sdio_isr
                0x08000898                eth_isr
                0x08000898                dma1_channel4_isr
                0x08000898                tim8_brk_isr
                0x08000898                dma2_channel4_5_isr
                0x08000898                pvd_isr
                0x08000898                rcc_isr
                0x08000898                flash_isr
                0x08000898                uart4_isr
                0x08000898                rtc_alarm_isr
                0x08000898                exti15_10_isr
                0x08000898                hard_fault_handler
                0x08000898                exti1_isr
                0x08000898                i2c1_ev_isr
                0x08000898                dma2_channel1_isr
                0x08000898                spi2_isr
                0x08000898                tim8_up_isr
                0x08000898                dma2_channel2_isr
                0x08000898                adc3_isr
                0x08000898                exti3_isr
                0x08000898                tim3_isr
                0x08000898                usart2_isr
                0x08000898                usb_lp_can_rx0_isr
                0x08000898                i2c2_er_isr
                0x08000898                i2c2_ev_isr
                0x08000898                uart5_isr
                0x08000898                fsmc_isr
                0x08000898                dma1_channel1_isr
                0x08000898                exti4_isr
                0x08000898                mem_manage_handler
                0x08000898                can2_tx_isr
                0x08000898                exti9_5_isr
                0x08000898                dma2_channel3_isr
                0x08000898                dma1_channel7_isr
                0x08000898                tim1_up_isr
                0x08000898                can2_sce_isr
                0x08000898                tim4_isr
                0x08000898                dma1_channel2_isr
                0x08000898                i2c1_er_isr
                0x08000898                can_sce_isr
                0x08000898                tim8_cc_isr
                0x08000898                tamper_isr
                0x08000898                eth_wkup_isr
                0x08000898                bus_fault_handler
                0x08000898                wwdg_isr
                0x08000898                dma1_channel3_isr
                0x08000898                spi3_isr
                0x08000898                tim2_isr
                0x08000898                exti0_isr
 .text.null_handler
                0x0800089a        0x2 /usr/lib/arm/lib/libopencm3_stm32f1.a(vector.o)
                0x0800089a                null_handler
                0x0800089a                sv_call_handler
                0x0800089a                pend_sv_handler
                0x0800089a                debug_monitor_handler
                0x0800089a                sys_tick_handler
                0x0800089a                nmi_handler
 .text.reset_handler
                0x0800089c       0x90 /usr/lib/arm/lib/libopencm3_stm32f1.a(vector.o)
                0x0800089c                reset_handler
                0x0800092c                . = ALIGN (0x4)
 *(.rodata*)
                0x0800092c                . = ALIGN (0x4)

.glue_7         0x0800092c        0x0
 .glue_7        0x0800092c        0x0 linker stubs

.glue_7t        0x0800092c        0x0
 .glue_7t       0x0800092c        0x0 linker stubs

.vfp11_veneer   0x0800092c        0x0
 .vfp11_veneer  0x0800092c        0x0 linker stubs

.v4_bx          0x0800092c        0x0
 .v4_bx         0x0800092c        0x0 linker stubs

.iplt           0x0800092c        0x0
 .iplt          0x0800092c        0x0 main.o

.rel.dyn        0x0800092c        0x0
 .rel.iplt      0x0800092c        0x0 main.o

.preinit_array  0x0800092c        0x0
                0x0800092c                . = ALIGN (0x4)
                0x0800092c                __preinit_array_start = .
 *(.preinit_array)
                0x0800092c                __preinit_array_end = .

.init_array     0x0800092c        0x0
                0x0800092c                . = ALIGN (0x4)
                0x0800092c                __init_array_start = .
 *(SORT(.init_array.*))
 *(.init_array)
                0x0800092c                __init_array_end = .

.fini_array     0x0800092c        0x0
                0x0800092c                . = ALIGN (0x4)
                0x0800092c                __fini_array_start = .
 *(.fini_array)
 *(SORT(.fini_array.*))
                0x0800092c                __fini_array_end = .

.ARM.extab
 *(.ARM.extab*)

.ARM.exidx      0x0800092c        0x0
                0x0800092c                __exidx_start = .
 *(.ARM.exidx*)
                0x0800092c                __exidx_end = .
                0x0800092c                . = ALIGN (0x4)
                0x0800092c                _etext = .

.data           0x20000000        0xc load address 0x0800092c
                0x20000000                _data = .
 *(.data*)
 .data.rcc_ahb_frequency
                0x20000000        0x4 /usr/lib/arm/lib/libopencm3_stm32f1.a(rcc.o)
                0x20000000                rcc_ahb_frequency
 .data.rcc_apb1_frequency
                0x20000004        0x4 /usr/lib/arm/lib/libopencm3_stm32f1.a(rcc.o)
                0x20000004                rcc_apb1_frequency
 .data.rcc_apb2_frequency
                0x20000008        0x4 /usr/lib/arm/lib/libopencm3_stm32f1.a(rcc.o)
                0x20000008                rcc_apb2_frequency
                0x2000000c                . = ALIGN (0x4)
                0x2000000c                _edata = .
                0x0800092c                _data_loadaddr = LOADADDR (.data)

.igot.plt       0x2000000c        0x0 load address 0x08000938
 .igot.plt      0x2000000c        0x0 main.o

.bss            0x2000000c        0x0 load address 0x08000938
 *(.bss*)
 *(COMMON)
                0x2000000c                . = ALIGN (0x4)
                0x2000000c                _ebss = .

/DISCARD/
 *(.eh_frame)
                0x2000000c                . = ALIGN (0x4)
                0x2000000c                end = .
                0x20005000                PROVIDE (_stack, (ORIGIN (ram) + 0x5000))
OUTPUT(program.elf elf32-littlearm)

.debug_info     0x00000000     0x3187
 .debug_info    0x00000000      0x321 main.o
 .debug_info    0x00000321      0x1db /usr/lib/arm/lib/libopencm3_stm32f1.a(gpio.o)
 .debug_info    0x000004fc     0x10b1 /usr/lib/arm/lib/libopencm3_stm32f1.a(rcc.o)
 .debug_info    0x000015ad     0x1181 /usr/lib/arm/lib/libopencm3_stm32f1.a(timer_common_all.o)
 .debug_info    0x0000272e      0x53a /usr/lib/arm/lib/libopencm3_stm32f1.a(rcc_common_all.o)
 .debug_info    0x00002c68      0x27f /usr/lib/arm/lib/libopencm3_stm32f1.a(flash_common_f01.o)
 .debug_info    0x00002ee7      0x2a0 /usr/lib/arm/lib/libopencm3_stm32f1.a(vector.o)

.debug_abbrev   0x00000000      0x824
 .debug_abbrev  0x00000000       0xbc main.o
 .debug_abbrev  0x000000bc       0xb7 /usr/lib/arm/lib/libopencm3_stm32f1.a(gpio.o)
 .debug_abbrev  0x00000173      0x275 /usr/lib/arm/lib/libopencm3_stm32f1.a(rcc.o)
 .debug_abbrev  0x000003e8      0x15c /usr/lib/arm/lib/libopencm3_stm32f1.a(timer_common_all.o)
 .debug_abbrev  0x00000544       0xc1 /usr/lib/arm/lib/libopencm3_stm32f1.a(rcc_common_all.o)
 .debug_abbrev  0x00000605       0xe7 /usr/lib/arm/lib/libopencm3_stm32f1.a(flash_common_f01.o)
 .debug_abbrev  0x000006ec      0x138 /usr/lib/arm/lib/libopencm3_stm32f1.a(vector.o)

.debug_aranges  0x00000000      0x580
 .debug_aranges
                0x00000000       0x50 main.o
 .debug_aranges
                0x00000050       0x38 /usr/lib/arm/lib/libopencm3_stm32f1.a(gpio.o)
 .debug_aranges
                0x00000088      0x160 /usr/lib/arm/lib/libopencm3_stm32f1.a(rcc.o)
 .debug_aranges
                0x000001e8      0x278 /usr/lib/arm/lib/libopencm3_stm32f1.a(timer_common_all.o)
 .debug_aranges
                0x00000460       0x68 /usr/lib/arm/lib/libopencm3_stm32f1.a(rcc_common_all.o)
 .debug_aranges
                0x000004c8       0x88 /usr/lib/arm/lib/libopencm3_stm32f1.a(flash_common_f01.o)
 .debug_aranges
                0x00000550       0x30 /usr/lib/arm/lib/libopencm3_stm32f1.a(vector.o)

.debug_ranges   0x00000000      0x540
 .debug_ranges  0x00000000       0x40 main.o
 .debug_ranges  0x00000040       0x28 /usr/lib/arm/lib/libopencm3_stm32f1.a(gpio.o)
 .debug_ranges  0x00000068      0x180 /usr/lib/arm/lib/libopencm3_stm32f1.a(rcc.o)
 .debug_ranges  0x000001e8      0x268 /usr/lib/arm/lib/libopencm3_stm32f1.a(timer_common_all.o)
 .debug_ranges  0x00000450       0x58 /usr/lib/arm/lib/libopencm3_stm32f1.a(rcc_common_all.o)
 .debug_ranges  0x000004a8       0x78 /usr/lib/arm/lib/libopencm3_stm32f1.a(flash_common_f01.o)
 .debug_ranges  0x00000520       0x20 /usr/lib/arm/lib/libopencm3_stm32f1.a(vector.o)

.debug_line     0x00000000     0x1a24
 .debug_line    0x00000000      0x152 main.o
 .debug_line    0x00000152      0x235 /usr/lib/arm/lib/libopencm3_stm32f1.a(gpio.o)
 .debug_line    0x00000387      0x5d3 /usr/lib/arm/lib/libopencm3_stm32f1.a(rcc.o)
 .debug_line    0x0000095a      0x8dc /usr/lib/arm/lib/libopencm3_stm32f1.a(timer_common_all.o)
 .debug_line    0x00001236      0x289 /usr/lib/arm/lib/libopencm3_stm32f1.a(rcc_common_all.o)
 .debug_line    0x000014bf      0x2f0 /usr/lib/arm/lib/libopencm3_stm32f1.a(flash_common_f01.o)
 .debug_line    0x000017af      0x275 /usr/lib/arm/lib/libopencm3_stm32f1.a(vector.o)

.debug_str      0x00000000    0x11ec6
 .debug_str     0x00000000      0x3e2 main.o
                                0x477 (size before relaxing)
 .debug_str     0x000003e2     0x75ce /usr/lib/arm/lib/libopencm3_stm32f1.a(gpio.o)
                               0x7732 (size before relaxing)
 .debug_str     0x000079b0     0x3055 /usr/lib/arm/lib/libopencm3_stm32f1.a(rcc.o)
                               0x6f72 (size before relaxing)
 .debug_str     0x0000aa05     0x4cf1 /usr/lib/arm/lib/libopencm3_stm32f1.a(timer_common_all.o)
                               0xb0c6 (size before relaxing)
 .debug_str     0x0000f6f6      0x153 /usr/lib/arm/lib/libopencm3_stm32f1.a(rcc_common_all.o)
                               0x6838 (size before relaxing)
 .debug_str     0x0000f849      0x181 /usr/lib/arm/lib/libopencm3_stm32f1.a(flash_common_f01.o)
                               0x47d9 (size before relaxing)
 .debug_str     0x0000f9ca     0x24fc /usr/lib/arm/lib/libopencm3_stm32f1.a(vector.o)
                               0x5884 (size before relaxing)

.comment        0x00000000       0x2d
 .comment       0x00000000       0x2d main.o
                                 0x2e (size before relaxing)
 .comment       0x0000002d       0x2e /usr/lib/arm/lib/libopencm3_stm32f1.a(gpio.o)
 .comment       0x0000002d       0x2e /usr/lib/arm/lib/libopencm3_stm32f1.a(rcc.o)
 .comment       0x0000002d       0x2e /usr/lib/arm/lib/libopencm3_stm32f1.a(timer_common_all.o)
 .comment       0x0000002d       0x2e /usr/lib/arm/lib/libopencm3_stm32f1.a(rcc_common_all.o)
 .comment       0x0000002d       0x2e /usr/lib/arm/lib/libopencm3_stm32f1.a(flash_common_f01.o)
 .comment       0x0000002d       0x2e /usr/lib/arm/lib/libopencm3_stm32f1.a(vector.o)

.ARM.attributes
                0x00000000       0x33
 .ARM.attributes
                0x00000000       0x33 main.o
 .ARM.attributes
                0x00000033       0x33 /usr/lib/arm/lib/libopencm3_stm32f1.a(gpio.o)
 .ARM.attributes
                0x00000066       0x33 /usr/lib/arm/lib/libopencm3_stm32f1.a(rcc.o)
 .ARM.attributes
                0x00000099       0x33 /usr/lib/arm/lib/libopencm3_stm32f1.a(timer_common_all.o)
 .ARM.attributes
                0x000000cc       0x33 /usr/lib/arm/lib/libopencm3_stm32f1.a(rcc_common_all.o)
 .ARM.attributes
                0x000000ff       0x33 /usr/lib/arm/lib/libopencm3_stm32f1.a(flash_common_f01.o)
 .ARM.attributes
                0x00000132       0x33 /usr/lib/arm/lib/libopencm3_stm32f1.a(vector.o)

.debug_frame    0x00000000      0xb04
 .debug_frame   0x00000000       0xd8 main.o
 .debug_frame   0x000000d8       0x64 /usr/lib/arm/lib/libopencm3_stm32f1.a(gpio.o)
 .debug_frame   0x0000013c      0x2e8 /usr/lib/arm/lib/libopencm3_stm32f1.a(rcc.o)
 .debug_frame   0x00000424      0x4d8 /usr/lib/arm/lib/libopencm3_stm32f1.a(timer_common_all.o)
 .debug_frame   0x000008fc       0xb0 /usr/lib/arm/lib/libopencm3_stm32f1.a(rcc_common_all.o)
 .debug_frame   0x000009ac      0x118 /usr/lib/arm/lib/libopencm3_stm32f1.a(flash_common_f01.o)
 .debug_frame   0x00000ac4       0x40 /usr/lib/arm/lib/libopencm3_stm32f1.a(vector.o)

.debug_loc      0x00000000      0xca7
 .debug_loc     0x00000000      0x175 /usr/lib/arm/lib/libopencm3_stm32f1.a(gpio.o)
 .debug_loc     0x00000175      0x338 /usr/lib/arm/lib/libopencm3_stm32f1.a(rcc.o)
 .debug_loc     0x000004ad      0x531 /usr/lib/arm/lib/libopencm3_stm32f1.a(timer_common_all.o)
 .debug_loc     0x000009de      0x14a /usr/lib/arm/lib/libopencm3_stm32f1.a(rcc_common_all.o)
 .debug_loc     0x00000b28       0xd3 /usr/lib/arm/lib/libopencm3_stm32f1.a(flash_common_f01.o)
 .debug_loc     0x00000bfb       0xac /usr/lib/arm/lib/libopencm3_stm32f1.a(vector.o)

.debug_macro    0x00000000     0x3f1a
 .debug_macro   0x00000000       0x98 /usr/lib/arm/lib/libopencm3_stm32f1.a(gpio.o)
 .debug_macro   0x00000098      0x844 /usr/lib/arm/lib/libopencm3_stm32f1.a(gpio.o)
 .debug_macro   0x000008dc       0x16 /usr/lib/arm/lib/libopencm3_stm32f1.a(gpio.o)
 .debug_macro   0x000008f2       0x44 /usr/lib/arm/lib/libopencm3_stm32f1.a(gpio.o)
 .debug_macro   0x00000936      0x209 /usr/lib/arm/lib/libopencm3_stm32f1.a(gpio.o)
 .debug_macro   0x00000b3f       0x22 /usr/lib/arm/lib/libopencm3_stm32f1.a(gpio.o)
 .debug_macro   0x00000b61       0xfa /usr/lib/arm/lib/libopencm3_stm32f1.a(gpio.o)
 .debug_macro   0x00000c5b       0x58 /usr/lib/arm/lib/libopencm3_stm32f1.a(gpio.o)
 .debug_macro   0x00000cb3      0x1b4 /usr/lib/arm/lib/libopencm3_stm32f1.a(gpio.o)
 .debug_macro   0x00000e67       0x76 /usr/lib/arm/lib/libopencm3_stm32f1.a(gpio.o)
 .debug_macro   0x00000edd      0xdfd /usr/lib/arm/lib/libopencm3_stm32f1.a(gpio.o)
 .debug_macro   0x00001cda       0xbf /usr/lib/arm/lib/libopencm3_stm32f1.a(rcc.o)
 .debug_macro   0x00001d99       0x16 /usr/lib/arm/lib/libopencm3_stm32f1.a(rcc.o)
 .debug_macro   0x00001daf      0x825 /usr/lib/arm/lib/libopencm3_stm32f1.a(rcc.o)
 .debug_macro   0x000025d4       0xdc /usr/lib/arm/lib/libopencm3_stm32f1.a(rcc.o)
 .debug_macro   0x000026b0       0x82 /usr/lib/arm/lib/libopencm3_stm32f1.a(rcc.o)
 .debug_macro   0x00002732       0xb7 /usr/lib/arm/lib/libopencm3_stm32f1.a(timer_common_all.o)
 .debug_macro   0x000027e9      0xf8f /usr/lib/arm/lib/libopencm3_stm32f1.a(timer_common_all.o)
 .debug_macro   0x00003778       0xae /usr/lib/arm/lib/libopencm3_stm32f1.a(rcc_common_all.o)
 .debug_macro   0x00003826       0x98 /usr/lib/arm/lib/libopencm3_stm32f1.a(flash_common_f01.o)
 .debug_macro   0x000038be       0xaf /usr/lib/arm/lib/libopencm3_stm32f1.a(vector.o)
 .debug_macro   0x0000396d      0x3a1 /usr/lib/arm/lib/libopencm3_stm32f1.a(vector.o)
 .debug_macro   0x00003d0e       0x6a /usr/lib/arm/lib/libopencm3_stm32f1.a(vector.o)
 .debug_macro   0x00003d78      0x1a2 /usr/lib/arm/lib/libopencm3_stm32f1.a(vector.o)
