Archive member included to satisfy reference by file (symbol)

/usr/lib/arm/lib/libopencm3_stm32f1.a(gpio.o)
                              main.o (gpio_set_mode)
/usr/lib/arm/lib/libopencm3_stm32f1.a(rcc.o)
                              main.o (rcc_clock_setup_in_hse_8mhz_out_72mhz)
/usr/lib/arm/lib/libopencm3_stm32f1.a(rcc_common_all.o)
                              main.o (rcc_periph_clock_enable)
/usr/lib/arm/lib/libopencm3_stm32f1.a(flash_common_all.o)
                              /usr/lib/arm/lib/libopencm3_stm32f1.a(rcc.o) (flash_set_ws)
/usr/lib/arm/lib/libopencm3_stm32f1.a(vector.o)
                              (reset_handler)
/usr/lib/arm/lib/libopencm3_stm32f1.a(assert.o)
                              /usr/lib/arm/lib/libopencm3_stm32f1.a(rcc.o) (cm3_assert_failed)

Discarded input sections

 .text          0x00000000        0x0 main.o
 .data          0x00000000        0x0 main.o
 .bss           0x00000000        0x0 main.o
 .text.Delay    0x00000000       0x28 main.o
 .group         0x00000000        0x8 /usr/lib/arm/lib/libopencm3_stm32f1.a(gpio.o)
 .group         0x00000000        0x8 /usr/lib/arm/lib/libopencm3_stm32f1.a(gpio.o)
 .group         0x00000000        0x8 /usr/lib/arm/lib/libopencm3_stm32f1.a(gpio.o)
 .group         0x00000000        0x8 /usr/lib/arm/lib/libopencm3_stm32f1.a(gpio.o)
 .group         0x00000000        0x8 /usr/lib/arm/lib/libopencm3_stm32f1.a(gpio.o)
 .group         0x00000000        0x8 /usr/lib/arm/lib/libopencm3_stm32f1.a(gpio.o)
 .group         0x00000000        0x8 /usr/lib/arm/lib/libopencm3_stm32f1.a(gpio.o)
 .group         0x00000000        0x8 /usr/lib/arm/lib/libopencm3_stm32f1.a(gpio.o)
 .group         0x00000000        0x8 /usr/lib/arm/lib/libopencm3_stm32f1.a(gpio.o)
 .group         0x00000000        0x8 /usr/lib/arm/lib/libopencm3_stm32f1.a(gpio.o)
 .group         0x00000000        0x8 /usr/lib/arm/lib/libopencm3_stm32f1.a(gpio.o)
 .group         0x00000000        0x8 /usr/lib/arm/lib/libopencm3_stm32f1.a(gpio.o)
 .group         0x00000000        0x8 /usr/lib/arm/lib/libopencm3_stm32f1.a(gpio.o)
 .group         0x00000000        0x8 /usr/lib/arm/lib/libopencm3_stm32f1.a(gpio.o)
 .text          0x00000000        0x0 /usr/lib/arm/lib/libopencm3_stm32f1.a(gpio.o)
 .data          0x00000000        0x0 /usr/lib/arm/lib/libopencm3_stm32f1.a(gpio.o)
 .bss           0x00000000        0x0 /usr/lib/arm/lib/libopencm3_stm32f1.a(gpio.o)
 .text.gpio_set_eventout
                0x00000000       0x10 /usr/lib/arm/lib/libopencm3_stm32f1.a(gpio.o)
 .text.gpio_primary_remap
                0x00000000       0x14 /usr/lib/arm/lib/libopencm3_stm32f1.a(gpio.o)
 .text.gpio_secondary_remap
                0x00000000       0x10 /usr/lib/arm/lib/libopencm3_stm32f1.a(gpio.o)
 .group         0x00000000        0x8 /usr/lib/arm/lib/libopencm3_stm32f1.a(rcc.o)
 .group         0x00000000        0x8 /usr/lib/arm/lib/libopencm3_stm32f1.a(rcc.o)
 .group         0x00000000        0x8 /usr/lib/arm/lib/libopencm3_stm32f1.a(rcc.o)
 .group         0x00000000        0x8 /usr/lib/arm/lib/libopencm3_stm32f1.a(rcc.o)
 .group         0x00000000        0x8 /usr/lib/arm/lib/libopencm3_stm32f1.a(rcc.o)
 .group         0x00000000        0x8 /usr/lib/arm/lib/libopencm3_stm32f1.a(rcc.o)
 .group         0x00000000        0x8 /usr/lib/arm/lib/libopencm3_stm32f1.a(rcc.o)
 .group         0x00000000        0x8 /usr/lib/arm/lib/libopencm3_stm32f1.a(rcc.o)
 .group         0x00000000        0x8 /usr/lib/arm/lib/libopencm3_stm32f1.a(rcc.o)
 .group         0x00000000        0x8 /usr/lib/arm/lib/libopencm3_stm32f1.a(rcc.o)
 .group         0x00000000        0x8 /usr/lib/arm/lib/libopencm3_stm32f1.a(rcc.o)
 .group         0x00000000        0x8 /usr/lib/arm/lib/libopencm3_stm32f1.a(rcc.o)
 .group         0x00000000        0x8 /usr/lib/arm/lib/libopencm3_stm32f1.a(rcc.o)
 .group         0x00000000        0x8 /usr/lib/arm/lib/libopencm3_stm32f1.a(rcc.o)
 .group         0x00000000        0x8 /usr/lib/arm/lib/libopencm3_stm32f1.a(rcc.o)
 .group         0x00000000        0x8 /usr/lib/arm/lib/libopencm3_stm32f1.a(rcc.o)
 .text          0x00000000        0x0 /usr/lib/arm/lib/libopencm3_stm32f1.a(rcc.o)
 .data          0x00000000        0x0 /usr/lib/arm/lib/libopencm3_stm32f1.a(rcc.o)
 .bss           0x00000000        0x0 /usr/lib/arm/lib/libopencm3_stm32f1.a(rcc.o)
 .text.rcc_osc_ready_int_clear
                0x00000000       0x5c /usr/lib/arm/lib/libopencm3_stm32f1.a(rcc.o)
 .text.rcc_osc_ready_int_enable
                0x00000000       0x5c /usr/lib/arm/lib/libopencm3_stm32f1.a(rcc.o)
 .text.rcc_osc_ready_int_disable
                0x00000000       0x5c /usr/lib/arm/lib/libopencm3_stm32f1.a(rcc.o)
 .text.rcc_osc_ready_int_flag
                0x00000000       0x54 /usr/lib/arm/lib/libopencm3_stm32f1.a(rcc.o)
 .text.rcc_css_int_clear
                0x00000000       0x10 /usr/lib/arm/lib/libopencm3_stm32f1.a(rcc.o)
 .text.rcc_css_int_flag
                0x00000000       0x10 /usr/lib/arm/lib/libopencm3_stm32f1.a(rcc.o)
 .text.rcc_osc_off
                0x00000000       0x58 /usr/lib/arm/lib/libopencm3_stm32f1.a(rcc.o)
 .text.rcc_css_enable
                0x00000000       0x10 /usr/lib/arm/lib/libopencm3_stm32f1.a(rcc.o)
 .text.rcc_css_disable
                0x00000000       0x10 /usr/lib/arm/lib/libopencm3_stm32f1.a(rcc.o)
 .text.rcc_set_pll2_multiplication_factor
                0x00000000       0x14 /usr/lib/arm/lib/libopencm3_stm32f1.a(rcc.o)
 .text.rcc_set_pll3_multiplication_factor
                0x00000000       0x14 /usr/lib/arm/lib/libopencm3_stm32f1.a(rcc.o)
 .text.rcc_rtc_clock_enabled_flag
                0x00000000       0x10 /usr/lib/arm/lib/libopencm3_stm32f1.a(rcc.o)
 .text.rcc_enable_rtc_clock
                0x00000000       0x10 /usr/lib/arm/lib/libopencm3_stm32f1.a(rcc.o)
 .text.rcc_set_rtc_clock_source
                0x00000000       0x90 /usr/lib/arm/lib/libopencm3_stm32f1.a(rcc.o)
 .text.rcc_set_usbpre
                0x00000000       0x18 /usr/lib/arm/lib/libopencm3_stm32f1.a(rcc.o)
 .text.rcc_set_prediv1
                0x00000000       0x14 /usr/lib/arm/lib/libopencm3_stm32f1.a(rcc.o)
 .text.rcc_set_prediv2
                0x00000000       0x14 /usr/lib/arm/lib/libopencm3_stm32f1.a(rcc.o)
 .text.rcc_set_prediv1_source
                0x00000000       0x18 /usr/lib/arm/lib/libopencm3_stm32f1.a(rcc.o)
 .text.rcc_system_clock_source
                0x00000000       0x10 /usr/lib/arm/lib/libopencm3_stm32f1.a(rcc.o)
 .text.rcc_clock_setup_in_hsi_out_64mhz
                0x00000000       0x74 /usr/lib/arm/lib/libopencm3_stm32f1.a(rcc.o)
 .text.rcc_clock_setup_in_hsi_out_48mhz
                0x00000000       0x84 /usr/lib/arm/lib/libopencm3_stm32f1.a(rcc.o)
 .text.rcc_clock_setup_in_hsi_out_24mhz
                0x00000000       0x70 /usr/lib/arm/lib/libopencm3_stm32f1.a(rcc.o)
 .text.rcc_clock_setup_in_hse_8mhz_out_24mhz
                0x00000000       0x88 /usr/lib/arm/lib/libopencm3_stm32f1.a(rcc.o)
 .text.rcc_clock_setup_in_hse_12mhz_out_72mhz
                0x00000000       0x8c /usr/lib/arm/lib/libopencm3_stm32f1.a(rcc.o)
 .text.rcc_clock_setup_in_hse_16mhz_out_72mhz
                0x00000000       0x8c /usr/lib/arm/lib/libopencm3_stm32f1.a(rcc.o)
 .text.rcc_clock_setup_in_hse_25mhz_out_72mhz
                0x00000000       0xac /usr/lib/arm/lib/libopencm3_stm32f1.a(rcc.o)
 .text.rcc_backupdomain_reset
                0x00000000       0x18 /usr/lib/arm/lib/libopencm3_stm32f1.a(rcc.o)
 .debug_macro   0x00000000      0x86e /usr/lib/arm/lib/libopencm3_stm32f1.a(rcc.o)
 .debug_macro   0x00000000       0x1c /usr/lib/arm/lib/libopencm3_stm32f1.a(rcc.o)
 .debug_macro   0x00000000       0x22 /usr/lib/arm/lib/libopencm3_stm32f1.a(rcc.o)
 .debug_macro   0x00000000       0x4f /usr/lib/arm/lib/libopencm3_stm32f1.a(rcc.o)
 .debug_macro   0x00000000       0x44 /usr/lib/arm/lib/libopencm3_stm32f1.a(rcc.o)
 .debug_macro   0x00000000       0xfd /usr/lib/arm/lib/libopencm3_stm32f1.a(rcc.o)
 .debug_macro   0x00000000       0x5e /usr/lib/arm/lib/libopencm3_stm32f1.a(rcc.o)
 .debug_macro   0x00000000      0x1df /usr/lib/arm/lib/libopencm3_stm32f1.a(rcc.o)
 .debug_macro   0x00000000       0x22 /usr/lib/arm/lib/libopencm3_stm32f1.a(rcc.o)
 .debug_macro   0x00000000       0xe8 /usr/lib/arm/lib/libopencm3_stm32f1.a(rcc.o)
 .debug_macro   0x00000000       0x58 /usr/lib/arm/lib/libopencm3_stm32f1.a(rcc.o)
 .debug_macro   0x00000000      0x1b4 /usr/lib/arm/lib/libopencm3_stm32f1.a(rcc.o)
 .group         0x00000000        0x8 /usr/lib/arm/lib/libopencm3_stm32f1.a(rcc_common_all.o)
 .group         0x00000000        0x8 /usr/lib/arm/lib/libopencm3_stm32f1.a(rcc_common_all.o)
 .group         0x00000000        0x8 /usr/lib/arm/lib/libopencm3_stm32f1.a(rcc_common_all.o)
 .group         0x00000000        0x8 /usr/lib/arm/lib/libopencm3_stm32f1.a(rcc_common_all.o)
 .group         0x00000000        0x8 /usr/lib/arm/lib/libopencm3_stm32f1.a(rcc_common_all.o)
 .group         0x00000000        0x8 /usr/lib/arm/lib/libopencm3_stm32f1.a(rcc_common_all.o)
 .group         0x00000000        0x8 /usr/lib/arm/lib/libopencm3_stm32f1.a(rcc_common_all.o)
 .group         0x00000000        0x8 /usr/lib/arm/lib/libopencm3_stm32f1.a(rcc_common_all.o)
 .group         0x00000000        0x8 /usr/lib/arm/lib/libopencm3_stm32f1.a(rcc_common_all.o)
 .group         0x00000000        0x8 /usr/lib/arm/lib/libopencm3_stm32f1.a(rcc_common_all.o)
 .group         0x00000000        0x8 /usr/lib/arm/lib/libopencm3_stm32f1.a(rcc_common_all.o)
 .group         0x00000000        0x8 /usr/lib/arm/lib/libopencm3_stm32f1.a(rcc_common_all.o)
 .group         0x00000000        0x8 /usr/lib/arm/lib/libopencm3_stm32f1.a(rcc_common_all.o)
 .text          0x00000000        0x0 /usr/lib/arm/lib/libopencm3_stm32f1.a(rcc_common_all.o)
 .data          0x00000000        0x0 /usr/lib/arm/lib/libopencm3_stm32f1.a(rcc_common_all.o)
 .bss           0x00000000        0x0 /usr/lib/arm/lib/libopencm3_stm32f1.a(rcc_common_all.o)
 .text.rcc_peripheral_enable_clock
                0x00000000        0x8 /usr/lib/arm/lib/libopencm3_stm32f1.a(rcc_common_all.o)
 .text.rcc_peripheral_disable_clock
                0x00000000        0xa /usr/lib/arm/lib/libopencm3_stm32f1.a(rcc_common_all.o)
 .text.rcc_peripheral_reset
                0x00000000        0x8 /usr/lib/arm/lib/libopencm3_stm32f1.a(rcc_common_all.o)
 .text.rcc_peripheral_clear_reset
                0x00000000        0xa /usr/lib/arm/lib/libopencm3_stm32f1.a(rcc_common_all.o)
 .text.rcc_periph_clock_disable
                0x00000000       0x1e /usr/lib/arm/lib/libopencm3_stm32f1.a(rcc_common_all.o)
 .text.rcc_periph_reset_pulse
                0x00000000       0x26 /usr/lib/arm/lib/libopencm3_stm32f1.a(rcc_common_all.o)
 .text.rcc_periph_reset_hold
                0x00000000       0x1c /usr/lib/arm/lib/libopencm3_stm32f1.a(rcc_common_all.o)
 .text.rcc_periph_reset_release
                0x00000000       0x1e /usr/lib/arm/lib/libopencm3_stm32f1.a(rcc_common_all.o)
 .text.rcc_set_mco
                0x00000000       0x14 /usr/lib/arm/lib/libopencm3_stm32f1.a(rcc_common_all.o)
 .text.rcc_osc_bypass_enable
                0x00000000       0x28 /usr/lib/arm/lib/libopencm3_stm32f1.a(rcc_common_all.o)
 .text.rcc_osc_bypass_disable
                0x00000000       0x28 /usr/lib/arm/lib/libopencm3_stm32f1.a(rcc_common_all.o)
 .debug_macro   0x00000000      0x86e /usr/lib/arm/lib/libopencm3_stm32f1.a(rcc_common_all.o)
 .debug_macro   0x00000000       0x1c /usr/lib/arm/lib/libopencm3_stm32f1.a(rcc_common_all.o)
 .debug_macro   0x00000000       0x22 /usr/lib/arm/lib/libopencm3_stm32f1.a(rcc_common_all.o)
 .debug_macro   0x00000000       0x4f /usr/lib/arm/lib/libopencm3_stm32f1.a(rcc_common_all.o)
 .debug_macro   0x00000000       0x44 /usr/lib/arm/lib/libopencm3_stm32f1.a(rcc_common_all.o)
 .debug_macro   0x00000000       0xfd /usr/lib/arm/lib/libopencm3_stm32f1.a(rcc_common_all.o)
 .debug_macro   0x00000000       0x5e /usr/lib/arm/lib/libopencm3_stm32f1.a(rcc_common_all.o)
 .debug_macro   0x00000000      0x1df /usr/lib/arm/lib/libopencm3_stm32f1.a(rcc_common_all.o)
 .debug_macro   0x00000000       0x22 /usr/lib/arm/lib/libopencm3_stm32f1.a(rcc_common_all.o)
 .debug_macro   0x00000000       0xe8 /usr/lib/arm/lib/libopencm3_stm32f1.a(rcc_common_all.o)
 .debug_macro   0x00000000       0x58 /usr/lib/arm/lib/libopencm3_stm32f1.a(rcc_common_all.o)
 .debug_macro   0x00000000      0x1b4 /usr/lib/arm/lib/libopencm3_stm32f1.a(rcc_common_all.o)
 .debug_macro   0x00000000      0x82c /usr/lib/arm/lib/libopencm3_stm32f1.a(rcc_common_all.o)
 .group         0x00000000        0x8 /usr/lib/arm/lib/libopencm3_stm32f1.a(flash_common_all.o)
 .group         0x00000000        0x8 /usr/lib/arm/lib/libopencm3_stm32f1.a(flash_common_all.o)
 .group         0x00000000        0x8 /usr/lib/arm/lib/libopencm3_stm32f1.a(flash_common_all.o)
 .group         0x00000000        0x8 /usr/lib/arm/lib/libopencm3_stm32f1.a(flash_common_all.o)
 .group         0x00000000        0x8 /usr/lib/arm/lib/libopencm3_stm32f1.a(flash_common_all.o)
 .group         0x00000000        0x8 /usr/lib/arm/lib/libopencm3_stm32f1.a(flash_common_all.o)
 .group         0x00000000        0x8 /usr/lib/arm/lib/libopencm3_stm32f1.a(flash_common_all.o)
 .group         0x00000000        0x8 /usr/lib/arm/lib/libopencm3_stm32f1.a(flash_common_all.o)
 .group         0x00000000        0x8 /usr/lib/arm/lib/libopencm3_stm32f1.a(flash_common_all.o)
 .group         0x00000000        0x8 /usr/lib/arm/lib/libopencm3_stm32f1.a(flash_common_all.o)
 .group         0x00000000        0x8 /usr/lib/arm/lib/libopencm3_stm32f1.a(flash_common_all.o)
 .group         0x00000000        0x8 /usr/lib/arm/lib/libopencm3_stm32f1.a(flash_common_all.o)
 .group         0x00000000        0x8 /usr/lib/arm/lib/libopencm3_stm32f1.a(flash_common_all.o)
 .group         0x00000000        0x8 /usr/lib/arm/lib/libopencm3_stm32f1.a(flash_common_all.o)
 .text          0x00000000        0x0 /usr/lib/arm/lib/libopencm3_stm32f1.a(flash_common_all.o)
 .data          0x00000000        0x0 /usr/lib/arm/lib/libopencm3_stm32f1.a(flash_common_all.o)
 .bss           0x00000000        0x0 /usr/lib/arm/lib/libopencm3_stm32f1.a(flash_common_all.o)
 .text.flash_prefetch_enable
                0x00000000       0x10 /usr/lib/arm/lib/libopencm3_stm32f1.a(flash_common_all.o)
 .text.flash_prefetch_disable
                0x00000000       0x10 /usr/lib/arm/lib/libopencm3_stm32f1.a(flash_common_all.o)
 .text.flash_unlock_option_bytes
                0x00000000       0x18 /usr/lib/arm/lib/libopencm3_stm32f1.a(flash_common_all.o)
 .debug_macro   0x00000000      0x86e /usr/lib/arm/lib/libopencm3_stm32f1.a(flash_common_all.o)
 .debug_macro   0x00000000       0x1c /usr/lib/arm/lib/libopencm3_stm32f1.a(flash_common_all.o)
 .debug_macro   0x00000000       0x22 /usr/lib/arm/lib/libopencm3_stm32f1.a(flash_common_all.o)
 .debug_macro   0x00000000       0x4f /usr/lib/arm/lib/libopencm3_stm32f1.a(flash_common_all.o)
 .debug_macro   0x00000000       0x44 /usr/lib/arm/lib/libopencm3_stm32f1.a(flash_common_all.o)
 .debug_macro   0x00000000       0xfd /usr/lib/arm/lib/libopencm3_stm32f1.a(flash_common_all.o)
 .debug_macro   0x00000000       0x5e /usr/lib/arm/lib/libopencm3_stm32f1.a(flash_common_all.o)
 .debug_macro   0x00000000      0x1df /usr/lib/arm/lib/libopencm3_stm32f1.a(flash_common_all.o)
 .debug_macro   0x00000000       0x22 /usr/lib/arm/lib/libopencm3_stm32f1.a(flash_common_all.o)
 .debug_macro   0x00000000       0xe8 /usr/lib/arm/lib/libopencm3_stm32f1.a(flash_common_all.o)
 .debug_macro   0x00000000       0x58 /usr/lib/arm/lib/libopencm3_stm32f1.a(flash_common_all.o)
 .debug_macro   0x00000000      0x1b4 /usr/lib/arm/lib/libopencm3_stm32f1.a(flash_common_all.o)
 .debug_macro   0x00000000       0xee /usr/lib/arm/lib/libopencm3_stm32f1.a(flash_common_all.o)
 .debug_macro   0x00000000       0x82 /usr/lib/arm/lib/libopencm3_stm32f1.a(flash_common_all.o)
 .group         0x00000000        0x8 /usr/lib/arm/lib/libopencm3_stm32f1.a(vector.o)
 .group         0x00000000        0x8 /usr/lib/arm/lib/libopencm3_stm32f1.a(vector.o)
 .group         0x00000000        0x8 /usr/lib/arm/lib/libopencm3_stm32f1.a(vector.o)
 .group         0x00000000        0x8 /usr/lib/arm/lib/libopencm3_stm32f1.a(vector.o)
 .group         0x00000000        0x8 /usr/lib/arm/lib/libopencm3_stm32f1.a(vector.o)
 .group         0x00000000        0x8 /usr/lib/arm/lib/libopencm3_stm32f1.a(vector.o)
 .group         0x00000000        0x8 /usr/lib/arm/lib/libopencm3_stm32f1.a(vector.o)
 .group         0x00000000        0x8 /usr/lib/arm/lib/libopencm3_stm32f1.a(vector.o)
 .group         0x00000000        0x8 /usr/lib/arm/lib/libopencm3_stm32f1.a(vector.o)
 .group         0x00000000        0x8 /usr/lib/arm/lib/libopencm3_stm32f1.a(vector.o)
 .group         0x00000000        0x8 /usr/lib/arm/lib/libopencm3_stm32f1.a(vector.o)
 .group         0x00000000        0x8 /usr/lib/arm/lib/libopencm3_stm32f1.a(vector.o)
 .group         0x00000000        0x8 /usr/lib/arm/lib/libopencm3_stm32f1.a(vector.o)
 .group         0x00000000        0x8 /usr/lib/arm/lib/libopencm3_stm32f1.a(vector.o)
 .text          0x00000000        0x0 /usr/lib/arm/lib/libopencm3_stm32f1.a(vector.o)
 .data          0x00000000        0x0 /usr/lib/arm/lib/libopencm3_stm32f1.a(vector.o)
 .bss           0x00000000        0x0 /usr/lib/arm/lib/libopencm3_stm32f1.a(vector.o)
 .debug_macro   0x00000000      0x86e /usr/lib/arm/lib/libopencm3_stm32f1.a(vector.o)
 .debug_macro   0x00000000       0x58 /usr/lib/arm/lib/libopencm3_stm32f1.a(vector.o)
 .debug_macro   0x00000000       0x1c /usr/lib/arm/lib/libopencm3_stm32f1.a(vector.o)
 .debug_macro   0x00000000       0x22 /usr/lib/arm/lib/libopencm3_stm32f1.a(vector.o)
 .debug_macro   0x00000000       0x4f /usr/lib/arm/lib/libopencm3_stm32f1.a(vector.o)
 .debug_macro   0x00000000       0x44 /usr/lib/arm/lib/libopencm3_stm32f1.a(vector.o)
 .debug_macro   0x00000000       0xfd /usr/lib/arm/lib/libopencm3_stm32f1.a(vector.o)
 .debug_macro   0x00000000       0x5e /usr/lib/arm/lib/libopencm3_stm32f1.a(vector.o)
 .debug_macro   0x00000000      0x1df /usr/lib/arm/lib/libopencm3_stm32f1.a(vector.o)
 .debug_macro   0x00000000       0x22 /usr/lib/arm/lib/libopencm3_stm32f1.a(vector.o)
 .debug_macro   0x00000000       0xe8 /usr/lib/arm/lib/libopencm3_stm32f1.a(vector.o)
 .group         0x00000000        0x8 /usr/lib/arm/lib/libopencm3_stm32f1.a(assert.o)
 .group         0x00000000        0x8 /usr/lib/arm/lib/libopencm3_stm32f1.a(assert.o)
 .group         0x00000000        0x8 /usr/lib/arm/lib/libopencm3_stm32f1.a(assert.o)
 .group         0x00000000        0x8 /usr/lib/arm/lib/libopencm3_stm32f1.a(assert.o)
 .group         0x00000000        0x8 /usr/lib/arm/lib/libopencm3_stm32f1.a(assert.o)
 .group         0x00000000        0x8 /usr/lib/arm/lib/libopencm3_stm32f1.a(assert.o)
 .group         0x00000000        0x8 /usr/lib/arm/lib/libopencm3_stm32f1.a(assert.o)
 .group         0x00000000        0x8 /usr/lib/arm/lib/libopencm3_stm32f1.a(assert.o)
 .group         0x00000000        0x8 /usr/lib/arm/lib/libopencm3_stm32f1.a(assert.o)
 .group         0x00000000        0x8 /usr/lib/arm/lib/libopencm3_stm32f1.a(assert.o)
 .group         0x00000000        0x8 /usr/lib/arm/lib/libopencm3_stm32f1.a(assert.o)
 .text          0x00000000        0x0 /usr/lib/arm/lib/libopencm3_stm32f1.a(assert.o)
 .data          0x00000000        0x0 /usr/lib/arm/lib/libopencm3_stm32f1.a(assert.o)
 .bss           0x00000000        0x0 /usr/lib/arm/lib/libopencm3_stm32f1.a(assert.o)
 .text.cm3_assert_failed
                0x00000000        0x2 /usr/lib/arm/lib/libopencm3_stm32f1.a(assert.o)
 .text.cm3_assert_failed_verbose
                0x00000000        0x6 /usr/lib/arm/lib/libopencm3_stm32f1.a(assert.o)
 .debug_info    0x00000000       0xee /usr/lib/arm/lib/libopencm3_stm32f1.a(assert.o)
 .debug_abbrev  0x00000000       0x8f /usr/lib/arm/lib/libopencm3_stm32f1.a(assert.o)
 .debug_loc     0x00000000       0x84 /usr/lib/arm/lib/libopencm3_stm32f1.a(assert.o)
 .debug_aranges
                0x00000000       0x28 /usr/lib/arm/lib/libopencm3_stm32f1.a(assert.o)
 .debug_ranges  0x00000000       0x18 /usr/lib/arm/lib/libopencm3_stm32f1.a(assert.o)
 .debug_macro   0x00000000       0x89 /usr/lib/arm/lib/libopencm3_stm32f1.a(assert.o)
 .debug_macro   0x00000000      0x86e /usr/lib/arm/lib/libopencm3_stm32f1.a(assert.o)
 .debug_macro   0x00000000       0x1c /usr/lib/arm/lib/libopencm3_stm32f1.a(assert.o)
 .debug_macro   0x00000000       0x22 /usr/lib/arm/lib/libopencm3_stm32f1.a(assert.o)
 .debug_macro   0x00000000       0x4f /usr/lib/arm/lib/libopencm3_stm32f1.a(assert.o)
 .debug_macro   0x00000000       0x44 /usr/lib/arm/lib/libopencm3_stm32f1.a(assert.o)
 .debug_macro   0x00000000       0xfd /usr/lib/arm/lib/libopencm3_stm32f1.a(assert.o)
 .debug_macro   0x00000000       0x5e /usr/lib/arm/lib/libopencm3_stm32f1.a(assert.o)
 .debug_macro   0x00000000      0x1df /usr/lib/arm/lib/libopencm3_stm32f1.a(assert.o)
 .debug_macro   0x00000000       0x22 /usr/lib/arm/lib/libopencm3_stm32f1.a(assert.o)
 .debug_macro   0x00000000       0xe8 /usr/lib/arm/lib/libopencm3_stm32f1.a(assert.o)
 .debug_macro   0x00000000       0x16 /usr/lib/arm/lib/libopencm3_stm32f1.a(assert.o)
 .debug_line    0x00000000      0x172 /usr/lib/arm/lib/libopencm3_stm32f1.a(assert.o)
 .debug_str     0x00000000     0x370f /usr/lib/arm/lib/libopencm3_stm32f1.a(assert.o)
 .comment       0x00000000       0x2c /usr/lib/arm/lib/libopencm3_stm32f1.a(assert.o)
 .debug_frame   0x00000000       0x38 /usr/lib/arm/lib/libopencm3_stm32f1.a(assert.o)
 .ARM.attributes
                0x00000000       0x33 /usr/lib/arm/lib/libopencm3_stm32f1.a(assert.o)

Memory Configuration

Name             Origin             Length             Attributes
ram              0x20000000         0x00005000         xrw
rom              0x08000000         0x00010000         xr
*default*        0x00000000         0xffffffff

Linker script and memory map

LOAD main.o
LOAD /usr/lib/arm/lib/libopencm3_stm32f1.a
START GROUP
LOAD /usr/lib/gcc/arm-none-eabi/5.4.1/../../../arm-none-eabi/lib/armv7-m/libc.a
LOAD /usr/lib/gcc/arm-none-eabi/5.4.1/armv7-m/libgcc.a
LOAD /usr/lib/gcc/arm-none-eabi/5.4.1/../../../arm-none-eabi/lib/armv7-m/libnosys.a
END GROUP
LOAD /usr/lib/gcc/arm-none-eabi/5.4.1/../../../arm-none-eabi/lib/armv7-m/libm.a
LOAD /usr/lib/arm/lib/libopencm3_stm32f1.a
START GROUP
LOAD /usr/lib/gcc/arm-none-eabi/5.4.1/armv7-m/libgcc.a
LOAD /usr/lib/gcc/arm-none-eabi/5.4.1/../../../arm-none-eabi/lib/armv7-m/libc.a
END GROUP

.text           0x08000000      0x4f8
 *(.vectors)
 .vectors       0x08000000      0x150 /usr/lib/arm/lib/libopencm3_stm32f1.a(vector.o)
                0x08000000                vector_table
 *(.text*)
 .text.clock_setup
                0x08000150       0x24 main.o
 .text.main     0x08000174       0x5c main.o
                0x08000174                main
 .text.gpio_set_mode
                0x080001d0       0x64 /usr/lib/arm/lib/libopencm3_stm32f1.a(gpio.o)
                0x080001d0                gpio_set_mode
 .text.rcc_osc_on.part.1
                0x08000234       0x10 /usr/lib/arm/lib/libopencm3_stm32f1.a(rcc.o)
 .text.rcc_is_osc_ready
                0x08000244       0x5c /usr/lib/arm/lib/libopencm3_stm32f1.a(rcc.o)
                0x08000244                rcc_is_osc_ready
 .text.rcc_wait_for_osc_ready
                0x080002a0       0x10 /usr/lib/arm/lib/libopencm3_stm32f1.a(rcc.o)
                0x080002a0                rcc_wait_for_osc_ready
 .text.rcc_osc_on
                0x080002b0       0x54 /usr/lib/arm/lib/libopencm3_stm32f1.a(rcc.o)
                0x080002b0                rcc_osc_on
 .text.rcc_set_sysclk_source
                0x08000304       0x14 /usr/lib/arm/lib/libopencm3_stm32f1.a(rcc.o)
                0x08000304                rcc_set_sysclk_source
 .text.rcc_set_pll_multiplication_factor
                0x08000318       0x14 /usr/lib/arm/lib/libopencm3_stm32f1.a(rcc.o)
                0x08000318                rcc_set_pll_multiplication_factor
 .text.rcc_set_pll_source
                0x0800032c       0x14 /usr/lib/arm/lib/libopencm3_stm32f1.a(rcc.o)
                0x0800032c                rcc_set_pll_source
 .text.rcc_set_pllxtpre
                0x08000340       0x14 /usr/lib/arm/lib/libopencm3_stm32f1.a(rcc.o)
                0x08000340                rcc_set_pllxtpre
 .text.rcc_set_adcpre
                0x08000354       0x14 /usr/lib/arm/lib/libopencm3_stm32f1.a(rcc.o)
                0x08000354                rcc_set_adcpre
 .text.rcc_set_ppre2
                0x08000368       0x14 /usr/lib/arm/lib/libopencm3_stm32f1.a(rcc.o)
                0x08000368                rcc_set_ppre2
 .text.rcc_set_ppre1
                0x0800037c       0x14 /usr/lib/arm/lib/libopencm3_stm32f1.a(rcc.o)
                0x0800037c                rcc_set_ppre1
 .text.rcc_set_hpre
                0x08000390       0x14 /usr/lib/arm/lib/libopencm3_stm32f1.a(rcc.o)
                0x08000390                rcc_set_hpre
 .text.rcc_clock_setup_in_hse_8mhz_out_72mhz
                0x080003a4       0x8c /usr/lib/arm/lib/libopencm3_stm32f1.a(rcc.o)
                0x080003a4                rcc_clock_setup_in_hse_8mhz_out_72mhz
 .text.rcc_periph_clock_enable
                0x08000430       0x1c /usr/lib/arm/lib/libopencm3_stm32f1.a(rcc_common_all.o)
                0x08000430                rcc_periph_clock_enable
 .text.flash_set_ws
                0x0800044c       0x14 /usr/lib/arm/lib/libopencm3_stm32f1.a(flash_common_all.o)
                0x0800044c                flash_set_ws
 .text.blocking_handler
                0x08000460        0x2 /usr/lib/arm/lib/libopencm3_stm32f1.a(vector.o)
                0x08000460                usart3_isr
                0x08000460                rtc_isr
                0x08000460                tim7_isr
                0x08000460                adc1_2_isr
                0x08000460                tim1_trg_com_isr
                0x08000460                usb_hp_can_tx_isr
                0x08000460                tim6_isr
                0x08000460                usb_wakeup_isr
                0x08000460                blocking_handler
                0x08000460                tim5_isr
                0x08000460                otg_fs_isr
                0x08000460                spi1_isr
                0x08000460                exti2_isr
                0x08000460                dma1_channel6_isr
                0x08000460                can_rx1_isr
                0x08000460                dma1_channel5_isr
                0x08000460                dma2_channel5_isr
                0x08000460                usart1_isr
                0x08000460                usage_fault_handler
                0x08000460                tim8_trg_com_isr
                0x08000460                can2_rx0_isr
                0x08000460                tim1_brk_isr
                0x08000460                can2_rx1_isr
                0x08000460                tim1_cc_isr
                0x08000460                sdio_isr
                0x08000460                eth_isr
                0x08000460                dma1_channel4_isr
                0x08000460                tim8_brk_isr
                0x08000460                dma2_channel4_5_isr
                0x08000460                pvd_isr
                0x08000460                rcc_isr
                0x08000460                flash_isr
                0x08000460                uart4_isr
                0x08000460                rtc_alarm_isr
                0x08000460                exti15_10_isr
                0x08000460                hard_fault_handler
                0x08000460                exti1_isr
                0x08000460                i2c1_ev_isr
                0x08000460                dma2_channel1_isr
                0x08000460                spi2_isr
                0x08000460                tim8_up_isr
                0x08000460                dma2_channel2_isr
                0x08000460                exti3_isr
                0x08000460                adc3_isr
                0x08000460                tim3_isr
                0x08000460                usart2_isr
                0x08000460                usb_lp_can_rx0_isr
                0x08000460                i2c2_er_isr
                0x08000460                i2c2_ev_isr
                0x08000460                uart5_isr
                0x08000460                fsmc_isr
                0x08000460                dma1_channel1_isr
                0x08000460                exti4_isr
                0x08000460                mem_manage_handler
                0x08000460                can2_tx_isr
                0x08000460                exti9_5_isr
                0x08000460                dma2_channel3_isr
                0x08000460                dma1_channel7_isr
                0x08000460                tim1_up_isr
                0x08000460                can2_sce_isr
                0x08000460                tim4_isr
                0x08000460                dma1_channel2_isr
                0x08000460                i2c1_er_isr
                0x08000460                can_sce_isr
                0x08000460                tim8_cc_isr
                0x08000460                tamper_isr
                0x08000460                eth_wkup_isr
                0x08000460                bus_fault_handler
                0x08000460                wwdg_isr
                0x08000460                dma1_channel3_isr
                0x08000460                spi3_isr
                0x08000460                tim2_isr
                0x08000460                exti0_isr
 .text.null_handler
                0x08000462        0x2 /usr/lib/arm/lib/libopencm3_stm32f1.a(vector.o)
                0x08000462                null_handler
                0x08000462                sv_call_handler
                0x08000462                pend_sv_handler
                0x08000462                debug_monitor_handler
                0x08000462                sys_tick_handler
                0x08000462                nmi_handler
 .text.reset_handler
                0x08000464       0x94 /usr/lib/arm/lib/libopencm3_stm32f1.a(vector.o)
                0x08000464                reset_handler
                0x080004f8                . = ALIGN (0x4)
 *(.rodata*)
                0x080004f8                . = ALIGN (0x4)

.glue_7         0x080004f8        0x0
 .glue_7        0x080004f8        0x0 linker stubs

.glue_7t        0x080004f8        0x0
 .glue_7t       0x080004f8        0x0 linker stubs

.vfp11_veneer   0x080004f8        0x0
 .vfp11_veneer  0x080004f8        0x0 linker stubs

.v4_bx          0x080004f8        0x0
 .v4_bx         0x080004f8        0x0 linker stubs

.iplt           0x080004f8        0x0
 .iplt          0x080004f8        0x0 main.o

.rel.dyn        0x080004f8        0x0
 .rel.iplt      0x080004f8        0x0 main.o

.preinit_array  0x080004f8        0x0
                0x080004f8                . = ALIGN (0x4)
                0x080004f8                __preinit_array_start = .
 *(.preinit_array)
                0x080004f8                __preinit_array_end = .

.init_array     0x080004f8        0x0
                0x080004f8                . = ALIGN (0x4)
                0x080004f8                __init_array_start = .
 *(SORT(.init_array.*))
 *(.init_array)
                0x080004f8                __init_array_end = .

.fini_array     0x080004f8        0x0
                0x080004f8                . = ALIGN (0x4)
                0x080004f8                __fini_array_start = .
 *(.fini_array)
 *(SORT(.fini_array.*))
                0x080004f8                __fini_array_end = .

.ARM.extab
 *(.ARM.extab*)

.ARM.exidx      0x080004f8        0x0
                0x080004f8                __exidx_start = .
 *(.ARM.exidx*)
                0x080004f8                __exidx_end = .
                0x080004f8                . = ALIGN (0x4)
                0x080004f8                _etext = .

.data           0x20000000        0xc load address 0x080004f8
                0x20000000                _data = .
 *(.data*)
 .data.rcc_ahb_frequency
                0x20000000        0x4 /usr/lib/arm/lib/libopencm3_stm32f1.a(rcc.o)
                0x20000000                rcc_ahb_frequency
 .data.rcc_apb1_frequency
                0x20000004        0x4 /usr/lib/arm/lib/libopencm3_stm32f1.a(rcc.o)
                0x20000004                rcc_apb1_frequency
 .data.rcc_apb2_frequency
                0x20000008        0x4 /usr/lib/arm/lib/libopencm3_stm32f1.a(rcc.o)
                0x20000008                rcc_apb2_frequency
                0x2000000c                . = ALIGN (0x4)
                0x2000000c                _edata = .
                0x080004f8                _data_loadaddr = LOADADDR (.data)

.igot.plt       0x2000000c        0x0 load address 0x08000504
 .igot.plt      0x2000000c        0x0 main.o

.bss            0x2000000c        0x0 load address 0x08000504
 *(.bss*)
 *(COMMON)
                0x2000000c                . = ALIGN (0x4)
                0x2000000c                _ebss = .

/DISCARD/
 *(.eh_frame)
                0x2000000c                . = ALIGN (0x4)
                0x2000000c                end = .
                0x20005000                PROVIDE (_stack, (ORIGIN (ram) + LENGTH (ram)))
OUTPUT(program.elf elf32-littlearm)

.debug_info     0x00000000     0x1eaf
 .debug_info    0x00000000      0x290 main.o
 .debug_info    0x00000290      0x1df /usr/lib/arm/lib/libopencm3_stm32f1.a(gpio.o)
 .debug_info    0x0000046f     0x1120 /usr/lib/arm/lib/libopencm3_stm32f1.a(rcc.o)
 .debug_info    0x0000158f      0x58c /usr/lib/arm/lib/libopencm3_stm32f1.a(rcc_common_all.o)
 .debug_info    0x00001b1b       0xec /usr/lib/arm/lib/libopencm3_stm32f1.a(flash_common_all.o)
 .debug_info    0x00001c07      0x2a8 /usr/lib/arm/lib/libopencm3_stm32f1.a(vector.o)

.debug_abbrev   0x00000000      0x6cd
 .debug_abbrev  0x00000000       0xb7 main.o
 .debug_abbrev  0x000000b7       0xb7 /usr/lib/arm/lib/libopencm3_stm32f1.a(gpio.o)
 .debug_abbrev  0x0000016e      0x272 /usr/lib/arm/lib/libopencm3_stm32f1.a(rcc.o)
 .debug_abbrev  0x000003e0      0x11d /usr/lib/arm/lib/libopencm3_stm32f1.a(rcc_common_all.o)
 .debug_abbrev  0x000004fd       0x8a /usr/lib/arm/lib/libopencm3_stm32f1.a(flash_common_all.o)
 .debug_abbrev  0x00000587      0x146 /usr/lib/arm/lib/libopencm3_stm32f1.a(vector.o)

.debug_aranges  0x00000000      0x290
 .debug_aranges
                0x00000000       0x30 main.o
 .debug_aranges
                0x00000030       0x38 /usr/lib/arm/lib/libopencm3_stm32f1.a(gpio.o)
 .debug_aranges
                0x00000068      0x158 /usr/lib/arm/lib/libopencm3_stm32f1.a(rcc.o)
 .debug_aranges
                0x000001c0       0x68 /usr/lib/arm/lib/libopencm3_stm32f1.a(rcc_common_all.o)
 .debug_aranges
                0x00000228       0x38 /usr/lib/arm/lib/libopencm3_stm32f1.a(flash_common_all.o)
 .debug_aranges
                0x00000260       0x30 /usr/lib/arm/lib/libopencm3_stm32f1.a(vector.o)

.debug_ranges   0x00000000      0x290
 .debug_ranges  0x00000000       0x20 main.o
 .debug_ranges  0x00000020       0x28 /usr/lib/arm/lib/libopencm3_stm32f1.a(gpio.o)
 .debug_ranges  0x00000048      0x1a8 /usr/lib/arm/lib/libopencm3_stm32f1.a(rcc.o)
 .debug_ranges  0x000001f0       0x58 /usr/lib/arm/lib/libopencm3_stm32f1.a(rcc_common_all.o)
 .debug_ranges  0x00000248       0x28 /usr/lib/arm/lib/libopencm3_stm32f1.a(flash_common_all.o)
 .debug_ranges  0x00000270       0x20 /usr/lib/arm/lib/libopencm3_stm32f1.a(vector.o)

.debug_line     0x00000000     0x1177
 .debug_line    0x00000000      0x113 main.o
 .debug_line    0x00000113      0x261 /usr/lib/arm/lib/libopencm3_stm32f1.a(gpio.o)
 .debug_line    0x00000374      0x613 /usr/lib/arm/lib/libopencm3_stm32f1.a(rcc.o)
 .debug_line    0x00000987      0x2c0 /usr/lib/arm/lib/libopencm3_stm32f1.a(rcc_common_all.o)
 .debug_line    0x00000c47      0x287 /usr/lib/arm/lib/libopencm3_stm32f1.a(flash_common_all.o)
 .debug_line    0x00000ece      0x2a9 /usr/lib/arm/lib/libopencm3_stm32f1.a(vector.o)

.debug_str      0x00000000     0xd69f
 .debug_str     0x00000000      0x33b main.o
                                0x3d6 (size before relaxing)
 .debug_str     0x0000033b     0x79b1 /usr/lib/arm/lib/libopencm3_stm32f1.a(gpio.o)
                               0x7b41 (size before relaxing)
 .debug_str     0x00007cec     0x311a /usr/lib/arm/lib/libopencm3_stm32f1.a(rcc.o)
                               0x744c (size before relaxing)
 .debug_str     0x0000ae06      0x33a /usr/lib/arm/lib/libopencm3_stm32f1.a(rcc_common_all.o)
                               0x6cf1 (size before relaxing)
 .debug_str     0x0000b140       0x64 /usr/lib/arm/lib/libopencm3_stm32f1.a(flash_common_all.o)
                               0x4b25 (size before relaxing)
 .debug_str     0x0000b1a4     0x24fb /usr/lib/arm/lib/libopencm3_stm32f1.a(vector.o)
                               0x5c92 (size before relaxing)

.comment        0x00000000       0x2b
 .comment       0x00000000       0x2b main.o
                                 0x2c (size before relaxing)
 .comment       0x0000002b       0x2c /usr/lib/arm/lib/libopencm3_stm32f1.a(gpio.o)
 .comment       0x0000002b       0x2c /usr/lib/arm/lib/libopencm3_stm32f1.a(rcc.o)
 .comment       0x0000002b       0x2c /usr/lib/arm/lib/libopencm3_stm32f1.a(rcc_common_all.o)
 .comment       0x0000002b       0x2c /usr/lib/arm/lib/libopencm3_stm32f1.a(flash_common_all.o)
 .comment       0x0000002b       0x2c /usr/lib/arm/lib/libopencm3_stm32f1.a(vector.o)

.ARM.attributes
                0x00000000       0x33
 .ARM.attributes
                0x00000000       0x33 main.o
 .ARM.attributes
                0x00000033       0x33 /usr/lib/arm/lib/libopencm3_stm32f1.a(gpio.o)
 .ARM.attributes
                0x00000066       0x33 /usr/lib/arm/lib/libopencm3_stm32f1.a(rcc.o)
 .ARM.attributes
                0x00000099       0x33 /usr/lib/arm/lib/libopencm3_stm32f1.a(rcc_common_all.o)
 .ARM.attributes
                0x000000cc       0x33 /usr/lib/arm/lib/libopencm3_stm32f1.a(flash_common_all.o)
 .ARM.attributes
                0x000000ff       0x33 /usr/lib/arm/lib/libopencm3_stm32f1.a(vector.o)

.debug_frame    0x00000000      0x520
 .debug_frame   0x00000000       0x70 main.o
 .debug_frame   0x00000070       0x64 /usr/lib/arm/lib/libopencm3_stm32f1.a(gpio.o)
 .debug_frame   0x000000d4      0x2e0 /usr/lib/arm/lib/libopencm3_stm32f1.a(rcc.o)
 .debug_frame   0x000003b4       0xd0 /usr/lib/arm/lib/libopencm3_stm32f1.a(rcc_common_all.o)
 .debug_frame   0x00000484       0x50 /usr/lib/arm/lib/libopencm3_stm32f1.a(flash_common_all.o)
 .debug_frame   0x000004d4       0x4c /usr/lib/arm/lib/libopencm3_stm32f1.a(vector.o)

.debug_loc      0x00000000      0x87f
 .debug_loc     0x00000000      0x19f /usr/lib/arm/lib/libopencm3_stm32f1.a(gpio.o)
 .debug_loc     0x0000019f      0x4ba /usr/lib/arm/lib/libopencm3_stm32f1.a(rcc.o)
 .debug_loc     0x00000659      0x108 /usr/lib/arm/lib/libopencm3_stm32f1.a(rcc_common_all.o)
 .debug_loc     0x00000761       0x3f /usr/lib/arm/lib/libopencm3_stm32f1.a(flash_common_all.o)
 .debug_loc     0x000007a0       0xdf /usr/lib/arm/lib/libopencm3_stm32f1.a(vector.o)

.debug_macro    0x00000000     0x3160
 .debug_macro   0x00000000       0xb8 /usr/lib/arm/lib/libopencm3_stm32f1.a(gpio.o)
 .debug_macro   0x000000b8      0x86e /usr/lib/arm/lib/libopencm3_stm32f1.a(gpio.o)
 .debug_macro   0x00000926       0x1c /usr/lib/arm/lib/libopencm3_stm32f1.a(gpio.o)
 .debug_macro   0x00000942       0x22 /usr/lib/arm/lib/libopencm3_stm32f1.a(gpio.o)
 .debug_macro   0x00000964       0x4f /usr/lib/arm/lib/libopencm3_stm32f1.a(gpio.o)
 .debug_macro   0x000009b3       0x44 /usr/lib/arm/lib/libopencm3_stm32f1.a(gpio.o)
 .debug_macro   0x000009f7       0xfd /usr/lib/arm/lib/libopencm3_stm32f1.a(gpio.o)
 .debug_macro   0x00000af4       0x5e /usr/lib/arm/lib/libopencm3_stm32f1.a(gpio.o)
 .debug_macro   0x00000b52      0x1df /usr/lib/arm/lib/libopencm3_stm32f1.a(gpio.o)
 .debug_macro   0x00000d31       0x22 /usr/lib/arm/lib/libopencm3_stm32f1.a(gpio.o)
 .debug_macro   0x00000d53       0xe8 /usr/lib/arm/lib/libopencm3_stm32f1.a(gpio.o)
 .debug_macro   0x00000e3b       0x58 /usr/lib/arm/lib/libopencm3_stm32f1.a(gpio.o)
 .debug_macro   0x00000e93      0x1b4 /usr/lib/arm/lib/libopencm3_stm32f1.a(gpio.o)
 .debug_macro   0x00001047       0x76 /usr/lib/arm/lib/libopencm3_stm32f1.a(gpio.o)
 .debug_macro   0x000010bd      0xdfd /usr/lib/arm/lib/libopencm3_stm32f1.a(gpio.o)
 .debug_macro   0x00001eba       0xe7 /usr/lib/arm/lib/libopencm3_stm32f1.a(rcc.o)
 .debug_macro   0x00001fa1       0x16 /usr/lib/arm/lib/libopencm3_stm32f1.a(rcc.o)
 .debug_macro   0x00001fb7      0x82c /usr/lib/arm/lib/libopencm3_stm32f1.a(rcc.o)
 .debug_macro   0x000027e3       0xee /usr/lib/arm/lib/libopencm3_stm32f1.a(rcc.o)
 .debug_macro   0x000028d1       0x82 /usr/lib/arm/lib/libopencm3_stm32f1.a(rcc.o)
 .debug_macro   0x00002953       0xce /usr/lib/arm/lib/libopencm3_stm32f1.a(rcc_common_all.o)
 .debug_macro   0x00002a21       0xc0 /usr/lib/arm/lib/libopencm3_stm32f1.a(flash_common_all.o)
 .debug_macro   0x00002ae1       0xcf /usr/lib/arm/lib/libopencm3_stm32f1.a(vector.o)
 .debug_macro   0x00002bb0      0x3a4 /usr/lib/arm/lib/libopencm3_stm32f1.a(vector.o)
 .debug_macro   0x00002f54       0x6a /usr/lib/arm/lib/libopencm3_stm32f1.a(vector.o)
 .debug_macro   0x00002fbe      0x1a2 /usr/lib/arm/lib/libopencm3_stm32f1.a(vector.o)
