Archive member included to satisfy reference by file (symbol)

/usr/lib/arm/lib/libopencm3_stm32f1.a(adc.o)
                              main.o (adc_power_on)
/usr/lib/arm/lib/libopencm3_stm32f1.a(adc_common_v1.o)
                              main.o (adc_power_off)
/usr/lib/arm/lib/libopencm3_stm32f1.a(gpio.o)
                              main.o (gpio_set_mode)
/usr/lib/arm/lib/libopencm3_stm32f1.a(rcc.o)
                              main.o (rcc_clock_setup_in_hse_8mhz_out_72mhz)
/usr/lib/arm/lib/libopencm3_stm32f1.a(gpio_common_all.o)
                              main.o (gpio_set)
/usr/lib/arm/lib/libopencm3_stm32f1.a(timer_common_all.o)
                              main.o (timer_enable_irq)
/usr/lib/arm/lib/libopencm3_stm32f1.a(rcc_common_all.o)
                              main.o (rcc_periph_clock_enable)
/usr/lib/arm/lib/libopencm3_stm32f1.a(exti_common_all.o)
                              main.o (exti_set_trigger)
/usr/lib/arm/lib/libopencm3_stm32f1.a(flash_common_f01.o)
                              /usr/lib/arm/lib/libopencm3_stm32f1.a(rcc.o) (flash_set_ws)
/usr/lib/arm/lib/libopencm3_stm32f1.a(vector.o)
                              (reset_handler)
/usr/lib/arm/lib/libopencm3_stm32f1.a(nvic.o)
                              main.o (nvic_enable_irq)
/usr/lib/arm/lib/libopencm3_stm32f1.a(assert.o)
                              /usr/lib/arm/lib/libopencm3_stm32f1.a(rcc.o) (cm3_assert_failed)
/usr/lib/arm/lib/libopencm3_stm32f1.a(flash.o)
                              /usr/lib/arm/lib/libopencm3_stm32f1.a(flash_common_f01.o) (flash_get_status_flags)

Discarded input sections

 .text          0x00000000        0x0 main.o
 .data          0x00000000        0x0 main.o
 .bss           0x00000000        0x0 main.o
 .group         0x00000000        0x8 /usr/lib/arm/lib/libopencm3_stm32f1.a(adc.o)
 .group         0x00000000        0x8 /usr/lib/arm/lib/libopencm3_stm32f1.a(adc.o)
 .group         0x00000000        0x8 /usr/lib/arm/lib/libopencm3_stm32f1.a(adc.o)
 .group         0x00000000        0x8 /usr/lib/arm/lib/libopencm3_stm32f1.a(adc.o)
 .group         0x00000000        0x8 /usr/lib/arm/lib/libopencm3_stm32f1.a(adc.o)
 .group         0x00000000        0x8 /usr/lib/arm/lib/libopencm3_stm32f1.a(adc.o)
 .group         0x00000000        0x8 /usr/lib/arm/lib/libopencm3_stm32f1.a(adc.o)
 .group         0x00000000        0x8 /usr/lib/arm/lib/libopencm3_stm32f1.a(adc.o)
 .group         0x00000000        0x8 /usr/lib/arm/lib/libopencm3_stm32f1.a(adc.o)
 .group         0x00000000        0x8 /usr/lib/arm/lib/libopencm3_stm32f1.a(adc.o)
 .text          0x00000000        0x0 /usr/lib/arm/lib/libopencm3_stm32f1.a(adc.o)
 .data          0x00000000        0x0 /usr/lib/arm/lib/libopencm3_stm32f1.a(adc.o)
 .bss           0x00000000        0x0 /usr/lib/arm/lib/libopencm3_stm32f1.a(adc.o)
 .text.adc_set_dual_mode
                0x00000000       0x10 /usr/lib/arm/lib/libopencm3_stm32f1.a(adc.o)
 .text.adc_enable_temperature_sensor
                0x00000000        0xa /usr/lib/arm/lib/libopencm3_stm32f1.a(adc.o)
 .text.adc_disable_temperature_sensor
                0x00000000        0xa /usr/lib/arm/lib/libopencm3_stm32f1.a(adc.o)
 .text.adc_enable_external_trigger_regular
                0x00000000       0x14 /usr/lib/arm/lib/libopencm3_stm32f1.a(adc.o)
 .text.adc_enable_external_trigger_injected
                0x00000000       0x14 /usr/lib/arm/lib/libopencm3_stm32f1.a(adc.o)
 .text.adc_disable_external_trigger_injected
                0x00000000        0xa /usr/lib/arm/lib/libopencm3_stm32f1.a(adc.o)
 .text.adc_reset_calibration
                0x00000000       0x14 /usr/lib/arm/lib/libopencm3_stm32f1.a(adc.o)
 .text.adc_calibration
                0x00000000       0x14 /usr/lib/arm/lib/libopencm3_stm32f1.a(adc.o)
 .text.adc_on   0x00000000        0xa /usr/lib/arm/lib/libopencm3_stm32f1.a(adc.o)
 .text.adc_set_sample_time
                0x00000000       0x38 /usr/lib/arm/lib/libopencm3_stm32f1.a(adc.o)
 .group         0x00000000        0x8 /usr/lib/arm/lib/libopencm3_stm32f1.a(adc_common_v1.o)
 .group         0x00000000        0x8 /usr/lib/arm/lib/libopencm3_stm32f1.a(adc_common_v1.o)
 .group         0x00000000        0x8 /usr/lib/arm/lib/libopencm3_stm32f1.a(adc_common_v1.o)
 .group         0x00000000        0x8 /usr/lib/arm/lib/libopencm3_stm32f1.a(adc_common_v1.o)
 .group         0x00000000        0x8 /usr/lib/arm/lib/libopencm3_stm32f1.a(adc_common_v1.o)
 .group         0x00000000        0x8 /usr/lib/arm/lib/libopencm3_stm32f1.a(adc_common_v1.o)
 .group         0x00000000        0x8 /usr/lib/arm/lib/libopencm3_stm32f1.a(adc_common_v1.o)
 .group         0x00000000        0x8 /usr/lib/arm/lib/libopencm3_stm32f1.a(adc_common_v1.o)
 .group         0x00000000        0x8 /usr/lib/arm/lib/libopencm3_stm32f1.a(adc_common_v1.o)
 .group         0x00000000        0x8 /usr/lib/arm/lib/libopencm3_stm32f1.a(adc_common_v1.o)
 .text          0x00000000        0x0 /usr/lib/arm/lib/libopencm3_stm32f1.a(adc_common_v1.o)
 .data          0x00000000        0x0 /usr/lib/arm/lib/libopencm3_stm32f1.a(adc_common_v1.o)
 .bss           0x00000000        0x0 /usr/lib/arm/lib/libopencm3_stm32f1.a(adc_common_v1.o)
 .text.adc_enable_analog_watchdog_regular
                0x00000000        0xa /usr/lib/arm/lib/libopencm3_stm32f1.a(adc_common_v1.o)
 .text.adc_disable_analog_watchdog_regular
                0x00000000        0xa /usr/lib/arm/lib/libopencm3_stm32f1.a(adc_common_v1.o)
 .text.adc_enable_analog_watchdog_injected
                0x00000000        0xa /usr/lib/arm/lib/libopencm3_stm32f1.a(adc_common_v1.o)
 .text.adc_disable_analog_watchdog_injected
                0x00000000        0xa /usr/lib/arm/lib/libopencm3_stm32f1.a(adc_common_v1.o)
 .text.adc_enable_discontinuous_mode_regular
                0x00000000       0x18 /usr/lib/arm/lib/libopencm3_stm32f1.a(adc_common_v1.o)
 .text.adc_disable_discontinuous_mode_regular
                0x00000000        0xa /usr/lib/arm/lib/libopencm3_stm32f1.a(adc_common_v1.o)
 .text.adc_enable_discontinuous_mode_injected
                0x00000000        0xa /usr/lib/arm/lib/libopencm3_stm32f1.a(adc_common_v1.o)
 .text.adc_disable_discontinuous_mode_injected
                0x00000000        0xa /usr/lib/arm/lib/libopencm3_stm32f1.a(adc_common_v1.o)
 .text.adc_enable_automatic_injected_group_conversion
                0x00000000       0x12 /usr/lib/arm/lib/libopencm3_stm32f1.a(adc_common_v1.o)
 .text.adc_disable_automatic_injected_group_conversion
                0x00000000        0xa /usr/lib/arm/lib/libopencm3_stm32f1.a(adc_common_v1.o)
 .text.adc_enable_analog_watchdog_on_all_channels
                0x00000000        0xa /usr/lib/arm/lib/libopencm3_stm32f1.a(adc_common_v1.o)
 .text.adc_enable_analog_watchdog_on_selected_channel
                0x00000000       0x18 /usr/lib/arm/lib/libopencm3_stm32f1.a(adc_common_v1.o)
 .text.adc_enable_scan_mode
                0x00000000        0xa /usr/lib/arm/lib/libopencm3_stm32f1.a(adc_common_v1.o)
 .text.adc_enable_eoc_interrupt_injected
                0x00000000        0xa /usr/lib/arm/lib/libopencm3_stm32f1.a(adc_common_v1.o)
 .text.adc_disable_eoc_interrupt_injected
                0x00000000        0xa /usr/lib/arm/lib/libopencm3_stm32f1.a(adc_common_v1.o)
 .text.adc_enable_awd_interrupt
                0x00000000        0xa /usr/lib/arm/lib/libopencm3_stm32f1.a(adc_common_v1.o)
 .text.adc_disable_awd_interrupt
                0x00000000        0xa /usr/lib/arm/lib/libopencm3_stm32f1.a(adc_common_v1.o)
 .text.adc_enable_eoc_interrupt
                0x00000000        0xa /usr/lib/arm/lib/libopencm3_stm32f1.a(adc_common_v1.o)
 .text.adc_disable_eoc_interrupt
                0x00000000        0xa /usr/lib/arm/lib/libopencm3_stm32f1.a(adc_common_v1.o)
 .text.adc_set_left_aligned
                0x00000000        0xa /usr/lib/arm/lib/libopencm3_stm32f1.a(adc_common_v1.o)
 .text.adc_eoc_injected
                0x00000000        0x8 /usr/lib/arm/lib/libopencm3_stm32f1.a(adc_common_v1.o)
 .text.adc_read_injected
                0x00000000       0x22 /usr/lib/arm/lib/libopencm3_stm32f1.a(adc_common_v1.o)
 .text.adc_set_continuous_conversion_mode
                0x00000000        0xa /usr/lib/arm/lib/libopencm3_stm32f1.a(adc_common_v1.o)
 .text.adc_set_watchdog_high_threshold
                0x00000000        0x8 /usr/lib/arm/lib/libopencm3_stm32f1.a(adc_common_v1.o)
 .text.adc_set_watchdog_low_threshold
                0x00000000        0x8 /usr/lib/arm/lib/libopencm3_stm32f1.a(adc_common_v1.o)
 .text.adc_set_injected_sequence
                0x00000000       0x30 /usr/lib/arm/lib/libopencm3_stm32f1.a(adc_common_v1.o)
 .text.adc_set_injected_offset
                0x00000000       0x1e /usr/lib/arm/lib/libopencm3_stm32f1.a(adc_common_v1.o)
 .text.adc_start_conversion_regular
                0x00000000       0x14 /usr/lib/arm/lib/libopencm3_stm32f1.a(adc_common_v1.o)
 .text.adc_start_conversion_injected
                0x00000000       0x14 /usr/lib/arm/lib/libopencm3_stm32f1.a(adc_common_v1.o)
 .text.adc_enable_dma
                0x00000000        0xa /usr/lib/arm/lib/libopencm3_stm32f1.a(adc_common_v1.o)
 .text.adc_disable_dma
                0x00000000        0xa /usr/lib/arm/lib/libopencm3_stm32f1.a(adc_common_v1.o)
 .debug_macro   0x00000000      0x844 /usr/lib/arm/lib/libopencm3_stm32f1.a(adc_common_v1.o)
 .debug_macro   0x00000000       0x16 /usr/lib/arm/lib/libopencm3_stm32f1.a(adc_common_v1.o)
 .debug_macro   0x00000000       0x44 /usr/lib/arm/lib/libopencm3_stm32f1.a(adc_common_v1.o)
 .debug_macro   0x00000000      0x209 /usr/lib/arm/lib/libopencm3_stm32f1.a(adc_common_v1.o)
 .debug_macro   0x00000000       0x22 /usr/lib/arm/lib/libopencm3_stm32f1.a(adc_common_v1.o)
 .debug_macro   0x00000000       0xfa /usr/lib/arm/lib/libopencm3_stm32f1.a(adc_common_v1.o)
 .debug_macro   0x00000000       0x58 /usr/lib/arm/lib/libopencm3_stm32f1.a(adc_common_v1.o)
 .debug_macro   0x00000000      0x1b4 /usr/lib/arm/lib/libopencm3_stm32f1.a(adc_common_v1.o)
 .debug_macro   0x00000000      0x449 /usr/lib/arm/lib/libopencm3_stm32f1.a(adc_common_v1.o)
 .debug_macro   0x00000000      0x456 /usr/lib/arm/lib/libopencm3_stm32f1.a(adc_common_v1.o)
 .group         0x00000000        0x8 /usr/lib/arm/lib/libopencm3_stm32f1.a(gpio.o)
 .group         0x00000000        0x8 /usr/lib/arm/lib/libopencm3_stm32f1.a(gpio.o)
 .group         0x00000000        0x8 /usr/lib/arm/lib/libopencm3_stm32f1.a(gpio.o)
 .group         0x00000000        0x8 /usr/lib/arm/lib/libopencm3_stm32f1.a(gpio.o)
 .group         0x00000000        0x8 /usr/lib/arm/lib/libopencm3_stm32f1.a(gpio.o)
 .group         0x00000000        0x8 /usr/lib/arm/lib/libopencm3_stm32f1.a(gpio.o)
 .group         0x00000000        0x8 /usr/lib/arm/lib/libopencm3_stm32f1.a(gpio.o)
 .group         0x00000000        0x8 /usr/lib/arm/lib/libopencm3_stm32f1.a(gpio.o)
 .group         0x00000000        0x8 /usr/lib/arm/lib/libopencm3_stm32f1.a(gpio.o)
 .group         0x00000000        0x8 /usr/lib/arm/lib/libopencm3_stm32f1.a(gpio.o)
 .text          0x00000000        0x0 /usr/lib/arm/lib/libopencm3_stm32f1.a(gpio.o)
 .data          0x00000000        0x0 /usr/lib/arm/lib/libopencm3_stm32f1.a(gpio.o)
 .bss           0x00000000        0x0 /usr/lib/arm/lib/libopencm3_stm32f1.a(gpio.o)
 .text.gpio_set_eventout
                0x00000000       0x10 /usr/lib/arm/lib/libopencm3_stm32f1.a(gpio.o)
 .text.gpio_primary_remap
                0x00000000       0x14 /usr/lib/arm/lib/libopencm3_stm32f1.a(gpio.o)
 .text.gpio_secondary_remap
                0x00000000       0x10 /usr/lib/arm/lib/libopencm3_stm32f1.a(gpio.o)
 .debug_macro   0x00000000      0x844 /usr/lib/arm/lib/libopencm3_stm32f1.a(gpio.o)
 .debug_macro   0x00000000       0x16 /usr/lib/arm/lib/libopencm3_stm32f1.a(gpio.o)
 .debug_macro   0x00000000       0x44 /usr/lib/arm/lib/libopencm3_stm32f1.a(gpio.o)
 .debug_macro   0x00000000      0x209 /usr/lib/arm/lib/libopencm3_stm32f1.a(gpio.o)
 .debug_macro   0x00000000       0x22 /usr/lib/arm/lib/libopencm3_stm32f1.a(gpio.o)
 .debug_macro   0x00000000       0xfa /usr/lib/arm/lib/libopencm3_stm32f1.a(gpio.o)
 .debug_macro   0x00000000       0x58 /usr/lib/arm/lib/libopencm3_stm32f1.a(gpio.o)
 .debug_macro   0x00000000      0x1b4 /usr/lib/arm/lib/libopencm3_stm32f1.a(gpio.o)
 .group         0x00000000        0x8 /usr/lib/arm/lib/libopencm3_stm32f1.a(rcc.o)
 .group         0x00000000        0x8 /usr/lib/arm/lib/libopencm3_stm32f1.a(rcc.o)
 .group         0x00000000        0x8 /usr/lib/arm/lib/libopencm3_stm32f1.a(rcc.o)
 .group         0x00000000        0x8 /usr/lib/arm/lib/libopencm3_stm32f1.a(rcc.o)
 .group         0x00000000        0x8 /usr/lib/arm/lib/libopencm3_stm32f1.a(rcc.o)
 .group         0x00000000        0x8 /usr/lib/arm/lib/libopencm3_stm32f1.a(rcc.o)
 .group         0x00000000        0x8 /usr/lib/arm/lib/libopencm3_stm32f1.a(rcc.o)
 .group         0x00000000        0x8 /usr/lib/arm/lib/libopencm3_stm32f1.a(rcc.o)
 .group         0x00000000        0x8 /usr/lib/arm/lib/libopencm3_stm32f1.a(rcc.o)
 .group         0x00000000        0x8 /usr/lib/arm/lib/libopencm3_stm32f1.a(rcc.o)
 .group         0x00000000        0x8 /usr/lib/arm/lib/libopencm3_stm32f1.a(rcc.o)
 .group         0x00000000        0x8 /usr/lib/arm/lib/libopencm3_stm32f1.a(rcc.o)
 .text          0x00000000        0x0 /usr/lib/arm/lib/libopencm3_stm32f1.a(rcc.o)
 .data          0x00000000        0x0 /usr/lib/arm/lib/libopencm3_stm32f1.a(rcc.o)
 .bss           0x00000000        0x0 /usr/lib/arm/lib/libopencm3_stm32f1.a(rcc.o)
 .text.rcc_osc_ready_int_clear
                0x00000000       0x5c /usr/lib/arm/lib/libopencm3_stm32f1.a(rcc.o)
 .text.rcc_osc_ready_int_enable
                0x00000000       0x5c /usr/lib/arm/lib/libopencm3_stm32f1.a(rcc.o)
 .text.rcc_osc_ready_int_disable
                0x00000000       0x5c /usr/lib/arm/lib/libopencm3_stm32f1.a(rcc.o)
 .text.rcc_osc_ready_int_flag
                0x00000000       0x54 /usr/lib/arm/lib/libopencm3_stm32f1.a(rcc.o)
 .text.rcc_css_int_clear
                0x00000000       0x10 /usr/lib/arm/lib/libopencm3_stm32f1.a(rcc.o)
 .text.rcc_css_int_flag
                0x00000000       0x10 /usr/lib/arm/lib/libopencm3_stm32f1.a(rcc.o)
 .text.rcc_osc_off
                0x00000000       0x58 /usr/lib/arm/lib/libopencm3_stm32f1.a(rcc.o)
 .text.rcc_css_enable
                0x00000000       0x10 /usr/lib/arm/lib/libopencm3_stm32f1.a(rcc.o)
 .text.rcc_css_disable
                0x00000000       0x10 /usr/lib/arm/lib/libopencm3_stm32f1.a(rcc.o)
 .text.rcc_osc_bypass_enable
                0x00000000       0x28 /usr/lib/arm/lib/libopencm3_stm32f1.a(rcc.o)
 .text.rcc_osc_bypass_disable
                0x00000000       0x28 /usr/lib/arm/lib/libopencm3_stm32f1.a(rcc.o)
 .text.rcc_set_pll2_multiplication_factor
                0x00000000       0x14 /usr/lib/arm/lib/libopencm3_stm32f1.a(rcc.o)
 .text.rcc_set_pll3_multiplication_factor
                0x00000000       0x14 /usr/lib/arm/lib/libopencm3_stm32f1.a(rcc.o)
 .text.rcc_rtc_clock_enabled_flag
                0x00000000       0x10 /usr/lib/arm/lib/libopencm3_stm32f1.a(rcc.o)
 .text.rcc_enable_rtc_clock
                0x00000000       0x10 /usr/lib/arm/lib/libopencm3_stm32f1.a(rcc.o)
 .text.rcc_set_rtc_clock_source
                0x00000000       0x90 /usr/lib/arm/lib/libopencm3_stm32f1.a(rcc.o)
 .text.rcc_set_usbpre
                0x00000000       0x18 /usr/lib/arm/lib/libopencm3_stm32f1.a(rcc.o)
 .text.rcc_set_prediv1
                0x00000000       0x14 /usr/lib/arm/lib/libopencm3_stm32f1.a(rcc.o)
 .text.rcc_set_prediv2
                0x00000000       0x14 /usr/lib/arm/lib/libopencm3_stm32f1.a(rcc.o)
 .text.rcc_set_prediv1_source
                0x00000000       0x18 /usr/lib/arm/lib/libopencm3_stm32f1.a(rcc.o)
 .text.rcc_system_clock_source
                0x00000000       0x10 /usr/lib/arm/lib/libopencm3_stm32f1.a(rcc.o)
 .text.rcc_clock_setup_in_hsi_out_64mhz
                0x00000000       0x74 /usr/lib/arm/lib/libopencm3_stm32f1.a(rcc.o)
 .text.rcc_clock_setup_in_hsi_out_48mhz
                0x00000000       0x84 /usr/lib/arm/lib/libopencm3_stm32f1.a(rcc.o)
 .text.rcc_clock_setup_in_hsi_out_24mhz
                0x00000000       0x70 /usr/lib/arm/lib/libopencm3_stm32f1.a(rcc.o)
 .text.rcc_clock_setup_in_hse_8mhz_out_24mhz
                0x00000000       0x88 /usr/lib/arm/lib/libopencm3_stm32f1.a(rcc.o)
 .text.rcc_clock_setup_in_hse_12mhz_out_72mhz
                0x00000000       0x8c /usr/lib/arm/lib/libopencm3_stm32f1.a(rcc.o)
 .text.rcc_clock_setup_in_hse_16mhz_out_72mhz
                0x00000000       0x8c /usr/lib/arm/lib/libopencm3_stm32f1.a(rcc.o)
 .text.rcc_clock_setup_in_hse_25mhz_out_72mhz
                0x00000000       0xa4 /usr/lib/arm/lib/libopencm3_stm32f1.a(rcc.o)
 .text.rcc_backupdomain_reset
                0x00000000       0x18 /usr/lib/arm/lib/libopencm3_stm32f1.a(rcc.o)
 .debug_macro   0x00000000      0x844 /usr/lib/arm/lib/libopencm3_stm32f1.a(rcc.o)
 .debug_macro   0x00000000       0x16 /usr/lib/arm/lib/libopencm3_stm32f1.a(rcc.o)
 .debug_macro   0x00000000       0x44 /usr/lib/arm/lib/libopencm3_stm32f1.a(rcc.o)
 .debug_macro   0x00000000      0x209 /usr/lib/arm/lib/libopencm3_stm32f1.a(rcc.o)
 .debug_macro   0x00000000       0x22 /usr/lib/arm/lib/libopencm3_stm32f1.a(rcc.o)
 .debug_macro   0x00000000       0xfa /usr/lib/arm/lib/libopencm3_stm32f1.a(rcc.o)
 .debug_macro   0x00000000       0x58 /usr/lib/arm/lib/libopencm3_stm32f1.a(rcc.o)
 .debug_macro   0x00000000      0x1b4 /usr/lib/arm/lib/libopencm3_stm32f1.a(rcc.o)
 .group         0x00000000        0x8 /usr/lib/arm/lib/libopencm3_stm32f1.a(gpio_common_all.o)
 .group         0x00000000        0x8 /usr/lib/arm/lib/libopencm3_stm32f1.a(gpio_common_all.o)
 .group         0x00000000        0x8 /usr/lib/arm/lib/libopencm3_stm32f1.a(gpio_common_all.o)
 .group         0x00000000        0x8 /usr/lib/arm/lib/libopencm3_stm32f1.a(gpio_common_all.o)
 .group         0x00000000        0x8 /usr/lib/arm/lib/libopencm3_stm32f1.a(gpio_common_all.o)
 .group         0x00000000        0x8 /usr/lib/arm/lib/libopencm3_stm32f1.a(gpio_common_all.o)
 .group         0x00000000        0x8 /usr/lib/arm/lib/libopencm3_stm32f1.a(gpio_common_all.o)
 .group         0x00000000        0x8 /usr/lib/arm/lib/libopencm3_stm32f1.a(gpio_common_all.o)
 .group         0x00000000        0x8 /usr/lib/arm/lib/libopencm3_stm32f1.a(gpio_common_all.o)
 .group         0x00000000        0x8 /usr/lib/arm/lib/libopencm3_stm32f1.a(gpio_common_all.o)
 .text          0x00000000        0x0 /usr/lib/arm/lib/libopencm3_stm32f1.a(gpio_common_all.o)
 .data          0x00000000        0x0 /usr/lib/arm/lib/libopencm3_stm32f1.a(gpio_common_all.o)
 .bss           0x00000000        0x0 /usr/lib/arm/lib/libopencm3_stm32f1.a(gpio_common_all.o)
 .text.gpio_toggle
                0x00000000       0x10 /usr/lib/arm/lib/libopencm3_stm32f1.a(gpio_common_all.o)
 .text.gpio_port_read
                0x00000000        0x6 /usr/lib/arm/lib/libopencm3_stm32f1.a(gpio_common_all.o)
 .text.gpio_port_write
                0x00000000        0x4 /usr/lib/arm/lib/libopencm3_stm32f1.a(gpio_common_all.o)
 .text.gpio_port_config_lock
                0x00000000       0x10 /usr/lib/arm/lib/libopencm3_stm32f1.a(gpio_common_all.o)
 .debug_macro   0x00000000      0x844 /usr/lib/arm/lib/libopencm3_stm32f1.a(gpio_common_all.o)
 .debug_macro   0x00000000       0x16 /usr/lib/arm/lib/libopencm3_stm32f1.a(gpio_common_all.o)
 .debug_macro   0x00000000       0x44 /usr/lib/arm/lib/libopencm3_stm32f1.a(gpio_common_all.o)
 .debug_macro   0x00000000      0x209 /usr/lib/arm/lib/libopencm3_stm32f1.a(gpio_common_all.o)
 .debug_macro   0x00000000       0x22 /usr/lib/arm/lib/libopencm3_stm32f1.a(gpio_common_all.o)
 .debug_macro   0x00000000       0xfa /usr/lib/arm/lib/libopencm3_stm32f1.a(gpio_common_all.o)
 .debug_macro   0x00000000       0x58 /usr/lib/arm/lib/libopencm3_stm32f1.a(gpio_common_all.o)
 .debug_macro   0x00000000      0x1b4 /usr/lib/arm/lib/libopencm3_stm32f1.a(gpio_common_all.o)
 .debug_macro   0x00000000       0x76 /usr/lib/arm/lib/libopencm3_stm32f1.a(gpio_common_all.o)
 .debug_macro   0x00000000      0xdfd /usr/lib/arm/lib/libopencm3_stm32f1.a(gpio_common_all.o)
 .group         0x00000000        0x8 /usr/lib/arm/lib/libopencm3_stm32f1.a(timer_common_all.o)
 .group         0x00000000        0x8 /usr/lib/arm/lib/libopencm3_stm32f1.a(timer_common_all.o)
 .group         0x00000000        0x8 /usr/lib/arm/lib/libopencm3_stm32f1.a(timer_common_all.o)
 .group         0x00000000        0x8 /usr/lib/arm/lib/libopencm3_stm32f1.a(timer_common_all.o)
 .group         0x00000000        0x8 /usr/lib/arm/lib/libopencm3_stm32f1.a(timer_common_all.o)
 .group         0x00000000        0x8 /usr/lib/arm/lib/libopencm3_stm32f1.a(timer_common_all.o)
 .group         0x00000000        0x8 /usr/lib/arm/lib/libopencm3_stm32f1.a(timer_common_all.o)
 .group         0x00000000        0x8 /usr/lib/arm/lib/libopencm3_stm32f1.a(timer_common_all.o)
 .group         0x00000000        0x8 /usr/lib/arm/lib/libopencm3_stm32f1.a(timer_common_all.o)
 .group         0x00000000        0x8 /usr/lib/arm/lib/libopencm3_stm32f1.a(timer_common_all.o)
 .text          0x00000000        0x0 /usr/lib/arm/lib/libopencm3_stm32f1.a(timer_common_all.o)
 .data          0x00000000        0x0 /usr/lib/arm/lib/libopencm3_stm32f1.a(timer_common_all.o)
 .bss           0x00000000        0x0 /usr/lib/arm/lib/libopencm3_stm32f1.a(timer_common_all.o)
 .text.timer_reset
                0x00000000       0x80 /usr/lib/arm/lib/libopencm3_stm32f1.a(timer_common_all.o)
 .text.timer_disable_irq
                0x00000000        0xa /usr/lib/arm/lib/libopencm3_stm32f1.a(timer_common_all.o)
 .text.timer_interrupt_source
                0x00000000       0x38 /usr/lib/arm/lib/libopencm3_stm32f1.a(timer_common_all.o)
 .text.timer_get_flag
                0x00000000        0xc /usr/lib/arm/lib/libopencm3_stm32f1.a(timer_common_all.o)
 .text.timer_set_clock_division
                0x00000000       0x14 /usr/lib/arm/lib/libopencm3_stm32f1.a(timer_common_all.o)
 .text.timer_enable_preload
                0x00000000        0xa /usr/lib/arm/lib/libopencm3_stm32f1.a(timer_common_all.o)
 .text.timer_disable_preload
                0x00000000        0xa /usr/lib/arm/lib/libopencm3_stm32f1.a(timer_common_all.o)
 .text.timer_set_alignment
                0x00000000       0x14 /usr/lib/arm/lib/libopencm3_stm32f1.a(timer_common_all.o)
 .text.timer_direction_up
                0x00000000        0xa /usr/lib/arm/lib/libopencm3_stm32f1.a(timer_common_all.o)
 .text.timer_direction_down
                0x00000000        0xa /usr/lib/arm/lib/libopencm3_stm32f1.a(timer_common_all.o)
 .text.timer_continuous_mode
                0x00000000        0xa /usr/lib/arm/lib/libopencm3_stm32f1.a(timer_common_all.o)
 .text.timer_update_on_any
                0x00000000        0xa /usr/lib/arm/lib/libopencm3_stm32f1.a(timer_common_all.o)
 .text.timer_update_on_overflow
                0x00000000        0xa /usr/lib/arm/lib/libopencm3_stm32f1.a(timer_common_all.o)
 .text.timer_enable_update_event
                0x00000000        0xa /usr/lib/arm/lib/libopencm3_stm32f1.a(timer_common_all.o)
 .text.timer_disable_update_event
                0x00000000        0xa /usr/lib/arm/lib/libopencm3_stm32f1.a(timer_common_all.o)
 .text.timer_disable_counter
                0x00000000        0xa /usr/lib/arm/lib/libopencm3_stm32f1.a(timer_common_all.o)
 .text.timer_set_output_idle_state
                0x00000000       0x20 /usr/lib/arm/lib/libopencm3_stm32f1.a(timer_common_all.o)
 .text.timer_reset_output_idle_state
                0x00000000       0x20 /usr/lib/arm/lib/libopencm3_stm32f1.a(timer_common_all.o)
 .text.timer_set_ti1_ch123_xor
                0x00000000        0xa /usr/lib/arm/lib/libopencm3_stm32f1.a(timer_common_all.o)
 .text.timer_set_ti1_ch1
                0x00000000        0xa /usr/lib/arm/lib/libopencm3_stm32f1.a(timer_common_all.o)
 .text.timer_set_master_mode
                0x00000000       0x10 /usr/lib/arm/lib/libopencm3_stm32f1.a(timer_common_all.o)
 .text.timer_set_dma_on_compare_event
                0x00000000        0xa /usr/lib/arm/lib/libopencm3_stm32f1.a(timer_common_all.o)
 .text.timer_set_dma_on_update_event
                0x00000000        0xa /usr/lib/arm/lib/libopencm3_stm32f1.a(timer_common_all.o)
 .text.timer_enable_compare_control_update_on_trigger
                0x00000000       0x1c /usr/lib/arm/lib/libopencm3_stm32f1.a(timer_common_all.o)
 .text.timer_disable_compare_control_update_on_trigger
                0x00000000       0x1c /usr/lib/arm/lib/libopencm3_stm32f1.a(timer_common_all.o)
 .text.timer_enable_preload_complementry_enable_bits
                0x00000000       0x1c /usr/lib/arm/lib/libopencm3_stm32f1.a(timer_common_all.o)
 .text.timer_disable_preload_complementry_enable_bits
                0x00000000       0x1c /usr/lib/arm/lib/libopencm3_stm32f1.a(timer_common_all.o)
 .text.timer_set_repetition_counter
                0x00000000       0x18 /usr/lib/arm/lib/libopencm3_stm32f1.a(timer_common_all.o)
 .text.timer_enable_oc_clear
                0x00000000       0x34 /usr/lib/arm/lib/libopencm3_stm32f1.a(timer_common_all.o)
 .text.timer_disable_oc_clear
                0x00000000       0x34 /usr/lib/arm/lib/libopencm3_stm32f1.a(timer_common_all.o)
 .text.timer_set_oc_fast_mode
                0x00000000       0x34 /usr/lib/arm/lib/libopencm3_stm32f1.a(timer_common_all.o)
 .text.timer_set_oc_slow_mode
                0x00000000       0x34 /usr/lib/arm/lib/libopencm3_stm32f1.a(timer_common_all.o)
 .text.timer_set_oc_mode
                0x00000000      0x198 /usr/lib/arm/lib/libopencm3_stm32f1.a(timer_common_all.o)
 .text.timer_enable_oc_preload
                0x00000000       0x34 /usr/lib/arm/lib/libopencm3_stm32f1.a(timer_common_all.o)
 .text.timer_disable_oc_preload
                0x00000000       0x34 /usr/lib/arm/lib/libopencm3_stm32f1.a(timer_common_all.o)
 .text.timer_set_oc_polarity_high
                0x00000000       0x68 /usr/lib/arm/lib/libopencm3_stm32f1.a(timer_common_all.o)
 .text.timer_set_oc_polarity_low
                0x00000000       0x68 /usr/lib/arm/lib/libopencm3_stm32f1.a(timer_common_all.o)
 .text.timer_enable_oc_output
                0x00000000       0x68 /usr/lib/arm/lib/libopencm3_stm32f1.a(timer_common_all.o)
 .text.timer_disable_oc_output
                0x00000000       0x68 /usr/lib/arm/lib/libopencm3_stm32f1.a(timer_common_all.o)
 .text.timer_set_oc_idle_state_set
                0x00000000       0x5c /usr/lib/arm/lib/libopencm3_stm32f1.a(timer_common_all.o)
 .text.timer_set_oc_idle_state_unset
                0x00000000       0x5c /usr/lib/arm/lib/libopencm3_stm32f1.a(timer_common_all.o)
 .text.timer_set_oc_value
                0x00000000       0x20 /usr/lib/arm/lib/libopencm3_stm32f1.a(timer_common_all.o)
 .text.timer_enable_break_main_output
                0x00000000       0x1c /usr/lib/arm/lib/libopencm3_stm32f1.a(timer_common_all.o)
 .text.timer_disable_break_main_output
                0x00000000       0x1c /usr/lib/arm/lib/libopencm3_stm32f1.a(timer_common_all.o)
 .text.timer_enable_break_automatic_output
                0x00000000       0x1c /usr/lib/arm/lib/libopencm3_stm32f1.a(timer_common_all.o)
 .text.timer_disable_break_automatic_output
                0x00000000       0x1c /usr/lib/arm/lib/libopencm3_stm32f1.a(timer_common_all.o)
 .text.timer_set_break_polarity_high
                0x00000000       0x1c /usr/lib/arm/lib/libopencm3_stm32f1.a(timer_common_all.o)
 .text.timer_set_break_polarity_low
                0x00000000       0x1c /usr/lib/arm/lib/libopencm3_stm32f1.a(timer_common_all.o)
 .text.timer_enable_break
                0x00000000       0x1c /usr/lib/arm/lib/libopencm3_stm32f1.a(timer_common_all.o)
 .text.timer_disable_break
                0x00000000       0x1c /usr/lib/arm/lib/libopencm3_stm32f1.a(timer_common_all.o)
 .text.timer_set_enabled_off_state_in_run_mode
                0x00000000       0x1c /usr/lib/arm/lib/libopencm3_stm32f1.a(timer_common_all.o)
 .text.timer_set_disabled_off_state_in_run_mode
                0x00000000       0x1c /usr/lib/arm/lib/libopencm3_stm32f1.a(timer_common_all.o)
 .text.timer_set_enabled_off_state_in_idle_mode
                0x00000000       0x1c /usr/lib/arm/lib/libopencm3_stm32f1.a(timer_common_all.o)
 .text.timer_set_disabled_off_state_in_idle_mode
                0x00000000       0x1c /usr/lib/arm/lib/libopencm3_stm32f1.a(timer_common_all.o)
 .text.timer_set_break_lock
                0x00000000       0x1c /usr/lib/arm/lib/libopencm3_stm32f1.a(timer_common_all.o)
 .text.timer_set_deadtime
                0x00000000       0x1c /usr/lib/arm/lib/libopencm3_stm32f1.a(timer_common_all.o)
 .text.timer_generate_event
                0x00000000        0x8 /usr/lib/arm/lib/libopencm3_stm32f1.a(timer_common_all.o)
 .text.timer_ic_set_filter
                0x00000000       0x50 /usr/lib/arm/lib/libopencm3_stm32f1.a(timer_common_all.o)
 .text.timer_ic_set_prescaler
                0x00000000       0x50 /usr/lib/arm/lib/libopencm3_stm32f1.a(timer_common_all.o)
 .text.timer_ic_set_input
                0x00000000       0x62 /usr/lib/arm/lib/libopencm3_stm32f1.a(timer_common_all.o)
 .text.timer_ic_enable
                0x00000000       0x10 /usr/lib/arm/lib/libopencm3_stm32f1.a(timer_common_all.o)
 .text.timer_ic_disable
                0x00000000       0x12 /usr/lib/arm/lib/libopencm3_stm32f1.a(timer_common_all.o)
 .text.timer_slave_set_filter
                0x00000000       0x12 /usr/lib/arm/lib/libopencm3_stm32f1.a(timer_common_all.o)
 .text.timer_slave_set_prescaler
                0x00000000       0x12 /usr/lib/arm/lib/libopencm3_stm32f1.a(timer_common_all.o)
 .text.timer_slave_set_polarity
                0x00000000       0x12 /usr/lib/arm/lib/libopencm3_stm32f1.a(timer_common_all.o)
 .text.timer_slave_set_mode
                0x00000000       0x10 /usr/lib/arm/lib/libopencm3_stm32f1.a(timer_common_all.o)
 .text.timer_slave_set_trigger
                0x00000000       0x10 /usr/lib/arm/lib/libopencm3_stm32f1.a(timer_common_all.o)
 .debug_macro   0x00000000      0x844 /usr/lib/arm/lib/libopencm3_stm32f1.a(timer_common_all.o)
 .debug_macro   0x00000000       0x16 /usr/lib/arm/lib/libopencm3_stm32f1.a(timer_common_all.o)
 .debug_macro   0x00000000       0x44 /usr/lib/arm/lib/libopencm3_stm32f1.a(timer_common_all.o)
 .debug_macro   0x00000000      0x209 /usr/lib/arm/lib/libopencm3_stm32f1.a(timer_common_all.o)
 .debug_macro   0x00000000       0x22 /usr/lib/arm/lib/libopencm3_stm32f1.a(timer_common_all.o)
 .debug_macro   0x00000000       0xfa /usr/lib/arm/lib/libopencm3_stm32f1.a(timer_common_all.o)
 .debug_macro   0x00000000       0x58 /usr/lib/arm/lib/libopencm3_stm32f1.a(timer_common_all.o)
 .debug_macro   0x00000000      0x1b4 /usr/lib/arm/lib/libopencm3_stm32f1.a(timer_common_all.o)
 .debug_macro   0x00000000      0x825 /usr/lib/arm/lib/libopencm3_stm32f1.a(timer_common_all.o)
 .group         0x00000000        0x8 /usr/lib/arm/lib/libopencm3_stm32f1.a(rcc_common_all.o)
 .group         0x00000000        0x8 /usr/lib/arm/lib/libopencm3_stm32f1.a(rcc_common_all.o)
 .group         0x00000000        0x8 /usr/lib/arm/lib/libopencm3_stm32f1.a(rcc_common_all.o)
 .group         0x00000000        0x8 /usr/lib/arm/lib/libopencm3_stm32f1.a(rcc_common_all.o)
 .group         0x00000000        0x8 /usr/lib/arm/lib/libopencm3_stm32f1.a(rcc_common_all.o)
 .group         0x00000000        0x8 /usr/lib/arm/lib/libopencm3_stm32f1.a(rcc_common_all.o)
 .group         0x00000000        0x8 /usr/lib/arm/lib/libopencm3_stm32f1.a(rcc_common_all.o)
 .group         0x00000000        0x8 /usr/lib/arm/lib/libopencm3_stm32f1.a(rcc_common_all.o)
 .group         0x00000000        0x8 /usr/lib/arm/lib/libopencm3_stm32f1.a(rcc_common_all.o)
 .text          0x00000000        0x0 /usr/lib/arm/lib/libopencm3_stm32f1.a(rcc_common_all.o)
 .data          0x00000000        0x0 /usr/lib/arm/lib/libopencm3_stm32f1.a(rcc_common_all.o)
 .bss           0x00000000        0x0 /usr/lib/arm/lib/libopencm3_stm32f1.a(rcc_common_all.o)
 .text.rcc_peripheral_enable_clock
                0x00000000        0x8 /usr/lib/arm/lib/libopencm3_stm32f1.a(rcc_common_all.o)
 .text.rcc_peripheral_disable_clock
                0x00000000        0xa /usr/lib/arm/lib/libopencm3_stm32f1.a(rcc_common_all.o)
 .text.rcc_peripheral_reset
                0x00000000        0x8 /usr/lib/arm/lib/libopencm3_stm32f1.a(rcc_common_all.o)
 .text.rcc_peripheral_clear_reset
                0x00000000        0xa /usr/lib/arm/lib/libopencm3_stm32f1.a(rcc_common_all.o)
 .text.rcc_periph_clock_disable
                0x00000000       0x1e /usr/lib/arm/lib/libopencm3_stm32f1.a(rcc_common_all.o)
 .text.rcc_periph_reset_pulse
                0x00000000       0x24 /usr/lib/arm/lib/libopencm3_stm32f1.a(rcc_common_all.o)
 .text.rcc_periph_reset_hold
                0x00000000       0x1c /usr/lib/arm/lib/libopencm3_stm32f1.a(rcc_common_all.o)
 .text.rcc_periph_reset_release
                0x00000000       0x1e /usr/lib/arm/lib/libopencm3_stm32f1.a(rcc_common_all.o)
 .text.rcc_set_mco
                0x00000000       0x14 /usr/lib/arm/lib/libopencm3_stm32f1.a(rcc_common_all.o)
 .debug_macro   0x00000000      0x844 /usr/lib/arm/lib/libopencm3_stm32f1.a(rcc_common_all.o)
 .debug_macro   0x00000000       0x16 /usr/lib/arm/lib/libopencm3_stm32f1.a(rcc_common_all.o)
 .debug_macro   0x00000000       0x44 /usr/lib/arm/lib/libopencm3_stm32f1.a(rcc_common_all.o)
 .debug_macro   0x00000000      0x209 /usr/lib/arm/lib/libopencm3_stm32f1.a(rcc_common_all.o)
 .debug_macro   0x00000000       0x22 /usr/lib/arm/lib/libopencm3_stm32f1.a(rcc_common_all.o)
 .debug_macro   0x00000000       0xfa /usr/lib/arm/lib/libopencm3_stm32f1.a(rcc_common_all.o)
 .debug_macro   0x00000000       0x58 /usr/lib/arm/lib/libopencm3_stm32f1.a(rcc_common_all.o)
 .debug_macro   0x00000000      0x1b4 /usr/lib/arm/lib/libopencm3_stm32f1.a(rcc_common_all.o)
 .debug_macro   0x00000000      0x825 /usr/lib/arm/lib/libopencm3_stm32f1.a(rcc_common_all.o)
 .group         0x00000000        0x8 /usr/lib/arm/lib/libopencm3_stm32f1.a(exti_common_all.o)
 .group         0x00000000        0x8 /usr/lib/arm/lib/libopencm3_stm32f1.a(exti_common_all.o)
 .group         0x00000000        0x8 /usr/lib/arm/lib/libopencm3_stm32f1.a(exti_common_all.o)
 .group         0x00000000        0x8 /usr/lib/arm/lib/libopencm3_stm32f1.a(exti_common_all.o)
 .group         0x00000000        0x8 /usr/lib/arm/lib/libopencm3_stm32f1.a(exti_common_all.o)
 .group         0x00000000        0x8 /usr/lib/arm/lib/libopencm3_stm32f1.a(exti_common_all.o)
 .group         0x00000000        0x8 /usr/lib/arm/lib/libopencm3_stm32f1.a(exti_common_all.o)
 .group         0x00000000        0x8 /usr/lib/arm/lib/libopencm3_stm32f1.a(exti_common_all.o)
 .group         0x00000000        0x8 /usr/lib/arm/lib/libopencm3_stm32f1.a(exti_common_all.o)
 .group         0x00000000        0x8 /usr/lib/arm/lib/libopencm3_stm32f1.a(exti_common_all.o)
 .group         0x00000000        0x8 /usr/lib/arm/lib/libopencm3_stm32f1.a(exti_common_all.o)
 .text          0x00000000        0x0 /usr/lib/arm/lib/libopencm3_stm32f1.a(exti_common_all.o)
 .data          0x00000000        0x0 /usr/lib/arm/lib/libopencm3_stm32f1.a(exti_common_all.o)
 .bss           0x00000000        0x0 /usr/lib/arm/lib/libopencm3_stm32f1.a(exti_common_all.o)
 .text.exti_disable_request
                0x00000000       0x18 /usr/lib/arm/lib/libopencm3_stm32f1.a(exti_common_all.o)
 .text.exti_get_flag_status
                0x00000000        0xc /usr/lib/arm/lib/libopencm3_stm32f1.a(exti_common_all.o)
 .debug_macro   0x00000000      0x844 /usr/lib/arm/lib/libopencm3_stm32f1.a(exti_common_all.o)
 .debug_macro   0x00000000       0x16 /usr/lib/arm/lib/libopencm3_stm32f1.a(exti_common_all.o)
 .debug_macro   0x00000000       0x44 /usr/lib/arm/lib/libopencm3_stm32f1.a(exti_common_all.o)
 .debug_macro   0x00000000      0x209 /usr/lib/arm/lib/libopencm3_stm32f1.a(exti_common_all.o)
 .debug_macro   0x00000000       0x22 /usr/lib/arm/lib/libopencm3_stm32f1.a(exti_common_all.o)
 .debug_macro   0x00000000       0xfa /usr/lib/arm/lib/libopencm3_stm32f1.a(exti_common_all.o)
 .debug_macro   0x00000000       0x58 /usr/lib/arm/lib/libopencm3_stm32f1.a(exti_common_all.o)
 .debug_macro   0x00000000      0x1b4 /usr/lib/arm/lib/libopencm3_stm32f1.a(exti_common_all.o)
 .debug_macro   0x00000000       0x76 /usr/lib/arm/lib/libopencm3_stm32f1.a(exti_common_all.o)
 .debug_macro   0x00000000      0xdfd /usr/lib/arm/lib/libopencm3_stm32f1.a(exti_common_all.o)
 .group         0x00000000        0x8 /usr/lib/arm/lib/libopencm3_stm32f1.a(flash_common_f01.o)
 .group         0x00000000        0x8 /usr/lib/arm/lib/libopencm3_stm32f1.a(flash_common_f01.o)
 .group         0x00000000        0x8 /usr/lib/arm/lib/libopencm3_stm32f1.a(flash_common_f01.o)
 .group         0x00000000        0x8 /usr/lib/arm/lib/libopencm3_stm32f1.a(flash_common_f01.o)
 .group         0x00000000        0x8 /usr/lib/arm/lib/libopencm3_stm32f1.a(flash_common_f01.o)
 .group         0x00000000        0x8 /usr/lib/arm/lib/libopencm3_stm32f1.a(flash_common_f01.o)
 .group         0x00000000        0x8 /usr/lib/arm/lib/libopencm3_stm32f1.a(flash_common_f01.o)
 .group         0x00000000        0x8 /usr/lib/arm/lib/libopencm3_stm32f1.a(flash_common_f01.o)
 .group         0x00000000        0x8 /usr/lib/arm/lib/libopencm3_stm32f1.a(flash_common_f01.o)
 .group         0x00000000        0x8 /usr/lib/arm/lib/libopencm3_stm32f1.a(flash_common_f01.o)
 .text          0x00000000        0x0 /usr/lib/arm/lib/libopencm3_stm32f1.a(flash_common_f01.o)
 .data          0x00000000        0x0 /usr/lib/arm/lib/libopencm3_stm32f1.a(flash_common_f01.o)
 .bss           0x00000000        0x0 /usr/lib/arm/lib/libopencm3_stm32f1.a(flash_common_f01.o)
 .text.flash_prefetch_buffer_enable
                0x00000000       0x10 /usr/lib/arm/lib/libopencm3_stm32f1.a(flash_common_f01.o)
 .text.flash_prefetch_buffer_disable
                0x00000000       0x10 /usr/lib/arm/lib/libopencm3_stm32f1.a(flash_common_f01.o)
 .text.flash_unlock
                0x00000000       0x24 /usr/lib/arm/lib/libopencm3_stm32f1.a(flash_common_f01.o)
 .text.flash_lock
                0x00000000       0x10 /usr/lib/arm/lib/libopencm3_stm32f1.a(flash_common_f01.o)
 .text.flash_clear_pgerr_flag
                0x00000000       0x10 /usr/lib/arm/lib/libopencm3_stm32f1.a(flash_common_f01.o)
 .text.flash_clear_eop_flag
                0x00000000       0x10 /usr/lib/arm/lib/libopencm3_stm32f1.a(flash_common_f01.o)
 .text.flash_clear_wrprterr_flag
                0x00000000       0x10 /usr/lib/arm/lib/libopencm3_stm32f1.a(flash_common_f01.o)
 .text.flash_clear_bsy_flag
                0x00000000       0x10 /usr/lib/arm/lib/libopencm3_stm32f1.a(flash_common_f01.o)
 .text.flash_wait_for_last_operation
                0x00000000        0xc /usr/lib/arm/lib/libopencm3_stm32f1.a(flash_common_f01.o)
 .text.flash_program_word
                0x00000000       0x18 /usr/lib/arm/lib/libopencm3_stm32f1.a(flash_common_f01.o)
 .text.flash_unlock_option_bytes
                0x00000000       0x18 /usr/lib/arm/lib/libopencm3_stm32f1.a(flash_common_f01.o)
 .text.flash_erase_option_bytes
                0x00000000       0x34 /usr/lib/arm/lib/libopencm3_stm32f1.a(flash_common_f01.o)
 .text.flash_program_option_bytes
                0x00000000       0x34 /usr/lib/arm/lib/libopencm3_stm32f1.a(flash_common_f01.o)
 .debug_macro   0x00000000      0x844 /usr/lib/arm/lib/libopencm3_stm32f1.a(flash_common_f01.o)
 .debug_macro   0x00000000       0x16 /usr/lib/arm/lib/libopencm3_stm32f1.a(flash_common_f01.o)
 .debug_macro   0x00000000       0x44 /usr/lib/arm/lib/libopencm3_stm32f1.a(flash_common_f01.o)
 .debug_macro   0x00000000      0x209 /usr/lib/arm/lib/libopencm3_stm32f1.a(flash_common_f01.o)
 .debug_macro   0x00000000       0x22 /usr/lib/arm/lib/libopencm3_stm32f1.a(flash_common_f01.o)
 .debug_macro   0x00000000       0xfa /usr/lib/arm/lib/libopencm3_stm32f1.a(flash_common_f01.o)
 .debug_macro   0x00000000       0x58 /usr/lib/arm/lib/libopencm3_stm32f1.a(flash_common_f01.o)
 .debug_macro   0x00000000      0x1b4 /usr/lib/arm/lib/libopencm3_stm32f1.a(flash_common_f01.o)
 .debug_macro   0x00000000       0xdc /usr/lib/arm/lib/libopencm3_stm32f1.a(flash_common_f01.o)
 .debug_macro   0x00000000       0x82 /usr/lib/arm/lib/libopencm3_stm32f1.a(flash_common_f01.o)
 .group         0x00000000        0x8 /usr/lib/arm/lib/libopencm3_stm32f1.a(vector.o)
 .group         0x00000000        0x8 /usr/lib/arm/lib/libopencm3_stm32f1.a(vector.o)
 .group         0x00000000        0x8 /usr/lib/arm/lib/libopencm3_stm32f1.a(vector.o)
 .group         0x00000000        0x8 /usr/lib/arm/lib/libopencm3_stm32f1.a(vector.o)
 .group         0x00000000        0x8 /usr/lib/arm/lib/libopencm3_stm32f1.a(vector.o)
 .group         0x00000000        0x8 /usr/lib/arm/lib/libopencm3_stm32f1.a(vector.o)
 .group         0x00000000        0x8 /usr/lib/arm/lib/libopencm3_stm32f1.a(vector.o)
 .group         0x00000000        0x8 /usr/lib/arm/lib/libopencm3_stm32f1.a(vector.o)
 .group         0x00000000        0x8 /usr/lib/arm/lib/libopencm3_stm32f1.a(vector.o)
 .group         0x00000000        0x8 /usr/lib/arm/lib/libopencm3_stm32f1.a(vector.o)
 .text          0x00000000        0x0 /usr/lib/arm/lib/libopencm3_stm32f1.a(vector.o)
 .data          0x00000000        0x0 /usr/lib/arm/lib/libopencm3_stm32f1.a(vector.o)
 .bss           0x00000000        0x0 /usr/lib/arm/lib/libopencm3_stm32f1.a(vector.o)
 .debug_macro   0x00000000      0x844 /usr/lib/arm/lib/libopencm3_stm32f1.a(vector.o)
 .debug_macro   0x00000000       0x58 /usr/lib/arm/lib/libopencm3_stm32f1.a(vector.o)
 .debug_macro   0x00000000       0x16 /usr/lib/arm/lib/libopencm3_stm32f1.a(vector.o)
 .debug_macro   0x00000000       0x44 /usr/lib/arm/lib/libopencm3_stm32f1.a(vector.o)
 .debug_macro   0x00000000      0x209 /usr/lib/arm/lib/libopencm3_stm32f1.a(vector.o)
 .debug_macro   0x00000000       0x22 /usr/lib/arm/lib/libopencm3_stm32f1.a(vector.o)
 .debug_macro   0x00000000       0xfa /usr/lib/arm/lib/libopencm3_stm32f1.a(vector.o)
 .group         0x00000000        0x8 /usr/lib/arm/lib/libopencm3_stm32f1.a(nvic.o)
 .group         0x00000000        0x8 /usr/lib/arm/lib/libopencm3_stm32f1.a(nvic.o)
 .group         0x00000000        0x8 /usr/lib/arm/lib/libopencm3_stm32f1.a(nvic.o)
 .group         0x00000000        0x8 /usr/lib/arm/lib/libopencm3_stm32f1.a(nvic.o)
 .group         0x00000000        0x8 /usr/lib/arm/lib/libopencm3_stm32f1.a(nvic.o)
 .group         0x00000000        0x8 /usr/lib/arm/lib/libopencm3_stm32f1.a(nvic.o)
 .group         0x00000000        0x8 /usr/lib/arm/lib/libopencm3_stm32f1.a(nvic.o)
 .group         0x00000000        0x8 /usr/lib/arm/lib/libopencm3_stm32f1.a(nvic.o)
 .group         0x00000000        0x8 /usr/lib/arm/lib/libopencm3_stm32f1.a(nvic.o)
 .group         0x00000000        0x8 /usr/lib/arm/lib/libopencm3_stm32f1.a(nvic.o)
 .text          0x00000000        0x0 /usr/lib/arm/lib/libopencm3_stm32f1.a(nvic.o)
 .data          0x00000000        0x0 /usr/lib/arm/lib/libopencm3_stm32f1.a(nvic.o)
 .bss           0x00000000        0x0 /usr/lib/arm/lib/libopencm3_stm32f1.a(nvic.o)
 .text.nvic_disable_irq
                0x00000000       0x18 /usr/lib/arm/lib/libopencm3_stm32f1.a(nvic.o)
 .text.nvic_get_pending_irq
                0x00000000       0x22 /usr/lib/arm/lib/libopencm3_stm32f1.a(nvic.o)
 .text.nvic_set_pending_irq
                0x00000000       0x1a /usr/lib/arm/lib/libopencm3_stm32f1.a(nvic.o)
 .text.nvic_clear_pending_irq
                0x00000000       0x18 /usr/lib/arm/lib/libopencm3_stm32f1.a(nvic.o)
 .text.nvic_get_irq_enabled
                0x00000000       0x22 /usr/lib/arm/lib/libopencm3_stm32f1.a(nvic.o)
 .text.nvic_set_priority
                0x00000000       0x20 /usr/lib/arm/lib/libopencm3_stm32f1.a(nvic.o)
 .text.nvic_get_active_irq
                0x00000000       0x22 /usr/lib/arm/lib/libopencm3_stm32f1.a(nvic.o)
 .text.nvic_generate_software_interrupt
                0x00000000       0x14 /usr/lib/arm/lib/libopencm3_stm32f1.a(nvic.o)
 .debug_macro   0x00000000      0x844 /usr/lib/arm/lib/libopencm3_stm32f1.a(nvic.o)
 .debug_macro   0x00000000       0x16 /usr/lib/arm/lib/libopencm3_stm32f1.a(nvic.o)
 .debug_macro   0x00000000       0x44 /usr/lib/arm/lib/libopencm3_stm32f1.a(nvic.o)
 .debug_macro   0x00000000      0x209 /usr/lib/arm/lib/libopencm3_stm32f1.a(nvic.o)
 .debug_macro   0x00000000       0x22 /usr/lib/arm/lib/libopencm3_stm32f1.a(nvic.o)
 .debug_macro   0x00000000       0xfa /usr/lib/arm/lib/libopencm3_stm32f1.a(nvic.o)
 .debug_macro   0x00000000       0x58 /usr/lib/arm/lib/libopencm3_stm32f1.a(nvic.o)
 .debug_macro   0x00000000      0x1a2 /usr/lib/arm/lib/libopencm3_stm32f1.a(nvic.o)
 .group         0x00000000        0x8 /usr/lib/arm/lib/libopencm3_stm32f1.a(assert.o)
 .group         0x00000000        0x8 /usr/lib/arm/lib/libopencm3_stm32f1.a(assert.o)
 .group         0x00000000        0x8 /usr/lib/arm/lib/libopencm3_stm32f1.a(assert.o)
 .group         0x00000000        0x8 /usr/lib/arm/lib/libopencm3_stm32f1.a(assert.o)
 .group         0x00000000        0x8 /usr/lib/arm/lib/libopencm3_stm32f1.a(assert.o)
 .group         0x00000000        0x8 /usr/lib/arm/lib/libopencm3_stm32f1.a(assert.o)
 .group         0x00000000        0x8 /usr/lib/arm/lib/libopencm3_stm32f1.a(assert.o)
 .text          0x00000000        0x0 /usr/lib/arm/lib/libopencm3_stm32f1.a(assert.o)
 .data          0x00000000        0x0 /usr/lib/arm/lib/libopencm3_stm32f1.a(assert.o)
 .bss           0x00000000        0x0 /usr/lib/arm/lib/libopencm3_stm32f1.a(assert.o)
 .text.cm3_assert_failed
                0x00000000        0x2 /usr/lib/arm/lib/libopencm3_stm32f1.a(assert.o)
 .text.cm3_assert_failed_verbose
                0x00000000        0x6 /usr/lib/arm/lib/libopencm3_stm32f1.a(assert.o)
 .debug_info    0x00000000       0xee /usr/lib/arm/lib/libopencm3_stm32f1.a(assert.o)
 .debug_abbrev  0x00000000       0x89 /usr/lib/arm/lib/libopencm3_stm32f1.a(assert.o)
 .debug_loc     0x00000000       0x84 /usr/lib/arm/lib/libopencm3_stm32f1.a(assert.o)
 .debug_aranges
                0x00000000       0x28 /usr/lib/arm/lib/libopencm3_stm32f1.a(assert.o)
 .debug_ranges  0x00000000       0x18 /usr/lib/arm/lib/libopencm3_stm32f1.a(assert.o)
 .debug_macro   0x00000000       0x69 /usr/lib/arm/lib/libopencm3_stm32f1.a(assert.o)
 .debug_macro   0x00000000      0x844 /usr/lib/arm/lib/libopencm3_stm32f1.a(assert.o)
 .debug_macro   0x00000000       0x16 /usr/lib/arm/lib/libopencm3_stm32f1.a(assert.o)
 .debug_macro   0x00000000       0x44 /usr/lib/arm/lib/libopencm3_stm32f1.a(assert.o)
 .debug_macro   0x00000000      0x209 /usr/lib/arm/lib/libopencm3_stm32f1.a(assert.o)
 .debug_macro   0x00000000       0x22 /usr/lib/arm/lib/libopencm3_stm32f1.a(assert.o)
 .debug_macro   0x00000000       0xfa /usr/lib/arm/lib/libopencm3_stm32f1.a(assert.o)
 .debug_macro   0x00000000       0x16 /usr/lib/arm/lib/libopencm3_stm32f1.a(assert.o)
 .debug_line    0x00000000      0x141 /usr/lib/arm/lib/libopencm3_stm32f1.a(assert.o)
 .debug_str     0x00000000     0x3305 /usr/lib/arm/lib/libopencm3_stm32f1.a(assert.o)
 .comment       0x00000000       0x2e /usr/lib/arm/lib/libopencm3_stm32f1.a(assert.o)
 .debug_frame   0x00000000       0x38 /usr/lib/arm/lib/libopencm3_stm32f1.a(assert.o)
 .ARM.attributes
                0x00000000       0x33 /usr/lib/arm/lib/libopencm3_stm32f1.a(assert.o)
 .group         0x00000000        0x8 /usr/lib/arm/lib/libopencm3_stm32f1.a(flash.o)
 .group         0x00000000        0x8 /usr/lib/arm/lib/libopencm3_stm32f1.a(flash.o)
 .group         0x00000000        0x8 /usr/lib/arm/lib/libopencm3_stm32f1.a(flash.o)
 .group         0x00000000        0x8 /usr/lib/arm/lib/libopencm3_stm32f1.a(flash.o)
 .group         0x00000000        0x8 /usr/lib/arm/lib/libopencm3_stm32f1.a(flash.o)
 .group         0x00000000        0x8 /usr/lib/arm/lib/libopencm3_stm32f1.a(flash.o)
 .group         0x00000000        0x8 /usr/lib/arm/lib/libopencm3_stm32f1.a(flash.o)
 .group         0x00000000        0x8 /usr/lib/arm/lib/libopencm3_stm32f1.a(flash.o)
 .group         0x00000000        0x8 /usr/lib/arm/lib/libopencm3_stm32f1.a(flash.o)
 .group         0x00000000        0x8 /usr/lib/arm/lib/libopencm3_stm32f1.a(flash.o)
 .text          0x00000000        0x0 /usr/lib/arm/lib/libopencm3_stm32f1.a(flash.o)
 .data          0x00000000        0x0 /usr/lib/arm/lib/libopencm3_stm32f1.a(flash.o)
 .bss           0x00000000        0x0 /usr/lib/arm/lib/libopencm3_stm32f1.a(flash.o)
 .text.flash_halfcycle_enable
                0x00000000       0x10 /usr/lib/arm/lib/libopencm3_stm32f1.a(flash.o)
 .text.flash_halfcycle_disable
                0x00000000       0x10 /usr/lib/arm/lib/libopencm3_stm32f1.a(flash.o)
 .text.flash_unlock_upper
                0x00000000       0x34 /usr/lib/arm/lib/libopencm3_stm32f1.a(flash.o)
 .text.flash_lock_upper
                0x00000000       0x10 /usr/lib/arm/lib/libopencm3_stm32f1.a(flash.o)
 .text.flash_clear_pgerr_flag_upper
                0x00000000       0x20 /usr/lib/arm/lib/libopencm3_stm32f1.a(flash.o)
 .text.flash_clear_eop_flag_upper
                0x00000000       0x20 /usr/lib/arm/lib/libopencm3_stm32f1.a(flash.o)
 .text.flash_clear_wrprterr_flag_upper
                0x00000000       0x20 /usr/lib/arm/lib/libopencm3_stm32f1.a(flash.o)
 .text.flash_clear_bsy_flag_upper
                0x00000000       0x20 /usr/lib/arm/lib/libopencm3_stm32f1.a(flash.o)
 .text.flash_clear_status_flags
                0x00000000       0x38 /usr/lib/arm/lib/libopencm3_stm32f1.a(flash.o)
 .text.flash_get_status_flags
                0x00000000       0x28 /usr/lib/arm/lib/libopencm3_stm32f1.a(flash.o)
 .text.flash_program_half_word
                0x00000000       0x64 /usr/lib/arm/lib/libopencm3_stm32f1.a(flash.o)
 .text.flash_erase_page
                0x00000000       0x7c /usr/lib/arm/lib/libopencm3_stm32f1.a(flash.o)
 .text.flash_erase_all_pages
                0x00000000       0x48 /usr/lib/arm/lib/libopencm3_stm32f1.a(flash.o)
 .debug_info    0x00000000      0x27f /usr/lib/arm/lib/libopencm3_stm32f1.a(flash.o)
 .debug_abbrev  0x00000000       0xf9 /usr/lib/arm/lib/libopencm3_stm32f1.a(flash.o)
 .debug_loc     0x00000000       0x9c /usr/lib/arm/lib/libopencm3_stm32f1.a(flash.o)
 .debug_aranges
                0x00000000       0x80 /usr/lib/arm/lib/libopencm3_stm32f1.a(flash.o)
 .debug_ranges  0x00000000       0x70 /usr/lib/arm/lib/libopencm3_stm32f1.a(flash.o)
 .debug_macro   0x00000000       0xa8 /usr/lib/arm/lib/libopencm3_stm32f1.a(flash.o)
 .debug_macro   0x00000000      0x844 /usr/lib/arm/lib/libopencm3_stm32f1.a(flash.o)
 .debug_macro   0x00000000       0x16 /usr/lib/arm/lib/libopencm3_stm32f1.a(flash.o)
 .debug_macro   0x00000000       0x44 /usr/lib/arm/lib/libopencm3_stm32f1.a(flash.o)
 .debug_macro   0x00000000      0x209 /usr/lib/arm/lib/libopencm3_stm32f1.a(flash.o)
 .debug_macro   0x00000000       0x22 /usr/lib/arm/lib/libopencm3_stm32f1.a(flash.o)
 .debug_macro   0x00000000       0xfa /usr/lib/arm/lib/libopencm3_stm32f1.a(flash.o)
 .debug_macro   0x00000000       0x58 /usr/lib/arm/lib/libopencm3_stm32f1.a(flash.o)
 .debug_macro   0x00000000      0x1b4 /usr/lib/arm/lib/libopencm3_stm32f1.a(flash.o)
 .debug_macro   0x00000000       0xdc /usr/lib/arm/lib/libopencm3_stm32f1.a(flash.o)
 .debug_macro   0x00000000       0x82 /usr/lib/arm/lib/libopencm3_stm32f1.a(flash.o)
 .debug_line    0x00000000      0x2fc /usr/lib/arm/lib/libopencm3_stm32f1.a(flash.o)
 .debug_str     0x00000000     0x4866 /usr/lib/arm/lib/libopencm3_stm32f1.a(flash.o)
 .comment       0x00000000       0x2e /usr/lib/arm/lib/libopencm3_stm32f1.a(flash.o)
 .debug_frame   0x00000000      0x104 /usr/lib/arm/lib/libopencm3_stm32f1.a(flash.o)
 .ARM.attributes
                0x00000000       0x33 /usr/lib/arm/lib/libopencm3_stm32f1.a(flash.o)

Memory Configuration

Name             Origin             Length             Attributes
ram              0x20000000         0x00005000         xrw
rom              0x08000000         0x00010000         xr
*default*        0x00000000         0xffffffff

Linker script and memory map

LOAD main.o
LOAD /usr/lib/arm/lib/libopencm3_stm32f1.a
START GROUP
LOAD /usr/lib/gcc/arm-none-eabi/4.8/../../../arm-none-eabi/lib/libc.a
LOAD /usr/lib/gcc/arm-none-eabi/4.8/libgcc.a
LOAD /usr/lib/gcc/arm-none-eabi/4.8/../../../arm-none-eabi/lib/libnosys.a
END GROUP
LOAD /usr/lib/gcc/arm-none-eabi/4.8/../../../arm-none-eabi/lib/libm.a
START GROUP
LOAD /usr/lib/gcc/arm-none-eabi/4.8/libgcc.a
LOAD /usr/lib/gcc/arm-none-eabi/4.8/../../../arm-none-eabi/lib/libc.a
END GROUP

.text           0x08000000      0x9e0
 *(.vectors)
 .vectors       0x08000000      0x150 /usr/lib/arm/lib/libopencm3_stm32f1.a(vector.o)
                0x08000000                vector_table
 *(.text*)
 .text.clock_setup
                0x08000150       0x34 main.o
                0x08000150                clock_setup
 .text.gpio_setup
                0x08000184       0x20 main.o
                0x08000184                gpio_setup
 .text.adc_setup
                0x080001a4       0x48 main.o
                0x080001a4                adc_setup
 .text.timer3_init
                0x080001ec       0x38 main.o
                0x080001ec                timer3_init
 .text.tim3_isr
                0x08000224       0x48 main.o
                0x08000224                tim3_isr
 .text.timer2_init
                0x0800026c       0x44 main.o
                0x0800026c                timer2_init
 .text.tim2_isr
                0x080002b0       0x6c main.o
                0x080002b0                tim2_isr
 .text.exti_setup
                0x0800031c       0x34 main.o
                0x0800031c                exti_setup
 .text.exti15_10_isr
                0x08000350       0x48 main.o
                0x08000350                exti15_10_isr
 .text.read_adc
                0x08000398       0x4c main.o
                0x08000398                read_adc
 .text.main     0x080003e4       0x74 main.o
                0x080003e4                main
 .text.adc_power_on
                0x08000458       0x10 /usr/lib/arm/lib/libopencm3_stm32f1.a(adc.o)
                0x08000458                adc_power_on
 .text.adc_start_conversion_direct
                0x08000468       0x10 /usr/lib/arm/lib/libopencm3_stm32f1.a(adc.o)
                0x08000468                adc_start_conversion_direct
 .text.adc_disable_external_trigger_regular
                0x08000478        0xa /usr/lib/arm/lib/libopencm3_stm32f1.a(adc.o)
                0x08000478                adc_disable_external_trigger_regular
 .text.adc_set_sample_time_on_all_channels
                0x08000482       0x2a /usr/lib/arm/lib/libopencm3_stm32f1.a(adc.o)
                0x08000482                adc_set_sample_time_on_all_channels
 .text.adc_power_off
                0x080004ac        0xa /usr/lib/arm/lib/libopencm3_stm32f1.a(adc_common_v1.o)
                0x080004ac                adc_power_off
 .text.adc_disable_scan_mode
                0x080004b6        0xa /usr/lib/arm/lib/libopencm3_stm32f1.a(adc_common_v1.o)
                0x080004b6                adc_disable_scan_mode
 .text.adc_set_right_aligned
                0x080004c0        0xa /usr/lib/arm/lib/libopencm3_stm32f1.a(adc_common_v1.o)
                0x080004c0                adc_set_right_aligned
 .text.adc_eoc  0x080004ca        0x8 /usr/lib/arm/lib/libopencm3_stm32f1.a(adc_common_v1.o)
                0x080004ca                adc_eoc
 .text.adc_read_regular
                0x080004d2        0x4 /usr/lib/arm/lib/libopencm3_stm32f1.a(adc_common_v1.o)
                0x080004d2                adc_read_regular
 .text.adc_set_single_conversion_mode
                0x080004d6        0xa /usr/lib/arm/lib/libopencm3_stm32f1.a(adc_common_v1.o)
                0x080004d6                adc_set_single_conversion_mode
 .text.adc_set_regular_sequence
                0x080004e0       0x80 /usr/lib/arm/lib/libopencm3_stm32f1.a(adc_common_v1.o)
                0x080004e0                adc_set_regular_sequence
 .text.gpio_set_mode
                0x08000560       0x70 /usr/lib/arm/lib/libopencm3_stm32f1.a(gpio.o)
                0x08000560                gpio_set_mode
 .text.rcc_osc_on.part.0
                0x080005d0       0x10 /usr/lib/arm/lib/libopencm3_stm32f1.a(rcc.o)
 .text.rcc_wait_for_osc_ready
                0x080005e0       0x64 /usr/lib/arm/lib/libopencm3_stm32f1.a(rcc.o)
                0x080005e0                rcc_wait_for_osc_ready
 .text.rcc_osc_on
                0x08000644       0x54 /usr/lib/arm/lib/libopencm3_stm32f1.a(rcc.o)
                0x08000644                rcc_osc_on
 .text.rcc_set_sysclk_source
                0x08000698       0x14 /usr/lib/arm/lib/libopencm3_stm32f1.a(rcc.o)
                0x08000698                rcc_set_sysclk_source
 .text.rcc_set_pll_multiplication_factor
                0x080006ac       0x14 /usr/lib/arm/lib/libopencm3_stm32f1.a(rcc.o)
                0x080006ac                rcc_set_pll_multiplication_factor
 .text.rcc_set_pll_source
                0x080006c0       0x14 /usr/lib/arm/lib/libopencm3_stm32f1.a(rcc.o)
                0x080006c0                rcc_set_pll_source
 .text.rcc_set_pllxtpre
                0x080006d4       0x14 /usr/lib/arm/lib/libopencm3_stm32f1.a(rcc.o)
                0x080006d4                rcc_set_pllxtpre
 .text.rcc_set_adcpre
                0x080006e8       0x14 /usr/lib/arm/lib/libopencm3_stm32f1.a(rcc.o)
                0x080006e8                rcc_set_adcpre
 .text.rcc_set_ppre2
                0x080006fc       0x14 /usr/lib/arm/lib/libopencm3_stm32f1.a(rcc.o)
                0x080006fc                rcc_set_ppre2
 .text.rcc_set_ppre1
                0x08000710       0x14 /usr/lib/arm/lib/libopencm3_stm32f1.a(rcc.o)
                0x08000710                rcc_set_ppre1
 .text.rcc_set_hpre
                0x08000724       0x14 /usr/lib/arm/lib/libopencm3_stm32f1.a(rcc.o)
                0x08000724                rcc_set_hpre
 .text.rcc_clock_setup_in_hse_8mhz_out_72mhz
                0x08000738       0x8c /usr/lib/arm/lib/libopencm3_stm32f1.a(rcc.o)
                0x08000738                rcc_clock_setup_in_hse_8mhz_out_72mhz
 .text.gpio_set
                0x080007c4        0x4 /usr/lib/arm/lib/libopencm3_stm32f1.a(gpio_common_all.o)
                0x080007c4                gpio_set
 .text.gpio_clear
                0x080007c8        0x6 /usr/lib/arm/lib/libopencm3_stm32f1.a(gpio_common_all.o)
                0x080007c8                gpio_clear
 .text.gpio_get
                0x080007ce        0x6 /usr/lib/arm/lib/libopencm3_stm32f1.a(gpio_common_all.o)
                0x080007ce                gpio_get
 .text.timer_enable_irq
                0x080007d4        0x8 /usr/lib/arm/lib/libopencm3_stm32f1.a(timer_common_all.o)
                0x080007d4                timer_enable_irq
 .text.timer_clear_flag
                0x080007dc        0x6 /usr/lib/arm/lib/libopencm3_stm32f1.a(timer_common_all.o)
                0x080007dc                timer_clear_flag
 .text.timer_set_mode
                0x080007e2       0x12 /usr/lib/arm/lib/libopencm3_stm32f1.a(timer_common_all.o)
                0x080007e2                timer_set_mode
 .text.timer_one_shot_mode
                0x080007f4        0xa /usr/lib/arm/lib/libopencm3_stm32f1.a(timer_common_all.o)
                0x080007f4                timer_one_shot_mode
 .text.timer_enable_counter
                0x080007fe        0xa /usr/lib/arm/lib/libopencm3_stm32f1.a(timer_common_all.o)
                0x080007fe                timer_enable_counter
 .text.timer_set_prescaler
                0x08000808        0x4 /usr/lib/arm/lib/libopencm3_stm32f1.a(timer_common_all.o)
                0x08000808                timer_set_prescaler
 .text.timer_set_period
                0x0800080c        0x4 /usr/lib/arm/lib/libopencm3_stm32f1.a(timer_common_all.o)
                0x0800080c                timer_set_period
 .text.timer_get_counter
                0x08000810        0x4 /usr/lib/arm/lib/libopencm3_stm32f1.a(timer_common_all.o)
                0x08000810                timer_get_counter
 .text.timer_set_counter
                0x08000814        0x4 /usr/lib/arm/lib/libopencm3_stm32f1.a(timer_common_all.o)
                0x08000814                timer_set_counter
 .text.rcc_periph_clock_enable
                0x08000818       0x1c /usr/lib/arm/lib/libopencm3_stm32f1.a(rcc_common_all.o)
                0x08000818                rcc_periph_clock_enable
 .text.exti_set_trigger
                0x08000834       0x3c /usr/lib/arm/lib/libopencm3_stm32f1.a(exti_common_all.o)
                0x08000834                exti_set_trigger
 .text.exti_enable_request
                0x08000870       0x14 /usr/lib/arm/lib/libopencm3_stm32f1.a(exti_common_all.o)
                0x08000870                exti_enable_request
 .text.exti_reset_request
                0x08000884        0xc /usr/lib/arm/lib/libopencm3_stm32f1.a(exti_common_all.o)
                0x08000884                exti_reset_request
 .text.exti_select_source
                0x08000890       0x8c /usr/lib/arm/lib/libopencm3_stm32f1.a(exti_common_all.o)
                0x08000890                exti_select_source
 .text.flash_set_ws
                0x0800091c       0x14 /usr/lib/arm/lib/libopencm3_stm32f1.a(flash_common_f01.o)
                0x0800091c                flash_set_ws
 .text.blocking_handler
                0x08000930        0x2 /usr/lib/arm/lib/libopencm3_stm32f1.a(vector.o)
                0x08000930                usart3_isr
                0x08000930                rtc_isr
                0x08000930                tim7_isr
                0x08000930                adc1_2_isr
                0x08000930                tim1_trg_com_isr
                0x08000930                usb_hp_can_tx_isr
                0x08000930                tim6_isr
                0x08000930                usb_wakeup_isr
                0x08000930                blocking_handler
                0x08000930                tim5_isr
                0x08000930                otg_fs_isr
                0x08000930                spi1_isr
                0x08000930                dma1_channel6_isr
                0x08000930                exti2_isr
                0x08000930                can_rx1_isr
                0x08000930                dma1_channel5_isr
                0x08000930                dma2_channel5_isr
                0x08000930                usart1_isr
                0x08000930                usage_fault_handler
                0x08000930                tim8_trg_com_isr
                0x08000930                can2_rx0_isr
                0x08000930                tim1_brk_isr
                0x08000930                can2_rx1_isr
                0x08000930                tim1_cc_isr
                0x08000930                sdio_isr
                0x08000930                eth_isr
                0x08000930                dma1_channel4_isr
                0x08000930                tim8_brk_isr
                0x08000930                dma2_channel4_5_isr
                0x08000930                pvd_isr
                0x08000930                rcc_isr
                0x08000930                flash_isr
                0x08000930                uart4_isr
                0x08000930                rtc_alarm_isr
                0x08000930                hard_fault_handler
                0x08000930                exti1_isr
                0x08000930                i2c1_ev_isr
                0x08000930                dma2_channel1_isr
                0x08000930                spi2_isr
                0x08000930                tim8_up_isr
                0x08000930                dma2_channel2_isr
                0x08000930                adc3_isr
                0x08000930                exti3_isr
                0x08000930                usart2_isr
                0x08000930                usb_lp_can_rx0_isr
                0x08000930                i2c2_er_isr
                0x08000930                i2c2_ev_isr
                0x08000930                uart5_isr
                0x08000930                fsmc_isr
                0x08000930                dma1_channel1_isr
                0x08000930                exti4_isr
                0x08000930                mem_manage_handler
                0x08000930                can2_tx_isr
                0x08000930                exti9_5_isr
                0x08000930                dma2_channel3_isr
                0x08000930                dma1_channel7_isr
                0x08000930                tim1_up_isr
                0x08000930                can2_sce_isr
                0x08000930                tim4_isr
                0x08000930                dma1_channel2_isr
                0x08000930                i2c1_er_isr
                0x08000930                can_sce_isr
                0x08000930                tim8_cc_isr
                0x08000930                tamper_isr
                0x08000930                eth_wkup_isr
                0x08000930                bus_fault_handler
                0x08000930                wwdg_isr
                0x08000930                dma1_channel3_isr
                0x08000930                spi3_isr
                0x08000930                exti0_isr
 .text.null_handler
                0x08000932        0x2 /usr/lib/arm/lib/libopencm3_stm32f1.a(vector.o)
                0x08000932                null_handler
                0x08000932                sv_call_handler
                0x08000932                pend_sv_handler
                0x08000932                debug_monitor_handler
                0x08000932                sys_tick_handler
                0x08000932                nmi_handler
 .text.reset_handler
                0x08000934       0x90 /usr/lib/arm/lib/libopencm3_stm32f1.a(vector.o)
                0x08000934                reset_handler
 .text.nvic_enable_irq
                0x080009c4       0x1a /usr/lib/arm/lib/libopencm3_stm32f1.a(nvic.o)
                0x080009c4                nvic_enable_irq
                0x080009e0                . = ALIGN (0x4)
 *fill*         0x080009de        0x2 
 *(.rodata*)
                0x080009e0                . = ALIGN (0x4)

.glue_7         0x080009e0        0x0
 .glue_7        0x080009e0        0x0 linker stubs

.glue_7t        0x080009e0        0x0
 .glue_7t       0x080009e0        0x0 linker stubs

.vfp11_veneer   0x080009e0        0x0
 .vfp11_veneer  0x080009e0        0x0 linker stubs

.v4_bx          0x080009e0        0x0
 .v4_bx         0x080009e0        0x0 linker stubs

.iplt           0x080009e0        0x0
 .iplt          0x080009e0        0x0 main.o

.rel.dyn        0x080009e0        0x0
 .rel.iplt      0x080009e0        0x0 main.o

.preinit_array  0x080009e0        0x0
                0x080009e0                . = ALIGN (0x4)
                0x080009e0                __preinit_array_start = .
 *(.preinit_array)
                0x080009e0                __preinit_array_end = .

.init_array     0x080009e0        0x0
                0x080009e0                . = ALIGN (0x4)
                0x080009e0                __init_array_start = .
 *(SORT(.init_array.*))
 *(.init_array)
                0x080009e0                __init_array_end = .

.fini_array     0x080009e0        0x0
                0x080009e0                . = ALIGN (0x4)
                0x080009e0                __fini_array_start = .
 *(.fini_array)
 *(SORT(.fini_array.*))
                0x080009e0                __fini_array_end = .

.ARM.extab
 *(.ARM.extab*)

.ARM.exidx      0x080009e0        0x0
                0x080009e0                __exidx_start = .
 *(.ARM.exidx*)
                0x080009e0                __exidx_end = .
                0x080009e0                . = ALIGN (0x4)
                0x080009e0                _etext = .

.data           0x20000000        0xc load address 0x080009e0
                0x20000000                _data = .
 *(.data*)
 .data.rcc_ahb_frequency
                0x20000000        0x4 /usr/lib/arm/lib/libopencm3_stm32f1.a(rcc.o)
                0x20000000                rcc_ahb_frequency
 .data.rcc_apb1_frequency
                0x20000004        0x4 /usr/lib/arm/lib/libopencm3_stm32f1.a(rcc.o)
                0x20000004                rcc_apb1_frequency
 .data.rcc_apb2_frequency
                0x20000008        0x4 /usr/lib/arm/lib/libopencm3_stm32f1.a(rcc.o)
                0x20000008                rcc_apb2_frequency
                0x2000000c                . = ALIGN (0x4)
                0x2000000c                _edata = .
                0x080009e0                _data_loadaddr = LOADADDR (.data)

.igot.plt       0x2000000c        0x0 load address 0x080009ec
 .igot.plt      0x2000000c        0x0 main.o

.bss            0x2000000c        0xc load address 0x080009ec
 *(.bss*)
 .bss.position1
                0x2000000c        0x4 main.o
                0x2000000c                position1
 .bss.dutyCounting
                0x20000010        0x1 main.o
                0x20000010                dutyCounting
 *fill*         0x20000011        0x1 
 .bss.dutyStart
                0x20000012        0x2 main.o
                0x20000012                dutyStart
 .bss.duty      0x20000014        0x2 main.o
                0x20000014                duty
 .bss.enable    0x20000016        0x1 main.o
                0x20000016                enable
 *(COMMON)
                0x20000018                . = ALIGN (0x4)
 *fill*         0x20000017        0x1 
                0x20000018                _ebss = .

/DISCARD/
 *(.eh_frame)
                0x20000018                . = ALIGN (0x4)
                0x20000018                end = .
                0x20005000                PROVIDE (_stack, (ORIGIN (ram) + 0x5000))
OUTPUT(program.elf elf32-littlearm)

.debug_info     0x00000000     0x4359
 .debug_info    0x00000000      0x3cb main.o
 .debug_info    0x000003cb      0x332 /usr/lib/arm/lib/libopencm3_stm32f1.a(adc.o)
 .debug_info    0x000006fd      0x7b2 /usr/lib/arm/lib/libopencm3_stm32f1.a(adc_common_v1.o)
 .debug_info    0x00000eaf      0x1db /usr/lib/arm/lib/libopencm3_stm32f1.a(gpio.o)
 .debug_info    0x0000108a     0x10b1 /usr/lib/arm/lib/libopencm3_stm32f1.a(rcc.o)
 .debug_info    0x0000213b      0x22c /usr/lib/arm/lib/libopencm3_stm32f1.a(gpio_common_all.o)
 .debug_info    0x00002367     0x1181 /usr/lib/arm/lib/libopencm3_stm32f1.a(timer_common_all.o)
 .debug_info    0x000034e8      0x53a /usr/lib/arm/lib/libopencm3_stm32f1.a(rcc_common_all.o)
 .debug_info    0x00003a22      0x204 /usr/lib/arm/lib/libopencm3_stm32f1.a(exti_common_all.o)
 .debug_info    0x00003c26      0x27f /usr/lib/arm/lib/libopencm3_stm32f1.a(flash_common_f01.o)
 .debug_info    0x00003ea5      0x2a0 /usr/lib/arm/lib/libopencm3_stm32f1.a(vector.o)
 .debug_info    0x00004145      0x214 /usr/lib/arm/lib/libopencm3_stm32f1.a(nvic.o)

.debug_abbrev   0x00000000      0xd22
 .debug_abbrev  0x00000000       0xe9 main.o
 .debug_abbrev  0x000000e9       0xef /usr/lib/arm/lib/libopencm3_stm32f1.a(adc.o)
 .debug_abbrev  0x000001d8      0x149 /usr/lib/arm/lib/libopencm3_stm32f1.a(adc_common_v1.o)
 .debug_abbrev  0x00000321       0xb7 /usr/lib/arm/lib/libopencm3_stm32f1.a(gpio.o)
 .debug_abbrev  0x000003d8      0x275 /usr/lib/arm/lib/libopencm3_stm32f1.a(rcc.o)
 .debug_abbrev  0x0000064d      0x10e /usr/lib/arm/lib/libopencm3_stm32f1.a(gpio_common_all.o)
 .debug_abbrev  0x0000075b      0x15c /usr/lib/arm/lib/libopencm3_stm32f1.a(timer_common_all.o)
 .debug_abbrev  0x000008b7       0xc1 /usr/lib/arm/lib/libopencm3_stm32f1.a(rcc_common_all.o)
 .debug_abbrev  0x00000978       0xe5 /usr/lib/arm/lib/libopencm3_stm32f1.a(exti_common_all.o)
 .debug_abbrev  0x00000a5d       0xe7 /usr/lib/arm/lib/libopencm3_stm32f1.a(flash_common_f01.o)
 .debug_abbrev  0x00000b44      0x138 /usr/lib/arm/lib/libopencm3_stm32f1.a(vector.o)
 .debug_abbrev  0x00000c7c       0xa6 /usr/lib/arm/lib/libopencm3_stm32f1.a(nvic.o)

.debug_aranges  0x00000000      0x868
 .debug_aranges
                0x00000000       0x70 main.o
 .debug_aranges
                0x00000070       0x88 /usr/lib/arm/lib/libopencm3_stm32f1.a(adc.o)
 .debug_aranges
                0x000000f8      0x148 /usr/lib/arm/lib/libopencm3_stm32f1.a(adc_common_v1.o)
 .debug_aranges
                0x00000240       0x38 /usr/lib/arm/lib/libopencm3_stm32f1.a(gpio.o)
 .debug_aranges
                0x00000278      0x160 /usr/lib/arm/lib/libopencm3_stm32f1.a(rcc.o)
 .debug_aranges
                0x000003d8       0x50 /usr/lib/arm/lib/libopencm3_stm32f1.a(gpio_common_all.o)
 .debug_aranges
                0x00000428      0x278 /usr/lib/arm/lib/libopencm3_stm32f1.a(timer_common_all.o)
 .debug_aranges
                0x000006a0       0x68 /usr/lib/arm/lib/libopencm3_stm32f1.a(rcc_common_all.o)
 .debug_aranges
                0x00000708       0x48 /usr/lib/arm/lib/libopencm3_stm32f1.a(exti_common_all.o)
 .debug_aranges
                0x00000750       0x88 /usr/lib/arm/lib/libopencm3_stm32f1.a(flash_common_f01.o)
 .debug_aranges
                0x000007d8       0x30 /usr/lib/arm/lib/libopencm3_stm32f1.a(vector.o)
 .debug_aranges
                0x00000808       0x60 /usr/lib/arm/lib/libopencm3_stm32f1.a(nvic.o)

.debug_ranges   0x00000000      0x7d8
 .debug_ranges  0x00000000       0x60 main.o
 .debug_ranges  0x00000060       0x78 /usr/lib/arm/lib/libopencm3_stm32f1.a(adc.o)
 .debug_ranges  0x000000d8      0x138 /usr/lib/arm/lib/libopencm3_stm32f1.a(adc_common_v1.o)
 .debug_ranges  0x00000210       0x28 /usr/lib/arm/lib/libopencm3_stm32f1.a(gpio.o)
 .debug_ranges  0x00000238      0x180 /usr/lib/arm/lib/libopencm3_stm32f1.a(rcc.o)
 .debug_ranges  0x000003b8       0x40 /usr/lib/arm/lib/libopencm3_stm32f1.a(gpio_common_all.o)
 .debug_ranges  0x000003f8      0x268 /usr/lib/arm/lib/libopencm3_stm32f1.a(timer_common_all.o)
 .debug_ranges  0x00000660       0x58 /usr/lib/arm/lib/libopencm3_stm32f1.a(rcc_common_all.o)
 .debug_ranges  0x000006b8       0x38 /usr/lib/arm/lib/libopencm3_stm32f1.a(exti_common_all.o)
 .debug_ranges  0x000006f0       0x78 /usr/lib/arm/lib/libopencm3_stm32f1.a(flash_common_f01.o)
 .debug_ranges  0x00000768       0x20 /usr/lib/arm/lib/libopencm3_stm32f1.a(vector.o)
 .debug_ranges  0x00000788       0x50 /usr/lib/arm/lib/libopencm3_stm32f1.a(nvic.o)

.debug_line     0x00000000     0x29bc
 .debug_line    0x00000000      0x20b main.o
 .debug_line    0x0000020b      0x305 /usr/lib/arm/lib/libopencm3_stm32f1.a(adc.o)
 .debug_line    0x00000510      0x4af /usr/lib/arm/lib/libopencm3_stm32f1.a(adc_common_v1.o)
 .debug_line    0x000009bf      0x235 /usr/lib/arm/lib/libopencm3_stm32f1.a(gpio.o)
 .debug_line    0x00000bf4      0x5d3 /usr/lib/arm/lib/libopencm3_stm32f1.a(rcc.o)
 .debug_line    0x000011c7      0x264 /usr/lib/arm/lib/libopencm3_stm32f1.a(gpio_common_all.o)
 .debug_line    0x0000142b      0x8dc /usr/lib/arm/lib/libopencm3_stm32f1.a(timer_common_all.o)
 .debug_line    0x00001d07      0x289 /usr/lib/arm/lib/libopencm3_stm32f1.a(rcc_common_all.o)
 .debug_line    0x00001f90      0x296 /usr/lib/arm/lib/libopencm3_stm32f1.a(exti_common_all.o)
 .debug_line    0x00002226      0x2f0 /usr/lib/arm/lib/libopencm3_stm32f1.a(flash_common_f01.o)
 .debug_line    0x00002516      0x275 /usr/lib/arm/lib/libopencm3_stm32f1.a(vector.o)
 .debug_line    0x0000278b      0x231 /usr/lib/arm/lib/libopencm3_stm32f1.a(nvic.o)

.debug_str      0x00000000    0x158a9
 .debug_str     0x00000000      0x3da main.o
                                0x483 (size before relaxing)
 .debug_str     0x000003da     0x63bf /usr/lib/arm/lib/libopencm3_stm32f1.a(adc.o)
                               0x6539 (size before relaxing)
 .debug_str     0x00006799      0x49c /usr/lib/arm/lib/libopencm3_stm32f1.a(adc_common_v1.o)
                               0x689d (size before relaxing)
 .debug_str     0x00006c35     0x3818 /usr/lib/arm/lib/libopencm3_stm32f1.a(gpio.o)
                               0x7732 (size before relaxing)
 .debug_str     0x0000a44d     0x304f /usr/lib/arm/lib/libopencm3_stm32f1.a(rcc.o)
                               0x6f72 (size before relaxing)
 .debug_str     0x0000d49c       0x7a /usr/lib/arm/lib/libopencm3_stm32f1.a(gpio_common_all.o)
                               0x7726 (size before relaxing)
 .debug_str     0x0000d516     0x4dbf /usr/lib/arm/lib/libopencm3_stm32f1.a(timer_common_all.o)
                               0xb0c6 (size before relaxing)
 .debug_str     0x000122d5      0x153 /usr/lib/arm/lib/libopencm3_stm32f1.a(rcc_common_all.o)
                               0x6838 (size before relaxing)
 .debug_str     0x00012428      0x41d /usr/lib/arm/lib/libopencm3_stm32f1.a(exti_common_all.o)
                               0x7b03 (size before relaxing)
 .debug_str     0x00012845      0x181 /usr/lib/arm/lib/libopencm3_stm32f1.a(flash_common_f01.o)
                               0x47d9 (size before relaxing)
 .debug_str     0x000129c6     0x24f3 /usr/lib/arm/lib/libopencm3_stm32f1.a(vector.o)
                               0x5884 (size before relaxing)
 .debug_str     0x00014eb9      0x9f0 /usr/lib/arm/lib/libopencm3_stm32f1.a(nvic.o)
                               0x458f (size before relaxing)

.comment        0x00000000       0x2d
 .comment       0x00000000       0x2d main.o
                                 0x2e (size before relaxing)
 .comment       0x0000002d       0x2e /usr/lib/arm/lib/libopencm3_stm32f1.a(adc.o)
 .comment       0x0000002d       0x2e /usr/lib/arm/lib/libopencm3_stm32f1.a(adc_common_v1.o)
 .comment       0x0000002d       0x2e /usr/lib/arm/lib/libopencm3_stm32f1.a(gpio.o)
 .comment       0x0000002d       0x2e /usr/lib/arm/lib/libopencm3_stm32f1.a(rcc.o)
 .comment       0x0000002d       0x2e /usr/lib/arm/lib/libopencm3_stm32f1.a(gpio_common_all.o)
 .comment       0x0000002d       0x2e /usr/lib/arm/lib/libopencm3_stm32f1.a(timer_common_all.o)
 .comment       0x0000002d       0x2e /usr/lib/arm/lib/libopencm3_stm32f1.a(rcc_common_all.o)
 .comment       0x0000002d       0x2e /usr/lib/arm/lib/libopencm3_stm32f1.a(exti_common_all.o)
 .comment       0x0000002d       0x2e /usr/lib/arm/lib/libopencm3_stm32f1.a(flash_common_f01.o)
 .comment       0x0000002d       0x2e /usr/lib/arm/lib/libopencm3_stm32f1.a(vector.o)
 .comment       0x0000002d       0x2e /usr/lib/arm/lib/libopencm3_stm32f1.a(nvic.o)

.ARM.attributes
                0x00000000       0x33
 .ARM.attributes
                0x00000000       0x33 main.o
 .ARM.attributes
                0x00000033       0x33 /usr/lib/arm/lib/libopencm3_stm32f1.a(adc.o)
 .ARM.attributes
                0x00000066       0x33 /usr/lib/arm/lib/libopencm3_stm32f1.a(adc_common_v1.o)
 .ARM.attributes
                0x00000099       0x33 /usr/lib/arm/lib/libopencm3_stm32f1.a(gpio.o)
 .ARM.attributes
                0x000000cc       0x33 /usr/lib/arm/lib/libopencm3_stm32f1.a(rcc.o)
 .ARM.attributes
                0x000000ff       0x33 /usr/lib/arm/lib/libopencm3_stm32f1.a(gpio_common_all.o)
 .ARM.attributes
                0x00000132       0x33 /usr/lib/arm/lib/libopencm3_stm32f1.a(timer_common_all.o)
 .ARM.attributes
                0x00000165       0x33 /usr/lib/arm/lib/libopencm3_stm32f1.a(rcc_common_all.o)
 .ARM.attributes
                0x00000198       0x33 /usr/lib/arm/lib/libopencm3_stm32f1.a(exti_common_all.o)
 .ARM.attributes
                0x000001cb       0x33 /usr/lib/arm/lib/libopencm3_stm32f1.a(flash_common_f01.o)
 .ARM.attributes
                0x000001fe       0x33 /usr/lib/arm/lib/libopencm3_stm32f1.a(vector.o)
 .ARM.attributes
                0x00000231       0x33 /usr/lib/arm/lib/libopencm3_stm32f1.a(nvic.o)

.debug_frame    0x00000000     0x10b0
 .debug_frame   0x00000000      0x14c main.o
 .debug_frame   0x0000014c      0x100 /usr/lib/arm/lib/libopencm3_stm32f1.a(adc.o)
 .debug_frame   0x0000024c      0x298 /usr/lib/arm/lib/libopencm3_stm32f1.a(adc_common_v1.o)
 .debug_frame   0x000004e4       0x64 /usr/lib/arm/lib/libopencm3_stm32f1.a(gpio.o)
 .debug_frame   0x00000548      0x2e8 /usr/lib/arm/lib/libopencm3_stm32f1.a(rcc.o)
 .debug_frame   0x00000830       0x80 /usr/lib/arm/lib/libopencm3_stm32f1.a(gpio_common_all.o)
 .debug_frame   0x000008b0      0x4d8 /usr/lib/arm/lib/libopencm3_stm32f1.a(timer_common_all.o)
 .debug_frame   0x00000d88       0xb0 /usr/lib/arm/lib/libopencm3_stm32f1.a(rcc_common_all.o)
 .debug_frame   0x00000e38       0x80 /usr/lib/arm/lib/libopencm3_stm32f1.a(exti_common_all.o)
 .debug_frame   0x00000eb8      0x118 /usr/lib/arm/lib/libopencm3_stm32f1.a(flash_common_f01.o)
 .debug_frame   0x00000fd0       0x40 /usr/lib/arm/lib/libopencm3_stm32f1.a(vector.o)
 .debug_frame   0x00001010       0xa0 /usr/lib/arm/lib/libopencm3_stm32f1.a(nvic.o)

.debug_loc      0x00000000     0x150b
 .debug_loc     0x00000000      0x183 /usr/lib/arm/lib/libopencm3_stm32f1.a(adc.o)
 .debug_loc     0x00000183      0x378 /usr/lib/arm/lib/libopencm3_stm32f1.a(adc_common_v1.o)
 .debug_loc     0x000004fb      0x175 /usr/lib/arm/lib/libopencm3_stm32f1.a(gpio.o)
 .debug_loc     0x00000670      0x338 /usr/lib/arm/lib/libopencm3_stm32f1.a(rcc.o)
 .debug_loc     0x000009a8       0x76 /usr/lib/arm/lib/libopencm3_stm32f1.a(gpio_common_all.o)
 .debug_loc     0x00000a1e      0x531 /usr/lib/arm/lib/libopencm3_stm32f1.a(timer_common_all.o)
 .debug_loc     0x00000f4f      0x14a /usr/lib/arm/lib/libopencm3_stm32f1.a(rcc_common_all.o)
 .debug_loc     0x00001099      0x1b1 /usr/lib/arm/lib/libopencm3_stm32f1.a(exti_common_all.o)
 .debug_loc     0x0000124a       0xd3 /usr/lib/arm/lib/libopencm3_stm32f1.a(flash_common_f01.o)
 .debug_loc     0x0000131d       0xac /usr/lib/arm/lib/libopencm3_stm32f1.a(vector.o)
 .debug_loc     0x000013c9      0x142 /usr/lib/arm/lib/libopencm3_stm32f1.a(nvic.o)

.debug_macro    0x00000000     0x4de9
 .debug_macro   0x00000000       0x98 /usr/lib/arm/lib/libopencm3_stm32f1.a(adc.o)
 .debug_macro   0x00000098      0x844 /usr/lib/arm/lib/libopencm3_stm32f1.a(adc.o)
 .debug_macro   0x000008dc       0x16 /usr/lib/arm/lib/libopencm3_stm32f1.a(adc.o)
 .debug_macro   0x000008f2       0x44 /usr/lib/arm/lib/libopencm3_stm32f1.a(adc.o)
 .debug_macro   0x00000936      0x209 /usr/lib/arm/lib/libopencm3_stm32f1.a(adc.o)
 .debug_macro   0x00000b3f       0x22 /usr/lib/arm/lib/libopencm3_stm32f1.a(adc.o)
 .debug_macro   0x00000b61       0xfa /usr/lib/arm/lib/libopencm3_stm32f1.a(adc.o)
 .debug_macro   0x00000c5b       0x58 /usr/lib/arm/lib/libopencm3_stm32f1.a(adc.o)
 .debug_macro   0x00000cb3      0x1b4 /usr/lib/arm/lib/libopencm3_stm32f1.a(adc.o)
 .debug_macro   0x00000e67      0x449 /usr/lib/arm/lib/libopencm3_stm32f1.a(adc.o)
 .debug_macro   0x000012b0      0x456 /usr/lib/arm/lib/libopencm3_stm32f1.a(adc.o)
 .debug_macro   0x00001706       0x98 /usr/lib/arm/lib/libopencm3_stm32f1.a(adc_common_v1.o)
 .debug_macro   0x0000179e       0x98 /usr/lib/arm/lib/libopencm3_stm32f1.a(gpio.o)
 .debug_macro   0x00001836       0x76 /usr/lib/arm/lib/libopencm3_stm32f1.a(gpio.o)
 .debug_macro   0x000018ac      0xdfd /usr/lib/arm/lib/libopencm3_stm32f1.a(gpio.o)
 .debug_macro   0x000026a9       0xbf /usr/lib/arm/lib/libopencm3_stm32f1.a(rcc.o)
 .debug_macro   0x00002768       0x16 /usr/lib/arm/lib/libopencm3_stm32f1.a(rcc.o)
 .debug_macro   0x0000277e      0x825 /usr/lib/arm/lib/libopencm3_stm32f1.a(rcc.o)
 .debug_macro   0x00002fa3       0xdc /usr/lib/arm/lib/libopencm3_stm32f1.a(rcc.o)
 .debug_macro   0x0000307f       0x82 /usr/lib/arm/lib/libopencm3_stm32f1.a(rcc.o)
 .debug_macro   0x00003101       0x98 /usr/lib/arm/lib/libopencm3_stm32f1.a(gpio_common_all.o)
 .debug_macro   0x00003199       0xb7 /usr/lib/arm/lib/libopencm3_stm32f1.a(timer_common_all.o)
 .debug_macro   0x00003250      0xf8f /usr/lib/arm/lib/libopencm3_stm32f1.a(timer_common_all.o)
 .debug_macro   0x000041df       0xae /usr/lib/arm/lib/libopencm3_stm32f1.a(rcc_common_all.o)
 .debug_macro   0x0000428d       0xaf /usr/lib/arm/lib/libopencm3_stm32f1.a(exti_common_all.o)
 .debug_macro   0x0000433c      0x112 /usr/lib/arm/lib/libopencm3_stm32f1.a(exti_common_all.o)
 .debug_macro   0x0000444e       0x98 /usr/lib/arm/lib/libopencm3_stm32f1.a(flash_common_f01.o)
 .debug_macro   0x000044e6       0xaf /usr/lib/arm/lib/libopencm3_stm32f1.a(vector.o)
 .debug_macro   0x00004595      0x3a1 /usr/lib/arm/lib/libopencm3_stm32f1.a(vector.o)
 .debug_macro   0x00004936       0x6a /usr/lib/arm/lib/libopencm3_stm32f1.a(vector.o)
 .debug_macro   0x000049a0      0x1a2 /usr/lib/arm/lib/libopencm3_stm32f1.a(vector.o)
 .debug_macro   0x00004b42       0x93 /usr/lib/arm/lib/libopencm3_stm32f1.a(nvic.o)
 .debug_macro   0x00004bd5       0x64 /usr/lib/arm/lib/libopencm3_stm32f1.a(nvic.o)
 .debug_macro   0x00004c39      0x1b0 /usr/lib/arm/lib/libopencm3_stm32f1.a(nvic.o)
