Archive member included to satisfy reference by file (symbol)

/usr/lib/arm/lib/libopencm3_stm32f1.a(gpio.o)
                              main.o (gpio_set_mode)
/usr/lib/arm/lib/libopencm3_stm32f1.a(rcc.o)
                              main.o (rcc_clock_setup_in_hse_16mhz_out_72mhz)
/usr/lib/arm/lib/libopencm3_stm32f1.a(i2c_common_all.o)
                              main.o (i2c_peripheral_enable)
/usr/lib/arm/lib/libopencm3_stm32f1.a(usart_common_all.o)
                              main.o (usart_set_baudrate)
/usr/lib/arm/lib/libopencm3_stm32f1.a(usart_common_f124.o)
                              /usr/lib/arm/lib/libopencm3_stm32f1.a(usart_common_all.o) (usart_send)
/usr/lib/arm/lib/libopencm3_stm32f1.a(rcc_common_all.o)
                              main.o (rcc_periph_clock_enable)
/usr/lib/arm/lib/libopencm3_stm32f1.a(flash_common_f01.o)
                              /usr/lib/arm/lib/libopencm3_stm32f1.a(rcc.o) (flash_set_ws)
/usr/lib/arm/lib/libopencm3_stm32f1.a(vector.o)
                              (reset_handler)
/usr/lib/arm/lib/libopencm3_stm32f1.a(assert.o)
                              /usr/lib/arm/lib/libopencm3_stm32f1.a(rcc.o) (cm3_assert_failed)
/usr/lib/arm/lib/libopencm3_stm32f1.a(flash.o)
                              /usr/lib/arm/lib/libopencm3_stm32f1.a(flash_common_f01.o) (flash_get_status_flags)

Discarded input sections

 .text          0x00000000        0x0 stts75.o
 .data          0x00000000        0x0 stts75.o
 .bss           0x00000000        0x0 stts75.o
 .text.stts75_read_temperature
                0x00000000      0x10c stts75.o
 .text          0x00000000        0x0 main.o
 .data          0x00000000        0x0 main.o
 .bss           0x00000000        0x0 main.o
 .group         0x00000000        0x8 /usr/lib/arm/lib/libopencm3_stm32f1.a(gpio.o)
 .group         0x00000000        0x8 /usr/lib/arm/lib/libopencm3_stm32f1.a(gpio.o)
 .group         0x00000000        0x8 /usr/lib/arm/lib/libopencm3_stm32f1.a(gpio.o)
 .group         0x00000000        0x8 /usr/lib/arm/lib/libopencm3_stm32f1.a(gpio.o)
 .group         0x00000000        0x8 /usr/lib/arm/lib/libopencm3_stm32f1.a(gpio.o)
 .group         0x00000000        0x8 /usr/lib/arm/lib/libopencm3_stm32f1.a(gpio.o)
 .group         0x00000000        0x8 /usr/lib/arm/lib/libopencm3_stm32f1.a(gpio.o)
 .group         0x00000000        0x8 /usr/lib/arm/lib/libopencm3_stm32f1.a(gpio.o)
 .group         0x00000000        0x8 /usr/lib/arm/lib/libopencm3_stm32f1.a(gpio.o)
 .group         0x00000000        0x8 /usr/lib/arm/lib/libopencm3_stm32f1.a(gpio.o)
 .text          0x00000000        0x0 /usr/lib/arm/lib/libopencm3_stm32f1.a(gpio.o)
 .data          0x00000000        0x0 /usr/lib/arm/lib/libopencm3_stm32f1.a(gpio.o)
 .bss           0x00000000        0x0 /usr/lib/arm/lib/libopencm3_stm32f1.a(gpio.o)
 .text.gpio_set_eventout
                0x00000000       0x10 /usr/lib/arm/lib/libopencm3_stm32f1.a(gpio.o)
 .text.gpio_primary_remap
                0x00000000       0x14 /usr/lib/arm/lib/libopencm3_stm32f1.a(gpio.o)
 .text.gpio_secondary_remap
                0x00000000       0x10 /usr/lib/arm/lib/libopencm3_stm32f1.a(gpio.o)
 .group         0x00000000        0x8 /usr/lib/arm/lib/libopencm3_stm32f1.a(rcc.o)
 .group         0x00000000        0x8 /usr/lib/arm/lib/libopencm3_stm32f1.a(rcc.o)
 .group         0x00000000        0x8 /usr/lib/arm/lib/libopencm3_stm32f1.a(rcc.o)
 .group         0x00000000        0x8 /usr/lib/arm/lib/libopencm3_stm32f1.a(rcc.o)
 .group         0x00000000        0x8 /usr/lib/arm/lib/libopencm3_stm32f1.a(rcc.o)
 .group         0x00000000        0x8 /usr/lib/arm/lib/libopencm3_stm32f1.a(rcc.o)
 .group         0x00000000        0x8 /usr/lib/arm/lib/libopencm3_stm32f1.a(rcc.o)
 .group         0x00000000        0x8 /usr/lib/arm/lib/libopencm3_stm32f1.a(rcc.o)
 .group         0x00000000        0x8 /usr/lib/arm/lib/libopencm3_stm32f1.a(rcc.o)
 .group         0x00000000        0x8 /usr/lib/arm/lib/libopencm3_stm32f1.a(rcc.o)
 .group         0x00000000        0x8 /usr/lib/arm/lib/libopencm3_stm32f1.a(rcc.o)
 .group         0x00000000        0x8 /usr/lib/arm/lib/libopencm3_stm32f1.a(rcc.o)
 .text          0x00000000        0x0 /usr/lib/arm/lib/libopencm3_stm32f1.a(rcc.o)
 .data          0x00000000        0x0 /usr/lib/arm/lib/libopencm3_stm32f1.a(rcc.o)
 .bss           0x00000000        0x0 /usr/lib/arm/lib/libopencm3_stm32f1.a(rcc.o)
 .text.rcc_osc_ready_int_clear
                0x00000000       0x5c /usr/lib/arm/lib/libopencm3_stm32f1.a(rcc.o)
 .text.rcc_osc_ready_int_enable
                0x00000000       0x5c /usr/lib/arm/lib/libopencm3_stm32f1.a(rcc.o)
 .text.rcc_osc_ready_int_disable
                0x00000000       0x5c /usr/lib/arm/lib/libopencm3_stm32f1.a(rcc.o)
 .text.rcc_osc_ready_int_flag
                0x00000000       0x54 /usr/lib/arm/lib/libopencm3_stm32f1.a(rcc.o)
 .text.rcc_css_int_clear
                0x00000000       0x10 /usr/lib/arm/lib/libopencm3_stm32f1.a(rcc.o)
 .text.rcc_css_int_flag
                0x00000000       0x10 /usr/lib/arm/lib/libopencm3_stm32f1.a(rcc.o)
 .text.rcc_osc_off
                0x00000000       0x58 /usr/lib/arm/lib/libopencm3_stm32f1.a(rcc.o)
 .text.rcc_css_enable
                0x00000000       0x10 /usr/lib/arm/lib/libopencm3_stm32f1.a(rcc.o)
 .text.rcc_css_disable
                0x00000000       0x10 /usr/lib/arm/lib/libopencm3_stm32f1.a(rcc.o)
 .text.rcc_osc_bypass_enable
                0x00000000       0x28 /usr/lib/arm/lib/libopencm3_stm32f1.a(rcc.o)
 .text.rcc_osc_bypass_disable
                0x00000000       0x28 /usr/lib/arm/lib/libopencm3_stm32f1.a(rcc.o)
 .text.rcc_set_pll2_multiplication_factor
                0x00000000       0x14 /usr/lib/arm/lib/libopencm3_stm32f1.a(rcc.o)
 .text.rcc_set_pll3_multiplication_factor
                0x00000000       0x14 /usr/lib/arm/lib/libopencm3_stm32f1.a(rcc.o)
 .text.rcc_rtc_clock_enabled_flag
                0x00000000       0x10 /usr/lib/arm/lib/libopencm3_stm32f1.a(rcc.o)
 .text.rcc_enable_rtc_clock
                0x00000000       0x10 /usr/lib/arm/lib/libopencm3_stm32f1.a(rcc.o)
 .text.rcc_set_rtc_clock_source
                0x00000000       0x90 /usr/lib/arm/lib/libopencm3_stm32f1.a(rcc.o)
 .text.rcc_set_usbpre
                0x00000000       0x18 /usr/lib/arm/lib/libopencm3_stm32f1.a(rcc.o)
 .text.rcc_set_prediv1
                0x00000000       0x14 /usr/lib/arm/lib/libopencm3_stm32f1.a(rcc.o)
 .text.rcc_set_prediv2
                0x00000000       0x14 /usr/lib/arm/lib/libopencm3_stm32f1.a(rcc.o)
 .text.rcc_set_prediv1_source
                0x00000000       0x18 /usr/lib/arm/lib/libopencm3_stm32f1.a(rcc.o)
 .text.rcc_system_clock_source
                0x00000000       0x10 /usr/lib/arm/lib/libopencm3_stm32f1.a(rcc.o)
 .text.rcc_clock_setup_in_hsi_out_64mhz
                0x00000000       0x74 /usr/lib/arm/lib/libopencm3_stm32f1.a(rcc.o)
 .text.rcc_clock_setup_in_hsi_out_48mhz
                0x00000000       0x84 /usr/lib/arm/lib/libopencm3_stm32f1.a(rcc.o)
 .text.rcc_clock_setup_in_hsi_out_24mhz
                0x00000000       0x70 /usr/lib/arm/lib/libopencm3_stm32f1.a(rcc.o)
 .text.rcc_clock_setup_in_hse_8mhz_out_24mhz
                0x00000000       0x88 /usr/lib/arm/lib/libopencm3_stm32f1.a(rcc.o)
 .text.rcc_clock_setup_in_hse_8mhz_out_72mhz
                0x00000000       0x8c /usr/lib/arm/lib/libopencm3_stm32f1.a(rcc.o)
 .text.rcc_clock_setup_in_hse_12mhz_out_72mhz
                0x00000000       0x8c /usr/lib/arm/lib/libopencm3_stm32f1.a(rcc.o)
 .text.rcc_clock_setup_in_hse_25mhz_out_72mhz
                0x00000000       0xa4 /usr/lib/arm/lib/libopencm3_stm32f1.a(rcc.o)
 .text.rcc_backupdomain_reset
                0x00000000       0x18 /usr/lib/arm/lib/libopencm3_stm32f1.a(rcc.o)
 .debug_macro   0x00000000      0x844 /usr/lib/arm/lib/libopencm3_stm32f1.a(rcc.o)
 .debug_macro   0x00000000       0x16 /usr/lib/arm/lib/libopencm3_stm32f1.a(rcc.o)
 .debug_macro   0x00000000       0x44 /usr/lib/arm/lib/libopencm3_stm32f1.a(rcc.o)
 .debug_macro   0x00000000      0x209 /usr/lib/arm/lib/libopencm3_stm32f1.a(rcc.o)
 .debug_macro   0x00000000       0x22 /usr/lib/arm/lib/libopencm3_stm32f1.a(rcc.o)
 .debug_macro   0x00000000       0xfa /usr/lib/arm/lib/libopencm3_stm32f1.a(rcc.o)
 .debug_macro   0x00000000       0x58 /usr/lib/arm/lib/libopencm3_stm32f1.a(rcc.o)
 .debug_macro   0x00000000      0x1b4 /usr/lib/arm/lib/libopencm3_stm32f1.a(rcc.o)
 .group         0x00000000        0x8 /usr/lib/arm/lib/libopencm3_stm32f1.a(i2c_common_all.o)
 .group         0x00000000        0x8 /usr/lib/arm/lib/libopencm3_stm32f1.a(i2c_common_all.o)
 .group         0x00000000        0x8 /usr/lib/arm/lib/libopencm3_stm32f1.a(i2c_common_all.o)
 .group         0x00000000        0x8 /usr/lib/arm/lib/libopencm3_stm32f1.a(i2c_common_all.o)
 .group         0x00000000        0x8 /usr/lib/arm/lib/libopencm3_stm32f1.a(i2c_common_all.o)
 .group         0x00000000        0x8 /usr/lib/arm/lib/libopencm3_stm32f1.a(i2c_common_all.o)
 .group         0x00000000        0x8 /usr/lib/arm/lib/libopencm3_stm32f1.a(i2c_common_all.o)
 .group         0x00000000        0x8 /usr/lib/arm/lib/libopencm3_stm32f1.a(i2c_common_all.o)
 .group         0x00000000        0x8 /usr/lib/arm/lib/libopencm3_stm32f1.a(i2c_common_all.o)
 .group         0x00000000        0x8 /usr/lib/arm/lib/libopencm3_stm32f1.a(i2c_common_all.o)
 .text          0x00000000        0x0 /usr/lib/arm/lib/libopencm3_stm32f1.a(i2c_common_all.o)
 .data          0x00000000        0x0 /usr/lib/arm/lib/libopencm3_stm32f1.a(i2c_common_all.o)
 .bss           0x00000000        0x0 /usr/lib/arm/lib/libopencm3_stm32f1.a(i2c_common_all.o)
 .text.i2c_reset
                0x00000000       0x24 /usr/lib/arm/lib/libopencm3_stm32f1.a(i2c_common_all.o)
 .text.i2c_clear_stop
                0x00000000        0xa /usr/lib/arm/lib/libopencm3_stm32f1.a(i2c_common_all.o)
 .text.i2c_set_own_10bit_slave_address
                0x00000000        0x8 /usr/lib/arm/lib/libopencm3_stm32f1.a(i2c_common_all.o)
 .text.i2c_set_own_7bit_slave_address_two
                0x00000000        0x6 /usr/lib/arm/lib/libopencm3_stm32f1.a(i2c_common_all.o)
 .text.i2c_enable_dual_addressing_mode
                0x00000000        0xa /usr/lib/arm/lib/libopencm3_stm32f1.a(i2c_common_all.o)
 .text.i2c_disable_dual_addressing_mode
                0x00000000        0xa /usr/lib/arm/lib/libopencm3_stm32f1.a(i2c_common_all.o)
 .text.i2c_set_standard_mode
                0x00000000        0xa /usr/lib/arm/lib/libopencm3_stm32f1.a(i2c_common_all.o)
 .text.i2c_get_data
                0x00000000        0x6 /usr/lib/arm/lib/libopencm3_stm32f1.a(i2c_common_all.o)
 .text.i2c_enable_interrupt
                0x00000000        0x8 /usr/lib/arm/lib/libopencm3_stm32f1.a(i2c_common_all.o)
 .text.i2c_disable_interrupt
                0x00000000        0xa /usr/lib/arm/lib/libopencm3_stm32f1.a(i2c_common_all.o)
 .text.i2c_enable_ack
                0x00000000        0xa /usr/lib/arm/lib/libopencm3_stm32f1.a(i2c_common_all.o)
 .text.i2c_disable_ack
                0x00000000        0xa /usr/lib/arm/lib/libopencm3_stm32f1.a(i2c_common_all.o)
 .text.i2c_nack_next
                0x00000000        0xa /usr/lib/arm/lib/libopencm3_stm32f1.a(i2c_common_all.o)
 .text.i2c_nack_current
                0x00000000        0xa /usr/lib/arm/lib/libopencm3_stm32f1.a(i2c_common_all.o)
 .text.i2c_set_dutycycle
                0x00000000       0x12 /usr/lib/arm/lib/libopencm3_stm32f1.a(i2c_common_all.o)
 .text.i2c_enable_dma
                0x00000000        0xa /usr/lib/arm/lib/libopencm3_stm32f1.a(i2c_common_all.o)
 .text.i2c_disable_dma
                0x00000000        0xa /usr/lib/arm/lib/libopencm3_stm32f1.a(i2c_common_all.o)
 .text.i2c_set_dma_last_transfer
                0x00000000        0xa /usr/lib/arm/lib/libopencm3_stm32f1.a(i2c_common_all.o)
 .text.i2c_clear_dma_last_transfer
                0x00000000        0xa /usr/lib/arm/lib/libopencm3_stm32f1.a(i2c_common_all.o)
 .debug_macro   0x00000000      0x844 /usr/lib/arm/lib/libopencm3_stm32f1.a(i2c_common_all.o)
 .debug_macro   0x00000000       0x16 /usr/lib/arm/lib/libopencm3_stm32f1.a(i2c_common_all.o)
 .debug_macro   0x00000000       0x44 /usr/lib/arm/lib/libopencm3_stm32f1.a(i2c_common_all.o)
 .debug_macro   0x00000000      0x209 /usr/lib/arm/lib/libopencm3_stm32f1.a(i2c_common_all.o)
 .debug_macro   0x00000000       0x22 /usr/lib/arm/lib/libopencm3_stm32f1.a(i2c_common_all.o)
 .debug_macro   0x00000000       0xfa /usr/lib/arm/lib/libopencm3_stm32f1.a(i2c_common_all.o)
 .debug_macro   0x00000000       0x58 /usr/lib/arm/lib/libopencm3_stm32f1.a(i2c_common_all.o)
 .debug_macro   0x00000000      0x1b4 /usr/lib/arm/lib/libopencm3_stm32f1.a(i2c_common_all.o)
 .debug_macro   0x00000000      0x825 /usr/lib/arm/lib/libopencm3_stm32f1.a(i2c_common_all.o)
 .group         0x00000000        0x8 /usr/lib/arm/lib/libopencm3_stm32f1.a(usart_common_all.o)
 .group         0x00000000        0x8 /usr/lib/arm/lib/libopencm3_stm32f1.a(usart_common_all.o)
 .group         0x00000000        0x8 /usr/lib/arm/lib/libopencm3_stm32f1.a(usart_common_all.o)
 .group         0x00000000        0x8 /usr/lib/arm/lib/libopencm3_stm32f1.a(usart_common_all.o)
 .group         0x00000000        0x8 /usr/lib/arm/lib/libopencm3_stm32f1.a(usart_common_all.o)
 .group         0x00000000        0x8 /usr/lib/arm/lib/libopencm3_stm32f1.a(usart_common_all.o)
 .group         0x00000000        0x8 /usr/lib/arm/lib/libopencm3_stm32f1.a(usart_common_all.o)
 .group         0x00000000        0x8 /usr/lib/arm/lib/libopencm3_stm32f1.a(usart_common_all.o)
 .group         0x00000000        0x8 /usr/lib/arm/lib/libopencm3_stm32f1.a(usart_common_all.o)
 .group         0x00000000        0x8 /usr/lib/arm/lib/libopencm3_stm32f1.a(usart_common_all.o)
 .group         0x00000000        0x8 /usr/lib/arm/lib/libopencm3_stm32f1.a(usart_common_all.o)
 .text          0x00000000        0x0 /usr/lib/arm/lib/libopencm3_stm32f1.a(usart_common_all.o)
 .data          0x00000000        0x0 /usr/lib/arm/lib/libopencm3_stm32f1.a(usart_common_all.o)
 .bss           0x00000000        0x0 /usr/lib/arm/lib/libopencm3_stm32f1.a(usart_common_all.o)
 .text.usart_disable
                0x00000000        0xa /usr/lib/arm/lib/libopencm3_stm32f1.a(usart_common_all.o)
 .text.usart_send_blocking
                0x00000000       0x16 /usr/lib/arm/lib/libopencm3_stm32f1.a(usart_common_all.o)
 .text.usart_recv_blocking
                0x00000000       0x12 /usr/lib/arm/lib/libopencm3_stm32f1.a(usart_common_all.o)
 .text.usart_enable_rx_dma
                0x00000000        0xa /usr/lib/arm/lib/libopencm3_stm32f1.a(usart_common_all.o)
 .text.usart_disable_rx_dma
                0x00000000        0xa /usr/lib/arm/lib/libopencm3_stm32f1.a(usart_common_all.o)
 .text.usart_enable_tx_dma
                0x00000000        0xa /usr/lib/arm/lib/libopencm3_stm32f1.a(usart_common_all.o)
 .text.usart_disable_tx_dma
                0x00000000        0xa /usr/lib/arm/lib/libopencm3_stm32f1.a(usart_common_all.o)
 .text.usart_enable_rx_interrupt
                0x00000000        0xa /usr/lib/arm/lib/libopencm3_stm32f1.a(usart_common_all.o)
 .text.usart_disable_rx_interrupt
                0x00000000        0xa /usr/lib/arm/lib/libopencm3_stm32f1.a(usart_common_all.o)
 .text.usart_enable_tx_interrupt
                0x00000000        0xa /usr/lib/arm/lib/libopencm3_stm32f1.a(usart_common_all.o)
 .text.usart_disable_tx_interrupt
                0x00000000        0xa /usr/lib/arm/lib/libopencm3_stm32f1.a(usart_common_all.o)
 .text.usart_enable_error_interrupt
                0x00000000        0xa /usr/lib/arm/lib/libopencm3_stm32f1.a(usart_common_all.o)
 .text.usart_disable_error_interrupt
                0x00000000        0xa /usr/lib/arm/lib/libopencm3_stm32f1.a(usart_common_all.o)
 .debug_macro   0x00000000      0x844 /usr/lib/arm/lib/libopencm3_stm32f1.a(usart_common_all.o)
 .debug_macro   0x00000000       0x16 /usr/lib/arm/lib/libopencm3_stm32f1.a(usart_common_all.o)
 .debug_macro   0x00000000       0x44 /usr/lib/arm/lib/libopencm3_stm32f1.a(usart_common_all.o)
 .debug_macro   0x00000000      0x209 /usr/lib/arm/lib/libopencm3_stm32f1.a(usart_common_all.o)
 .debug_macro   0x00000000       0x22 /usr/lib/arm/lib/libopencm3_stm32f1.a(usart_common_all.o)
 .debug_macro   0x00000000       0xfa /usr/lib/arm/lib/libopencm3_stm32f1.a(usart_common_all.o)
 .debug_macro   0x00000000       0x58 /usr/lib/arm/lib/libopencm3_stm32f1.a(usart_common_all.o)
 .debug_macro   0x00000000      0x1b4 /usr/lib/arm/lib/libopencm3_stm32f1.a(usart_common_all.o)
 .debug_macro   0x00000000      0x825 /usr/lib/arm/lib/libopencm3_stm32f1.a(usart_common_all.o)
 .group         0x00000000        0x8 /usr/lib/arm/lib/libopencm3_stm32f1.a(usart_common_f124.o)
 .group         0x00000000        0x8 /usr/lib/arm/lib/libopencm3_stm32f1.a(usart_common_f124.o)
 .group         0x00000000        0x8 /usr/lib/arm/lib/libopencm3_stm32f1.a(usart_common_f124.o)
 .group         0x00000000        0x8 /usr/lib/arm/lib/libopencm3_stm32f1.a(usart_common_f124.o)
 .group         0x00000000        0x8 /usr/lib/arm/lib/libopencm3_stm32f1.a(usart_common_f124.o)
 .group         0x00000000        0x8 /usr/lib/arm/lib/libopencm3_stm32f1.a(usart_common_f124.o)
 .group         0x00000000        0x8 /usr/lib/arm/lib/libopencm3_stm32f1.a(usart_common_f124.o)
 .group         0x00000000        0x8 /usr/lib/arm/lib/libopencm3_stm32f1.a(usart_common_f124.o)
 .group         0x00000000        0x8 /usr/lib/arm/lib/libopencm3_stm32f1.a(usart_common_f124.o)
 .group         0x00000000        0x8 /usr/lib/arm/lib/libopencm3_stm32f1.a(usart_common_f124.o)
 .group         0x00000000        0x8 /usr/lib/arm/lib/libopencm3_stm32f1.a(usart_common_f124.o)
 .text          0x00000000        0x0 /usr/lib/arm/lib/libopencm3_stm32f1.a(usart_common_f124.o)
 .data          0x00000000        0x0 /usr/lib/arm/lib/libopencm3_stm32f1.a(usart_common_f124.o)
 .bss           0x00000000        0x0 /usr/lib/arm/lib/libopencm3_stm32f1.a(usart_common_f124.o)
 .text.usart_send
                0x00000000        0x8 /usr/lib/arm/lib/libopencm3_stm32f1.a(usart_common_f124.o)
 .text.usart_recv
                0x00000000        0x8 /usr/lib/arm/lib/libopencm3_stm32f1.a(usart_common_f124.o)
 .text.usart_wait_send_ready
                0x00000000        0x8 /usr/lib/arm/lib/libopencm3_stm32f1.a(usart_common_f124.o)
 .text.usart_wait_recv_ready
                0x00000000        0x8 /usr/lib/arm/lib/libopencm3_stm32f1.a(usart_common_f124.o)
 .text.usart_get_flag
                0x00000000        0xc /usr/lib/arm/lib/libopencm3_stm32f1.a(usart_common_f124.o)
 .text.usart_get_interrupt_source
                0x00000000       0x30 /usr/lib/arm/lib/libopencm3_stm32f1.a(usart_common_f124.o)
 .debug_info    0x00000000      0x1bb /usr/lib/arm/lib/libopencm3_stm32f1.a(usart_common_f124.o)
 .debug_abbrev  0x00000000       0xb7 /usr/lib/arm/lib/libopencm3_stm32f1.a(usart_common_f124.o)
 .debug_loc     0x00000000       0xd4 /usr/lib/arm/lib/libopencm3_stm32f1.a(usart_common_f124.o)
 .debug_aranges
                0x00000000       0x48 /usr/lib/arm/lib/libopencm3_stm32f1.a(usart_common_f124.o)
 .debug_ranges  0x00000000       0x38 /usr/lib/arm/lib/libopencm3_stm32f1.a(usart_common_f124.o)
 .debug_macro   0x00000000       0xba /usr/lib/arm/lib/libopencm3_stm32f1.a(usart_common_f124.o)
 .debug_macro   0x00000000      0x844 /usr/lib/arm/lib/libopencm3_stm32f1.a(usart_common_f124.o)
 .debug_macro   0x00000000       0x16 /usr/lib/arm/lib/libopencm3_stm32f1.a(usart_common_f124.o)
 .debug_macro   0x00000000       0x44 /usr/lib/arm/lib/libopencm3_stm32f1.a(usart_common_f124.o)
 .debug_macro   0x00000000      0x209 /usr/lib/arm/lib/libopencm3_stm32f1.a(usart_common_f124.o)
 .debug_macro   0x00000000       0x22 /usr/lib/arm/lib/libopencm3_stm32f1.a(usart_common_f124.o)
 .debug_macro   0x00000000       0xfa /usr/lib/arm/lib/libopencm3_stm32f1.a(usart_common_f124.o)
 .debug_macro   0x00000000       0x58 /usr/lib/arm/lib/libopencm3_stm32f1.a(usart_common_f124.o)
 .debug_macro   0x00000000      0x1b4 /usr/lib/arm/lib/libopencm3_stm32f1.a(usart_common_f124.o)
 .debug_macro   0x00000000       0x8e /usr/lib/arm/lib/libopencm3_stm32f1.a(usart_common_f124.o)
 .debug_macro   0x00000000      0x273 /usr/lib/arm/lib/libopencm3_stm32f1.a(usart_common_f124.o)
 .debug_macro   0x00000000      0x825 /usr/lib/arm/lib/libopencm3_stm32f1.a(usart_common_f124.o)
 .debug_line    0x00000000      0x2aa /usr/lib/arm/lib/libopencm3_stm32f1.a(usart_common_f124.o)
 .debug_str     0x00000000     0x71ee /usr/lib/arm/lib/libopencm3_stm32f1.a(usart_common_f124.o)
 .comment       0x00000000       0x2e /usr/lib/arm/lib/libopencm3_stm32f1.a(usart_common_f124.o)
 .debug_frame   0x00000000       0x70 /usr/lib/arm/lib/libopencm3_stm32f1.a(usart_common_f124.o)
 .ARM.attributes
                0x00000000       0x33 /usr/lib/arm/lib/libopencm3_stm32f1.a(usart_common_f124.o)
 .group         0x00000000        0x8 /usr/lib/arm/lib/libopencm3_stm32f1.a(rcc_common_all.o)
 .group         0x00000000        0x8 /usr/lib/arm/lib/libopencm3_stm32f1.a(rcc_common_all.o)
 .group         0x00000000        0x8 /usr/lib/arm/lib/libopencm3_stm32f1.a(rcc_common_all.o)
 .group         0x00000000        0x8 /usr/lib/arm/lib/libopencm3_stm32f1.a(rcc_common_all.o)
 .group         0x00000000        0x8 /usr/lib/arm/lib/libopencm3_stm32f1.a(rcc_common_all.o)
 .group         0x00000000        0x8 /usr/lib/arm/lib/libopencm3_stm32f1.a(rcc_common_all.o)
 .group         0x00000000        0x8 /usr/lib/arm/lib/libopencm3_stm32f1.a(rcc_common_all.o)
 .group         0x00000000        0x8 /usr/lib/arm/lib/libopencm3_stm32f1.a(rcc_common_all.o)
 .group         0x00000000        0x8 /usr/lib/arm/lib/libopencm3_stm32f1.a(rcc_common_all.o)
 .text          0x00000000        0x0 /usr/lib/arm/lib/libopencm3_stm32f1.a(rcc_common_all.o)
 .data          0x00000000        0x0 /usr/lib/arm/lib/libopencm3_stm32f1.a(rcc_common_all.o)
 .bss           0x00000000        0x0 /usr/lib/arm/lib/libopencm3_stm32f1.a(rcc_common_all.o)
 .text.rcc_peripheral_enable_clock
                0x00000000        0x8 /usr/lib/arm/lib/libopencm3_stm32f1.a(rcc_common_all.o)
 .text.rcc_peripheral_disable_clock
                0x00000000        0xa /usr/lib/arm/lib/libopencm3_stm32f1.a(rcc_common_all.o)
 .text.rcc_peripheral_reset
                0x00000000        0x8 /usr/lib/arm/lib/libopencm3_stm32f1.a(rcc_common_all.o)
 .text.rcc_peripheral_clear_reset
                0x00000000        0xa /usr/lib/arm/lib/libopencm3_stm32f1.a(rcc_common_all.o)
 .text.rcc_periph_clock_disable
                0x00000000       0x1e /usr/lib/arm/lib/libopencm3_stm32f1.a(rcc_common_all.o)
 .text.rcc_periph_reset_pulse
                0x00000000       0x24 /usr/lib/arm/lib/libopencm3_stm32f1.a(rcc_common_all.o)
 .text.rcc_periph_reset_hold
                0x00000000       0x1c /usr/lib/arm/lib/libopencm3_stm32f1.a(rcc_common_all.o)
 .text.rcc_periph_reset_release
                0x00000000       0x1e /usr/lib/arm/lib/libopencm3_stm32f1.a(rcc_common_all.o)
 .text.rcc_set_mco
                0x00000000       0x14 /usr/lib/arm/lib/libopencm3_stm32f1.a(rcc_common_all.o)
 .debug_macro   0x00000000      0x844 /usr/lib/arm/lib/libopencm3_stm32f1.a(rcc_common_all.o)
 .debug_macro   0x00000000       0x16 /usr/lib/arm/lib/libopencm3_stm32f1.a(rcc_common_all.o)
 .debug_macro   0x00000000       0x44 /usr/lib/arm/lib/libopencm3_stm32f1.a(rcc_common_all.o)
 .debug_macro   0x00000000      0x209 /usr/lib/arm/lib/libopencm3_stm32f1.a(rcc_common_all.o)
 .debug_macro   0x00000000       0x22 /usr/lib/arm/lib/libopencm3_stm32f1.a(rcc_common_all.o)
 .debug_macro   0x00000000       0xfa /usr/lib/arm/lib/libopencm3_stm32f1.a(rcc_common_all.o)
 .debug_macro   0x00000000       0x58 /usr/lib/arm/lib/libopencm3_stm32f1.a(rcc_common_all.o)
 .debug_macro   0x00000000      0x1b4 /usr/lib/arm/lib/libopencm3_stm32f1.a(rcc_common_all.o)
 .debug_macro   0x00000000      0x825 /usr/lib/arm/lib/libopencm3_stm32f1.a(rcc_common_all.o)
 .group         0x00000000        0x8 /usr/lib/arm/lib/libopencm3_stm32f1.a(flash_common_f01.o)
 .group         0x00000000        0x8 /usr/lib/arm/lib/libopencm3_stm32f1.a(flash_common_f01.o)
 .group         0x00000000        0x8 /usr/lib/arm/lib/libopencm3_stm32f1.a(flash_common_f01.o)
 .group         0x00000000        0x8 /usr/lib/arm/lib/libopencm3_stm32f1.a(flash_common_f01.o)
 .group         0x00000000        0x8 /usr/lib/arm/lib/libopencm3_stm32f1.a(flash_common_f01.o)
 .group         0x00000000        0x8 /usr/lib/arm/lib/libopencm3_stm32f1.a(flash_common_f01.o)
 .group         0x00000000        0x8 /usr/lib/arm/lib/libopencm3_stm32f1.a(flash_common_f01.o)
 .group         0x00000000        0x8 /usr/lib/arm/lib/libopencm3_stm32f1.a(flash_common_f01.o)
 .group         0x00000000        0x8 /usr/lib/arm/lib/libopencm3_stm32f1.a(flash_common_f01.o)
 .group         0x00000000        0x8 /usr/lib/arm/lib/libopencm3_stm32f1.a(flash_common_f01.o)
 .text          0x00000000        0x0 /usr/lib/arm/lib/libopencm3_stm32f1.a(flash_common_f01.o)
 .data          0x00000000        0x0 /usr/lib/arm/lib/libopencm3_stm32f1.a(flash_common_f01.o)
 .bss           0x00000000        0x0 /usr/lib/arm/lib/libopencm3_stm32f1.a(flash_common_f01.o)
 .text.flash_prefetch_buffer_enable
                0x00000000       0x10 /usr/lib/arm/lib/libopencm3_stm32f1.a(flash_common_f01.o)
 .text.flash_prefetch_buffer_disable
                0x00000000       0x10 /usr/lib/arm/lib/libopencm3_stm32f1.a(flash_common_f01.o)
 .text.flash_unlock
                0x00000000       0x24 /usr/lib/arm/lib/libopencm3_stm32f1.a(flash_common_f01.o)
 .text.flash_lock
                0x00000000       0x10 /usr/lib/arm/lib/libopencm3_stm32f1.a(flash_common_f01.o)
 .text.flash_clear_pgerr_flag
                0x00000000       0x10 /usr/lib/arm/lib/libopencm3_stm32f1.a(flash_common_f01.o)
 .text.flash_clear_eop_flag
                0x00000000       0x10 /usr/lib/arm/lib/libopencm3_stm32f1.a(flash_common_f01.o)
 .text.flash_clear_wrprterr_flag
                0x00000000       0x10 /usr/lib/arm/lib/libopencm3_stm32f1.a(flash_common_f01.o)
 .text.flash_clear_bsy_flag
                0x00000000       0x10 /usr/lib/arm/lib/libopencm3_stm32f1.a(flash_common_f01.o)
 .text.flash_wait_for_last_operation
                0x00000000        0xc /usr/lib/arm/lib/libopencm3_stm32f1.a(flash_common_f01.o)
 .text.flash_program_word
                0x00000000       0x18 /usr/lib/arm/lib/libopencm3_stm32f1.a(flash_common_f01.o)
 .text.flash_unlock_option_bytes
                0x00000000       0x18 /usr/lib/arm/lib/libopencm3_stm32f1.a(flash_common_f01.o)
 .text.flash_erase_option_bytes
                0x00000000       0x34 /usr/lib/arm/lib/libopencm3_stm32f1.a(flash_common_f01.o)
 .text.flash_program_option_bytes
                0x00000000       0x34 /usr/lib/arm/lib/libopencm3_stm32f1.a(flash_common_f01.o)
 .debug_macro   0x00000000      0x844 /usr/lib/arm/lib/libopencm3_stm32f1.a(flash_common_f01.o)
 .debug_macro   0x00000000       0x16 /usr/lib/arm/lib/libopencm3_stm32f1.a(flash_common_f01.o)
 .debug_macro   0x00000000       0x44 /usr/lib/arm/lib/libopencm3_stm32f1.a(flash_common_f01.o)
 .debug_macro   0x00000000      0x209 /usr/lib/arm/lib/libopencm3_stm32f1.a(flash_common_f01.o)
 .debug_macro   0x00000000       0x22 /usr/lib/arm/lib/libopencm3_stm32f1.a(flash_common_f01.o)
 .debug_macro   0x00000000       0xfa /usr/lib/arm/lib/libopencm3_stm32f1.a(flash_common_f01.o)
 .debug_macro   0x00000000       0x58 /usr/lib/arm/lib/libopencm3_stm32f1.a(flash_common_f01.o)
 .debug_macro   0x00000000      0x1b4 /usr/lib/arm/lib/libopencm3_stm32f1.a(flash_common_f01.o)
 .debug_macro   0x00000000       0xdc /usr/lib/arm/lib/libopencm3_stm32f1.a(flash_common_f01.o)
 .debug_macro   0x00000000       0x82 /usr/lib/arm/lib/libopencm3_stm32f1.a(flash_common_f01.o)
 .group         0x00000000        0x8 /usr/lib/arm/lib/libopencm3_stm32f1.a(vector.o)
 .group         0x00000000        0x8 /usr/lib/arm/lib/libopencm3_stm32f1.a(vector.o)
 .group         0x00000000        0x8 /usr/lib/arm/lib/libopencm3_stm32f1.a(vector.o)
 .group         0x00000000        0x8 /usr/lib/arm/lib/libopencm3_stm32f1.a(vector.o)
 .group         0x00000000        0x8 /usr/lib/arm/lib/libopencm3_stm32f1.a(vector.o)
 .group         0x00000000        0x8 /usr/lib/arm/lib/libopencm3_stm32f1.a(vector.o)
 .group         0x00000000        0x8 /usr/lib/arm/lib/libopencm3_stm32f1.a(vector.o)
 .group         0x00000000        0x8 /usr/lib/arm/lib/libopencm3_stm32f1.a(vector.o)
 .group         0x00000000        0x8 /usr/lib/arm/lib/libopencm3_stm32f1.a(vector.o)
 .group         0x00000000        0x8 /usr/lib/arm/lib/libopencm3_stm32f1.a(vector.o)
 .text          0x00000000        0x0 /usr/lib/arm/lib/libopencm3_stm32f1.a(vector.o)
 .data          0x00000000        0x0 /usr/lib/arm/lib/libopencm3_stm32f1.a(vector.o)
 .bss           0x00000000        0x0 /usr/lib/arm/lib/libopencm3_stm32f1.a(vector.o)
 .debug_macro   0x00000000      0x844 /usr/lib/arm/lib/libopencm3_stm32f1.a(vector.o)
 .debug_macro   0x00000000       0x58 /usr/lib/arm/lib/libopencm3_stm32f1.a(vector.o)
 .debug_macro   0x00000000       0x16 /usr/lib/arm/lib/libopencm3_stm32f1.a(vector.o)
 .debug_macro   0x00000000       0x44 /usr/lib/arm/lib/libopencm3_stm32f1.a(vector.o)
 .debug_macro   0x00000000      0x209 /usr/lib/arm/lib/libopencm3_stm32f1.a(vector.o)
 .debug_macro   0x00000000       0x22 /usr/lib/arm/lib/libopencm3_stm32f1.a(vector.o)
 .debug_macro   0x00000000       0xfa /usr/lib/arm/lib/libopencm3_stm32f1.a(vector.o)
 .group         0x00000000        0x8 /usr/lib/arm/lib/libopencm3_stm32f1.a(assert.o)
 .group         0x00000000        0x8 /usr/lib/arm/lib/libopencm3_stm32f1.a(assert.o)
 .group         0x00000000        0x8 /usr/lib/arm/lib/libopencm3_stm32f1.a(assert.o)
 .group         0x00000000        0x8 /usr/lib/arm/lib/libopencm3_stm32f1.a(assert.o)
 .group         0x00000000        0x8 /usr/lib/arm/lib/libopencm3_stm32f1.a(assert.o)
 .group         0x00000000        0x8 /usr/lib/arm/lib/libopencm3_stm32f1.a(assert.o)
 .group         0x00000000        0x8 /usr/lib/arm/lib/libopencm3_stm32f1.a(assert.o)
 .text          0x00000000        0x0 /usr/lib/arm/lib/libopencm3_stm32f1.a(assert.o)
 .data          0x00000000        0x0 /usr/lib/arm/lib/libopencm3_stm32f1.a(assert.o)
 .bss           0x00000000        0x0 /usr/lib/arm/lib/libopencm3_stm32f1.a(assert.o)
 .text.cm3_assert_failed
                0x00000000        0x2 /usr/lib/arm/lib/libopencm3_stm32f1.a(assert.o)
 .text.cm3_assert_failed_verbose
                0x00000000        0x6 /usr/lib/arm/lib/libopencm3_stm32f1.a(assert.o)
 .debug_info    0x00000000       0xee /usr/lib/arm/lib/libopencm3_stm32f1.a(assert.o)
 .debug_abbrev  0x00000000       0x89 /usr/lib/arm/lib/libopencm3_stm32f1.a(assert.o)
 .debug_loc     0x00000000       0x84 /usr/lib/arm/lib/libopencm3_stm32f1.a(assert.o)
 .debug_aranges
                0x00000000       0x28 /usr/lib/arm/lib/libopencm3_stm32f1.a(assert.o)
 .debug_ranges  0x00000000       0x18 /usr/lib/arm/lib/libopencm3_stm32f1.a(assert.o)
 .debug_macro   0x00000000       0x69 /usr/lib/arm/lib/libopencm3_stm32f1.a(assert.o)
 .debug_macro   0x00000000      0x844 /usr/lib/arm/lib/libopencm3_stm32f1.a(assert.o)
 .debug_macro   0x00000000       0x16 /usr/lib/arm/lib/libopencm3_stm32f1.a(assert.o)
 .debug_macro   0x00000000       0x44 /usr/lib/arm/lib/libopencm3_stm32f1.a(assert.o)
 .debug_macro   0x00000000      0x209 /usr/lib/arm/lib/libopencm3_stm32f1.a(assert.o)
 .debug_macro   0x00000000       0x22 /usr/lib/arm/lib/libopencm3_stm32f1.a(assert.o)
 .debug_macro   0x00000000       0xfa /usr/lib/arm/lib/libopencm3_stm32f1.a(assert.o)
 .debug_macro   0x00000000       0x16 /usr/lib/arm/lib/libopencm3_stm32f1.a(assert.o)
 .debug_line    0x00000000      0x141 /usr/lib/arm/lib/libopencm3_stm32f1.a(assert.o)
 .debug_str     0x00000000     0x330b /usr/lib/arm/lib/libopencm3_stm32f1.a(assert.o)
 .comment       0x00000000       0x2e /usr/lib/arm/lib/libopencm3_stm32f1.a(assert.o)
 .debug_frame   0x00000000       0x38 /usr/lib/arm/lib/libopencm3_stm32f1.a(assert.o)
 .ARM.attributes
                0x00000000       0x33 /usr/lib/arm/lib/libopencm3_stm32f1.a(assert.o)
 .group         0x00000000        0x8 /usr/lib/arm/lib/libopencm3_stm32f1.a(flash.o)
 .group         0x00000000        0x8 /usr/lib/arm/lib/libopencm3_stm32f1.a(flash.o)
 .group         0x00000000        0x8 /usr/lib/arm/lib/libopencm3_stm32f1.a(flash.o)
 .group         0x00000000        0x8 /usr/lib/arm/lib/libopencm3_stm32f1.a(flash.o)
 .group         0x00000000        0x8 /usr/lib/arm/lib/libopencm3_stm32f1.a(flash.o)
 .group         0x00000000        0x8 /usr/lib/arm/lib/libopencm3_stm32f1.a(flash.o)
 .group         0x00000000        0x8 /usr/lib/arm/lib/libopencm3_stm32f1.a(flash.o)
 .group         0x00000000        0x8 /usr/lib/arm/lib/libopencm3_stm32f1.a(flash.o)
 .group         0x00000000        0x8 /usr/lib/arm/lib/libopencm3_stm32f1.a(flash.o)
 .group         0x00000000        0x8 /usr/lib/arm/lib/libopencm3_stm32f1.a(flash.o)
 .text          0x00000000        0x0 /usr/lib/arm/lib/libopencm3_stm32f1.a(flash.o)
 .data          0x00000000        0x0 /usr/lib/arm/lib/libopencm3_stm32f1.a(flash.o)
 .bss           0x00000000        0x0 /usr/lib/arm/lib/libopencm3_stm32f1.a(flash.o)
 .text.flash_halfcycle_enable
                0x00000000       0x10 /usr/lib/arm/lib/libopencm3_stm32f1.a(flash.o)
 .text.flash_halfcycle_disable
                0x00000000       0x10 /usr/lib/arm/lib/libopencm3_stm32f1.a(flash.o)
 .text.flash_unlock_upper
                0x00000000       0x34 /usr/lib/arm/lib/libopencm3_stm32f1.a(flash.o)
 .text.flash_lock_upper
                0x00000000       0x10 /usr/lib/arm/lib/libopencm3_stm32f1.a(flash.o)
 .text.flash_clear_pgerr_flag_upper
                0x00000000       0x20 /usr/lib/arm/lib/libopencm3_stm32f1.a(flash.o)
 .text.flash_clear_eop_flag_upper
                0x00000000       0x20 /usr/lib/arm/lib/libopencm3_stm32f1.a(flash.o)
 .text.flash_clear_wrprterr_flag_upper
                0x00000000       0x20 /usr/lib/arm/lib/libopencm3_stm32f1.a(flash.o)
 .text.flash_clear_bsy_flag_upper
                0x00000000       0x20 /usr/lib/arm/lib/libopencm3_stm32f1.a(flash.o)
 .text.flash_clear_status_flags
                0x00000000       0x38 /usr/lib/arm/lib/libopencm3_stm32f1.a(flash.o)
 .text.flash_get_status_flags
                0x00000000       0x28 /usr/lib/arm/lib/libopencm3_stm32f1.a(flash.o)
 .text.flash_program_half_word
                0x00000000       0x64 /usr/lib/arm/lib/libopencm3_stm32f1.a(flash.o)
 .text.flash_erase_page
                0x00000000       0x7c /usr/lib/arm/lib/libopencm3_stm32f1.a(flash.o)
 .text.flash_erase_all_pages
                0x00000000       0x48 /usr/lib/arm/lib/libopencm3_stm32f1.a(flash.o)
 .debug_info    0x00000000      0x27f /usr/lib/arm/lib/libopencm3_stm32f1.a(flash.o)
 .debug_abbrev  0x00000000       0xf9 /usr/lib/arm/lib/libopencm3_stm32f1.a(flash.o)
 .debug_loc     0x00000000       0x9c /usr/lib/arm/lib/libopencm3_stm32f1.a(flash.o)
 .debug_aranges
                0x00000000       0x80 /usr/lib/arm/lib/libopencm3_stm32f1.a(flash.o)
 .debug_ranges  0x00000000       0x70 /usr/lib/arm/lib/libopencm3_stm32f1.a(flash.o)
 .debug_macro   0x00000000       0xa8 /usr/lib/arm/lib/libopencm3_stm32f1.a(flash.o)
 .debug_macro   0x00000000      0x844 /usr/lib/arm/lib/libopencm3_stm32f1.a(flash.o)
 .debug_macro   0x00000000       0x16 /usr/lib/arm/lib/libopencm3_stm32f1.a(flash.o)
 .debug_macro   0x00000000       0x44 /usr/lib/arm/lib/libopencm3_stm32f1.a(flash.o)
 .debug_macro   0x00000000      0x209 /usr/lib/arm/lib/libopencm3_stm32f1.a(flash.o)
 .debug_macro   0x00000000       0x22 /usr/lib/arm/lib/libopencm3_stm32f1.a(flash.o)
 .debug_macro   0x00000000       0xfa /usr/lib/arm/lib/libopencm3_stm32f1.a(flash.o)
 .debug_macro   0x00000000       0x58 /usr/lib/arm/lib/libopencm3_stm32f1.a(flash.o)
 .debug_macro   0x00000000      0x1b4 /usr/lib/arm/lib/libopencm3_stm32f1.a(flash.o)
 .debug_macro   0x00000000       0xdc /usr/lib/arm/lib/libopencm3_stm32f1.a(flash.o)
 .debug_macro   0x00000000       0x82 /usr/lib/arm/lib/libopencm3_stm32f1.a(flash.o)
 .debug_line    0x00000000      0x2fc /usr/lib/arm/lib/libopencm3_stm32f1.a(flash.o)
 .debug_str     0x00000000     0x486c /usr/lib/arm/lib/libopencm3_stm32f1.a(flash.o)
 .comment       0x00000000       0x2e /usr/lib/arm/lib/libopencm3_stm32f1.a(flash.o)
 .debug_frame   0x00000000      0x104 /usr/lib/arm/lib/libopencm3_stm32f1.a(flash.o)
 .ARM.attributes
                0x00000000       0x33 /usr/lib/arm/lib/libopencm3_stm32f1.a(flash.o)

Memory Configuration

Name             Origin             Length             Attributes
ram              0x20000000         0x00005000         xrw
rom              0x08000000         0x00010000         xr
*default*        0x00000000         0xffffffff

Linker script and memory map

LOAD stts75.o
LOAD main.o
LOAD /usr/lib/arm/lib/libopencm3_stm32f1.a
START GROUP
LOAD /usr/lib/gcc/arm-none-eabi/4.8/../../../arm-none-eabi/lib/libc.a
LOAD /usr/lib/gcc/arm-none-eabi/4.8/libgcc.a
LOAD /usr/lib/gcc/arm-none-eabi/4.8/../../../arm-none-eabi/lib/libnosys.a
END GROUP
LOAD /usr/lib/gcc/arm-none-eabi/4.8/../../../arm-none-eabi/lib/libm.a
START GROUP
LOAD /usr/lib/gcc/arm-none-eabi/4.8/libgcc.a
LOAD /usr/lib/gcc/arm-none-eabi/4.8/../../../arm-none-eabi/lib/libc.a
END GROUP

.text           0x08000000      0x6f8
 *(.vectors)
 .vectors       0x08000000      0x150 /usr/lib/arm/lib/libopencm3_stm32f1.a(vector.o)
                0x08000000                vector_table
 *(.text*)
 .text.stts75_write_temp_os
                0x08000150       0x78 stts75.o
                0x08000150                stts75_write_temp_os
 .text.usart_setup
                0x080001c8       0x64 main.o
 .text.gpio_setup
                0x0800022c       0x2c main.o
 .text.i2c_setup
                0x08000258       0x60 main.o
 .text.main     0x080002b8       0x3c main.o
                0x080002b8                main
 .text.gpio_set_mode
                0x080002f4       0x70 /usr/lib/arm/lib/libopencm3_stm32f1.a(gpio.o)
                0x080002f4                gpio_set_mode
 .text.rcc_osc_on.part.0
                0x08000364       0x10 /usr/lib/arm/lib/libopencm3_stm32f1.a(rcc.o)
 .text.rcc_wait_for_osc_ready
                0x08000374       0x64 /usr/lib/arm/lib/libopencm3_stm32f1.a(rcc.o)
                0x08000374                rcc_wait_for_osc_ready
 .text.rcc_osc_on
                0x080003d8       0x54 /usr/lib/arm/lib/libopencm3_stm32f1.a(rcc.o)
                0x080003d8                rcc_osc_on
 .text.rcc_set_sysclk_source
                0x0800042c       0x14 /usr/lib/arm/lib/libopencm3_stm32f1.a(rcc.o)
                0x0800042c                rcc_set_sysclk_source
 .text.rcc_set_pll_multiplication_factor
                0x08000440       0x14 /usr/lib/arm/lib/libopencm3_stm32f1.a(rcc.o)
                0x08000440                rcc_set_pll_multiplication_factor
 .text.rcc_set_pll_source
                0x08000454       0x14 /usr/lib/arm/lib/libopencm3_stm32f1.a(rcc.o)
                0x08000454                rcc_set_pll_source
 .text.rcc_set_pllxtpre
                0x08000468       0x14 /usr/lib/arm/lib/libopencm3_stm32f1.a(rcc.o)
                0x08000468                rcc_set_pllxtpre
 .text.rcc_set_adcpre
                0x0800047c       0x14 /usr/lib/arm/lib/libopencm3_stm32f1.a(rcc.o)
                0x0800047c                rcc_set_adcpre
 .text.rcc_set_ppre2
                0x08000490       0x14 /usr/lib/arm/lib/libopencm3_stm32f1.a(rcc.o)
                0x08000490                rcc_set_ppre2
 .text.rcc_set_ppre1
                0x080004a4       0x14 /usr/lib/arm/lib/libopencm3_stm32f1.a(rcc.o)
                0x080004a4                rcc_set_ppre1
 .text.rcc_set_hpre
                0x080004b8       0x14 /usr/lib/arm/lib/libopencm3_stm32f1.a(rcc.o)
                0x080004b8                rcc_set_hpre
 .text.rcc_clock_setup_in_hse_16mhz_out_72mhz
                0x080004cc       0x8c /usr/lib/arm/lib/libopencm3_stm32f1.a(rcc.o)
                0x080004cc                rcc_clock_setup_in_hse_16mhz_out_72mhz
 .text.i2c_peripheral_enable
                0x08000558        0xa /usr/lib/arm/lib/libopencm3_stm32f1.a(i2c_common_all.o)
                0x08000558                i2c_peripheral_enable
 .text.i2c_peripheral_disable
                0x08000562        0xa /usr/lib/arm/lib/libopencm3_stm32f1.a(i2c_common_all.o)
                0x08000562                i2c_peripheral_disable
 .text.i2c_send_start
                0x0800056c        0xa /usr/lib/arm/lib/libopencm3_stm32f1.a(i2c_common_all.o)
                0x0800056c                i2c_send_start
 .text.i2c_send_stop
                0x08000576        0xa /usr/lib/arm/lib/libopencm3_stm32f1.a(i2c_common_all.o)
                0x08000576                i2c_send_stop
 .text.i2c_set_own_7bit_slave_address
                0x08000580        0xa /usr/lib/arm/lib/libopencm3_stm32f1.a(i2c_common_all.o)
                0x08000580                i2c_set_own_7bit_slave_address
 .text.i2c_set_clock_frequency
                0x0800058a        0xe /usr/lib/arm/lib/libopencm3_stm32f1.a(i2c_common_all.o)
                0x0800058a                i2c_set_clock_frequency
 .text.i2c_send_data
                0x08000598        0x4 /usr/lib/arm/lib/libopencm3_stm32f1.a(i2c_common_all.o)
                0x08000598                i2c_send_data
 .text.i2c_set_fast_mode
                0x0800059c        0xa /usr/lib/arm/lib/libopencm3_stm32f1.a(i2c_common_all.o)
                0x0800059c                i2c_set_fast_mode
 .text.i2c_set_ccr
                0x080005a6        0xc /usr/lib/arm/lib/libopencm3_stm32f1.a(i2c_common_all.o)
                0x080005a6                i2c_set_ccr
 .text.i2c_set_trise
                0x080005b2        0x4 /usr/lib/arm/lib/libopencm3_stm32f1.a(i2c_common_all.o)
                0x080005b2                i2c_set_trise
 .text.i2c_send_7bit_address
                0x080005b6        0xa /usr/lib/arm/lib/libopencm3_stm32f1.a(i2c_common_all.o)
                0x080005b6                i2c_send_7bit_address
 .text.usart_set_baudrate
                0x080005c0       0x28 /usr/lib/arm/lib/libopencm3_stm32f1.a(usart_common_all.o)
                0x080005c0                usart_set_baudrate
 .text.usart_set_databits
                0x080005e8       0x12 /usr/lib/arm/lib/libopencm3_stm32f1.a(usart_common_all.o)
                0x080005e8                usart_set_databits
 .text.usart_set_stopbits
                0x080005fa        0xc /usr/lib/arm/lib/libopencm3_stm32f1.a(usart_common_all.o)
                0x080005fa                usart_set_stopbits
 .text.usart_set_parity
                0x08000606        0xc /usr/lib/arm/lib/libopencm3_stm32f1.a(usart_common_all.o)
                0x08000606                usart_set_parity
 .text.usart_set_mode
                0x08000612        0xc /usr/lib/arm/lib/libopencm3_stm32f1.a(usart_common_all.o)
                0x08000612                usart_set_mode
 .text.usart_set_flow_control
                0x0800061e        0xc /usr/lib/arm/lib/libopencm3_stm32f1.a(usart_common_all.o)
                0x0800061e                usart_set_flow_control
 .text.usart_enable
                0x0800062a        0xa /usr/lib/arm/lib/libopencm3_stm32f1.a(usart_common_all.o)
                0x0800062a                usart_enable
 .text.rcc_periph_clock_enable
                0x08000634       0x1c /usr/lib/arm/lib/libopencm3_stm32f1.a(rcc_common_all.o)
                0x08000634                rcc_periph_clock_enable
 .text.flash_set_ws
                0x08000650       0x14 /usr/lib/arm/lib/libopencm3_stm32f1.a(flash_common_f01.o)
                0x08000650                flash_set_ws
 .text.blocking_handler
                0x08000664        0x2 /usr/lib/arm/lib/libopencm3_stm32f1.a(vector.o)
                0x08000664                usart3_isr
                0x08000664                rtc_isr
                0x08000664                tim7_isr
                0x08000664                adc1_2_isr
                0x08000664                tim1_trg_com_isr
                0x08000664                usb_hp_can_tx_isr
                0x08000664                tim6_isr
                0x08000664                usb_wakeup_isr
                0x08000664                blocking_handler
                0x08000664                tim5_isr
                0x08000664                otg_fs_isr
                0x08000664                spi1_isr
                0x08000664                dma1_channel6_isr
                0x08000664                exti2_isr
                0x08000664                can_rx1_isr
                0x08000664                dma1_channel5_isr
                0x08000664                dma2_channel5_isr
                0x08000664                usart1_isr
                0x08000664                usage_fault_handler
                0x08000664                tim8_trg_com_isr
                0x08000664                can2_rx0_isr
                0x08000664                tim1_brk_isr
                0x08000664                can2_rx1_isr
                0x08000664                tim1_cc_isr
                0x08000664                sdio_isr
                0x08000664                eth_isr
                0x08000664                dma1_channel4_isr
                0x08000664                tim8_brk_isr
                0x08000664                dma2_channel4_5_isr
                0x08000664                pvd_isr
                0x08000664                rcc_isr
                0x08000664                flash_isr
                0x08000664                uart4_isr
                0x08000664                rtc_alarm_isr
                0x08000664                exti15_10_isr
                0x08000664                hard_fault_handler
                0x08000664                exti1_isr
                0x08000664                i2c1_ev_isr
                0x08000664                dma2_channel1_isr
                0x08000664                spi2_isr
                0x08000664                tim8_up_isr
                0x08000664                dma2_channel2_isr
                0x08000664                adc3_isr
                0x08000664                exti3_isr
                0x08000664                tim3_isr
                0x08000664                usart2_isr
                0x08000664                usb_lp_can_rx0_isr
                0x08000664                i2c2_er_isr
                0x08000664                i2c2_ev_isr
                0x08000664                uart5_isr
                0x08000664                fsmc_isr
                0x08000664                dma1_channel1_isr
                0x08000664                exti4_isr
                0x08000664                mem_manage_handler
                0x08000664                can2_tx_isr
                0x08000664                exti9_5_isr
                0x08000664                dma2_channel3_isr
                0x08000664                dma1_channel7_isr
                0x08000664                tim1_up_isr
                0x08000664                can2_sce_isr
                0x08000664                tim4_isr
                0x08000664                dma1_channel2_isr
                0x08000664                i2c1_er_isr
                0x08000664                can_sce_isr
                0x08000664                tim8_cc_isr
                0x08000664                tamper_isr
                0x08000664                eth_wkup_isr
                0x08000664                bus_fault_handler
                0x08000664                wwdg_isr
                0x08000664                dma1_channel3_isr
                0x08000664                spi3_isr
                0x08000664                tim2_isr
                0x08000664                exti0_isr
 .text.null_handler
                0x08000666        0x2 /usr/lib/arm/lib/libopencm3_stm32f1.a(vector.o)
                0x08000666                null_handler
                0x08000666                sv_call_handler
                0x08000666                pend_sv_handler
                0x08000666                debug_monitor_handler
                0x08000666                sys_tick_handler
                0x08000666                nmi_handler
 .text.reset_handler
                0x08000668       0x90 /usr/lib/arm/lib/libopencm3_stm32f1.a(vector.o)
                0x08000668                reset_handler
                0x080006f8                . = ALIGN (0x4)
 *(.rodata*)
                0x080006f8                . = ALIGN (0x4)

.glue_7         0x080006f8        0x0
 .glue_7        0x080006f8        0x0 linker stubs

.glue_7t        0x080006f8        0x0
 .glue_7t       0x080006f8        0x0 linker stubs

.vfp11_veneer   0x080006f8        0x0
 .vfp11_veneer  0x080006f8        0x0 linker stubs

.v4_bx          0x080006f8        0x0
 .v4_bx         0x080006f8        0x0 linker stubs

.iplt           0x080006f8        0x0
 .iplt          0x080006f8        0x0 stts75.o

.rel.dyn        0x080006f8        0x0
 .rel.iplt      0x080006f8        0x0 stts75.o

.preinit_array  0x080006f8        0x0
                0x080006f8                . = ALIGN (0x4)
                0x080006f8                __preinit_array_start = .
 *(.preinit_array)
                0x080006f8                __preinit_array_end = .

.init_array     0x080006f8        0x0
                0x080006f8                . = ALIGN (0x4)
                0x080006f8                __init_array_start = .
 *(SORT(.init_array.*))
 *(.init_array)
                0x080006f8                __init_array_end = .

.fini_array     0x080006f8        0x0
                0x080006f8                . = ALIGN (0x4)
                0x080006f8                __fini_array_start = .
 *(.fini_array)
 *(SORT(.fini_array.*))
                0x080006f8                __fini_array_end = .

.ARM.extab
 *(.ARM.extab*)

.ARM.exidx      0x080006f8        0x0
                0x080006f8                __exidx_start = .
 *(.ARM.exidx*)
                0x080006f8                __exidx_end = .
                0x080006f8                . = ALIGN (0x4)
                0x080006f8                _etext = .

.data           0x20000000        0xc load address 0x080006f8
                0x20000000                _data = .
 *(.data*)
 .data.rcc_ahb_frequency
                0x20000000        0x4 /usr/lib/arm/lib/libopencm3_stm32f1.a(rcc.o)
                0x20000000                rcc_ahb_frequency
 .data.rcc_apb1_frequency
                0x20000004        0x4 /usr/lib/arm/lib/libopencm3_stm32f1.a(rcc.o)
                0x20000004                rcc_apb1_frequency
 .data.rcc_apb2_frequency
                0x20000008        0x4 /usr/lib/arm/lib/libopencm3_stm32f1.a(rcc.o)
                0x20000008                rcc_apb2_frequency
                0x2000000c                . = ALIGN (0x4)
                0x2000000c                _edata = .
                0x080006f8                _data_loadaddr = LOADADDR (.data)

.igot.plt       0x2000000c        0x0 load address 0x08000704
 .igot.plt      0x2000000c        0x0 stts75.o

.bss            0x2000000c        0x0 load address 0x08000704
 *(.bss*)
 *(COMMON)
                0x2000000c                . = ALIGN (0x4)
                0x2000000c                _ebss = .

/DISCARD/
 *(.eh_frame)
                0x2000000c                . = ALIGN (0x4)
                0x2000000c                end = .
                0x20005000                PROVIDE (_stack, (ORIGIN (ram) + LENGTH (ram)))
OUTPUT(program.elf elf32-littlearm)

.debug_info     0x00000000     0x2cc2
 .debug_info    0x00000000      0x14a stts75.o
 .debug_info    0x0000014a      0x265 main.o
 .debug_info    0x000003af      0x1db /usr/lib/arm/lib/libopencm3_stm32f1.a(gpio.o)
 .debug_info    0x0000058a     0x10b1 /usr/lib/arm/lib/libopencm3_stm32f1.a(rcc.o)
 .debug_info    0x0000163b      0x75f /usr/lib/arm/lib/libopencm3_stm32f1.a(i2c_common_all.o)
 .debug_info    0x00001d9a      0x4cf /usr/lib/arm/lib/libopencm3_stm32f1.a(usart_common_all.o)
 .debug_info    0x00002269      0x53a /usr/lib/arm/lib/libopencm3_stm32f1.a(rcc_common_all.o)
 .debug_info    0x000027a3      0x27f /usr/lib/arm/lib/libopencm3_stm32f1.a(flash_common_f01.o)
 .debug_info    0x00002a22      0x2a0 /usr/lib/arm/lib/libopencm3_stm32f1.a(vector.o)

.debug_abbrev   0x00000000      0x9bd
 .debug_abbrev  0x00000000       0x98 stts75.o
 .debug_abbrev  0x00000098       0x81 main.o
 .debug_abbrev  0x00000119       0xb7 /usr/lib/arm/lib/libopencm3_stm32f1.a(gpio.o)
 .debug_abbrev  0x000001d0      0x275 /usr/lib/arm/lib/libopencm3_stm32f1.a(rcc.o)
 .debug_abbrev  0x00000445      0x16d /usr/lib/arm/lib/libopencm3_stm32f1.a(i2c_common_all.o)
 .debug_abbrev  0x000005b2      0x12b /usr/lib/arm/lib/libopencm3_stm32f1.a(usart_common_all.o)
 .debug_abbrev  0x000006dd       0xc1 /usr/lib/arm/lib/libopencm3_stm32f1.a(rcc_common_all.o)
 .debug_abbrev  0x0000079e       0xe7 /usr/lib/arm/lib/libopencm3_stm32f1.a(flash_common_f01.o)
 .debug_abbrev  0x00000885      0x138 /usr/lib/arm/lib/libopencm3_stm32f1.a(vector.o)

.debug_aranges  0x00000000      0x4d8
 .debug_aranges
                0x00000000       0x28 stts75.o
 .debug_aranges
                0x00000028       0x38 main.o
 .debug_aranges
                0x00000060       0x38 /usr/lib/arm/lib/libopencm3_stm32f1.a(gpio.o)
 .debug_aranges
                0x00000098      0x160 /usr/lib/arm/lib/libopencm3_stm32f1.a(rcc.o)
 .debug_aranges
                0x000001f8      0x108 /usr/lib/arm/lib/libopencm3_stm32f1.a(i2c_common_all.o)
 .debug_aranges
                0x00000300       0xb8 /usr/lib/arm/lib/libopencm3_stm32f1.a(usart_common_all.o)
 .debug_aranges
                0x000003b8       0x68 /usr/lib/arm/lib/libopencm3_stm32f1.a(rcc_common_all.o)
 .debug_aranges
                0x00000420       0x88 /usr/lib/arm/lib/libopencm3_stm32f1.a(flash_common_f01.o)
 .debug_aranges
                0x000004a8       0x30 /usr/lib/arm/lib/libopencm3_stm32f1.a(vector.o)

.debug_ranges   0x00000000      0x478
 .debug_ranges  0x00000000       0x18 stts75.o
 .debug_ranges  0x00000018       0x28 main.o
 .debug_ranges  0x00000040       0x28 /usr/lib/arm/lib/libopencm3_stm32f1.a(gpio.o)
 .debug_ranges  0x00000068      0x180 /usr/lib/arm/lib/libopencm3_stm32f1.a(rcc.o)
 .debug_ranges  0x000001e8       0xf8 /usr/lib/arm/lib/libopencm3_stm32f1.a(i2c_common_all.o)
 .debug_ranges  0x000002e0       0xa8 /usr/lib/arm/lib/libopencm3_stm32f1.a(usart_common_all.o)
 .debug_ranges  0x00000388       0x58 /usr/lib/arm/lib/libopencm3_stm32f1.a(rcc_common_all.o)
 .debug_ranges  0x000003e0       0x78 /usr/lib/arm/lib/libopencm3_stm32f1.a(flash_common_f01.o)
 .debug_ranges  0x00000458       0x20 /usr/lib/arm/lib/libopencm3_stm32f1.a(vector.o)

.debug_line     0x00000000     0x1971
 .debug_line    0x00000000      0x10f stts75.o
 .debug_line    0x0000010f       0xc6 main.o
 .debug_line    0x000001d5      0x235 /usr/lib/arm/lib/libopencm3_stm32f1.a(gpio.o)
 .debug_line    0x0000040a      0x5d3 /usr/lib/arm/lib/libopencm3_stm32f1.a(rcc.o)
 .debug_line    0x000009dd      0x40c /usr/lib/arm/lib/libopencm3_stm32f1.a(i2c_common_all.o)
 .debug_line    0x00000de9      0x39a /usr/lib/arm/lib/libopencm3_stm32f1.a(usart_common_all.o)
 .debug_line    0x00001183      0x289 /usr/lib/arm/lib/libopencm3_stm32f1.a(rcc_common_all.o)
 .debug_line    0x0000140c      0x2f0 /usr/lib/arm/lib/libopencm3_stm32f1.a(flash_common_f01.o)
 .debug_line    0x000016fc      0x275 /usr/lib/arm/lib/libopencm3_stm32f1.a(vector.o)

.debug_str      0x00000000     0xf211
 .debug_str     0x00000000       0xf4 stts75.o
                                0x1a6 (size before relaxing)
 .debug_str     0x000000f4      0x25e main.o
                                0x378 (size before relaxing)
 .debug_str     0x00000352     0x75b4 /usr/lib/arm/lib/libopencm3_stm32f1.a(gpio.o)
                               0x7738 (size before relaxing)
 .debug_str     0x00007906     0x304f /usr/lib/arm/lib/libopencm3_stm32f1.a(rcc.o)
                               0x6f78 (size before relaxing)
 .debug_str     0x0000a955     0x1053 /usr/lib/arm/lib/libopencm3_stm32f1.a(i2c_common_all.o)
                               0x7342 (size before relaxing)
 .debug_str     0x0000b9a8     0x10a7 /usr/lib/arm/lib/libopencm3_stm32f1.a(usart_common_all.o)
                               0x73b6 (size before relaxing)
 .debug_str     0x0000ca4f      0x153 /usr/lib/arm/lib/libopencm3_stm32f1.a(rcc_common_all.o)
                               0x683e (size before relaxing)
 .debug_str     0x0000cba2      0x179 /usr/lib/arm/lib/libopencm3_stm32f1.a(flash_common_f01.o)
                               0x47df (size before relaxing)
 .debug_str     0x0000cd1b     0x24f6 /usr/lib/arm/lib/libopencm3_stm32f1.a(vector.o)
                               0x588a (size before relaxing)

.comment        0x00000000       0x2d
 .comment       0x00000000       0x2d stts75.o
                                 0x2e (size before relaxing)
 .comment       0x0000002d       0x2e main.o
 .comment       0x0000002d       0x2e /usr/lib/arm/lib/libopencm3_stm32f1.a(gpio.o)
 .comment       0x0000002d       0x2e /usr/lib/arm/lib/libopencm3_stm32f1.a(rcc.o)
 .comment       0x0000002d       0x2e /usr/lib/arm/lib/libopencm3_stm32f1.a(i2c_common_all.o)
 .comment       0x0000002d       0x2e /usr/lib/arm/lib/libopencm3_stm32f1.a(usart_common_all.o)
 .comment       0x0000002d       0x2e /usr/lib/arm/lib/libopencm3_stm32f1.a(rcc_common_all.o)
 .comment       0x0000002d       0x2e /usr/lib/arm/lib/libopencm3_stm32f1.a(flash_common_f01.o)
 .comment       0x0000002d       0x2e /usr/lib/arm/lib/libopencm3_stm32f1.a(vector.o)

.ARM.attributes
                0x00000000       0x33
 .ARM.attributes
                0x00000000       0x33 stts75.o
 .ARM.attributes
                0x00000033       0x33 main.o
 .ARM.attributes
                0x00000066       0x33 /usr/lib/arm/lib/libopencm3_stm32f1.a(gpio.o)
 .ARM.attributes
                0x00000099       0x33 /usr/lib/arm/lib/libopencm3_stm32f1.a(rcc.o)
 .ARM.attributes
                0x000000cc       0x33 /usr/lib/arm/lib/libopencm3_stm32f1.a(i2c_common_all.o)
 .ARM.attributes
                0x000000ff       0x33 /usr/lib/arm/lib/libopencm3_stm32f1.a(usart_common_all.o)
 .ARM.attributes
                0x00000132       0x33 /usr/lib/arm/lib/libopencm3_stm32f1.a(rcc_common_all.o)
 .ARM.attributes
                0x00000165       0x33 /usr/lib/arm/lib/libopencm3_stm32f1.a(flash_common_f01.o)
 .ARM.attributes
                0x00000198       0x33 /usr/lib/arm/lib/libopencm3_stm32f1.a(vector.o)

.debug_frame    0x00000000      0x97c
 .debug_frame   0x00000000       0x50 stts75.o
 .debug_frame   0x00000050       0x84 main.o
 .debug_frame   0x000000d4       0x64 /usr/lib/arm/lib/libopencm3_stm32f1.a(gpio.o)
 .debug_frame   0x00000138      0x2e8 /usr/lib/arm/lib/libopencm3_stm32f1.a(rcc.o)
 .debug_frame   0x00000420      0x1f0 /usr/lib/arm/lib/libopencm3_stm32f1.a(i2c_common_all.o)
 .debug_frame   0x00000610      0x164 /usr/lib/arm/lib/libopencm3_stm32f1.a(usart_common_all.o)
 .debug_frame   0x00000774       0xb0 /usr/lib/arm/lib/libopencm3_stm32f1.a(rcc_common_all.o)
 .debug_frame   0x00000824      0x118 /usr/lib/arm/lib/libopencm3_stm32f1.a(flash_common_f01.o)
 .debug_frame   0x0000093c       0x40 /usr/lib/arm/lib/libopencm3_stm32f1.a(vector.o)

.debug_loc      0x00000000      0xb41
 .debug_loc     0x00000000      0x175 /usr/lib/arm/lib/libopencm3_stm32f1.a(gpio.o)
 .debug_loc     0x00000175      0x338 /usr/lib/arm/lib/libopencm3_stm32f1.a(rcc.o)
 .debug_loc     0x000004ad      0x201 /usr/lib/arm/lib/libopencm3_stm32f1.a(i2c_common_all.o)
 .debug_loc     0x000006ae      0x1ca /usr/lib/arm/lib/libopencm3_stm32f1.a(usart_common_all.o)
 .debug_loc     0x00000878      0x14a /usr/lib/arm/lib/libopencm3_stm32f1.a(rcc_common_all.o)
 .debug_loc     0x000009c2       0xd3 /usr/lib/arm/lib/libopencm3_stm32f1.a(flash_common_f01.o)
 .debug_loc     0x00000a95       0xac /usr/lib/arm/lib/libopencm3_stm32f1.a(vector.o)

.debug_macro    0x00000000     0x3666
 .debug_macro   0x00000000       0x98 /usr/lib/arm/lib/libopencm3_stm32f1.a(gpio.o)
 .debug_macro   0x00000098      0x844 /usr/lib/arm/lib/libopencm3_stm32f1.a(gpio.o)
 .debug_macro   0x000008dc       0x16 /usr/lib/arm/lib/libopencm3_stm32f1.a(gpio.o)
 .debug_macro   0x000008f2       0x44 /usr/lib/arm/lib/libopencm3_stm32f1.a(gpio.o)
 .debug_macro   0x00000936      0x209 /usr/lib/arm/lib/libopencm3_stm32f1.a(gpio.o)
 .debug_macro   0x00000b3f       0x22 /usr/lib/arm/lib/libopencm3_stm32f1.a(gpio.o)
 .debug_macro   0x00000b61       0xfa /usr/lib/arm/lib/libopencm3_stm32f1.a(gpio.o)
 .debug_macro   0x00000c5b       0x58 /usr/lib/arm/lib/libopencm3_stm32f1.a(gpio.o)
 .debug_macro   0x00000cb3      0x1b4 /usr/lib/arm/lib/libopencm3_stm32f1.a(gpio.o)
 .debug_macro   0x00000e67       0x76 /usr/lib/arm/lib/libopencm3_stm32f1.a(gpio.o)
 .debug_macro   0x00000edd      0xdfd /usr/lib/arm/lib/libopencm3_stm32f1.a(gpio.o)
 .debug_macro   0x00001cda       0xbf /usr/lib/arm/lib/libopencm3_stm32f1.a(rcc.o)
 .debug_macro   0x00001d99       0x16 /usr/lib/arm/lib/libopencm3_stm32f1.a(rcc.o)
 .debug_macro   0x00001daf      0x825 /usr/lib/arm/lib/libopencm3_stm32f1.a(rcc.o)
 .debug_macro   0x000025d4       0xdc /usr/lib/arm/lib/libopencm3_stm32f1.a(rcc.o)
 .debug_macro   0x000026b0       0x82 /usr/lib/arm/lib/libopencm3_stm32f1.a(rcc.o)
 .debug_macro   0x00002732       0xab /usr/lib/arm/lib/libopencm3_stm32f1.a(i2c_common_all.o)
 .debug_macro   0x000027dd      0x32c /usr/lib/arm/lib/libopencm3_stm32f1.a(i2c_common_all.o)
 .debug_macro   0x00002b09       0xba /usr/lib/arm/lib/libopencm3_stm32f1.a(usart_common_all.o)
 .debug_macro   0x00002bc3       0x8e /usr/lib/arm/lib/libopencm3_stm32f1.a(usart_common_all.o)
 .debug_macro   0x00002c51      0x273 /usr/lib/arm/lib/libopencm3_stm32f1.a(usart_common_all.o)
 .debug_macro   0x00002ec4       0xae /usr/lib/arm/lib/libopencm3_stm32f1.a(rcc_common_all.o)
 .debug_macro   0x00002f72       0x98 /usr/lib/arm/lib/libopencm3_stm32f1.a(flash_common_f01.o)
 .debug_macro   0x0000300a       0xaf /usr/lib/arm/lib/libopencm3_stm32f1.a(vector.o)
 .debug_macro   0x000030b9      0x3a1 /usr/lib/arm/lib/libopencm3_stm32f1.a(vector.o)
 .debug_macro   0x0000345a       0x6a /usr/lib/arm/lib/libopencm3_stm32f1.a(vector.o)
 .debug_macro   0x000034c4      0x1a2 /usr/lib/arm/lib/libopencm3_stm32f1.a(vector.o)
