Archive member included to satisfy reference by file (symbol)

/usr/lib/arm/lib/libopencm3_stm32f1.a(gpio.o)
                              main.o (gpio_set_mode)
/usr/lib/arm/lib/libopencm3_stm32f1.a(rcc.o)
                              main.o (rcc_clock_setup_in_hse_8mhz_out_72mhz)
/usr/lib/arm/lib/libopencm3_stm32f1.a(timer.o)
                              main.o (timer_ic_set_polarity)
/usr/lib/arm/lib/libopencm3_stm32f1.a(gpio_common_all.o)
                              i2c_master.o (gpio_get)
/usr/lib/arm/lib/libopencm3_stm32f1.a(timer_common_all.o)
                              main.o (timer_enable_irq)
/usr/lib/arm/lib/libopencm3_stm32f1.a(usart_common_all.o)
                              main.o (usart_set_baudrate)
/usr/lib/arm/lib/libopencm3_stm32f1.a(usart_common_f124.o)
                              /usr/lib/arm/lib/libopencm3_stm32f1.a(usart_common_all.o) (usart_send)
/usr/lib/arm/lib/libopencm3_stm32f1.a(rcc_common_all.o)
                              main.o (rcc_periph_clock_enable)
/usr/lib/arm/lib/libopencm3_stm32f1.a(flash_common_all.o)
                              /usr/lib/arm/lib/libopencm3_stm32f1.a(rcc.o) (flash_set_ws)
/usr/lib/arm/lib/libopencm3_stm32f1.a(vector.o)
                              (reset_handler)
/usr/lib/arm/lib/libopencm3_stm32f1.a(nvic.o)
                              main.o (nvic_enable_irq)
/usr/lib/arm/lib/libopencm3_stm32f1.a(assert.o)
                              /usr/lib/arm/lib/libopencm3_stm32f1.a(rcc.o) (cm3_assert_failed)
/usr/lib/gcc/arm-none-eabi/5.4.1/../../../arm-none-eabi/lib/armv7-m/libc.a(lib_a-sprintf.o)
                              main.o (sprintf)
/usr/lib/gcc/arm-none-eabi/5.4.1/../../../arm-none-eabi/lib/armv7-m/libc.a(lib_a-svfprintf.o)
                              /usr/lib/gcc/arm-none-eabi/5.4.1/../../../arm-none-eabi/lib/armv7-m/libc.a(lib_a-sprintf.o) (_svfprintf_r)
/usr/lib/gcc/arm-none-eabi/5.4.1/../../../arm-none-eabi/lib/armv7-m/libc.a(lib_a-dtoa.o)
                              /usr/lib/gcc/arm-none-eabi/5.4.1/../../../arm-none-eabi/lib/armv7-m/libc.a(lib_a-svfprintf.o) (_dtoa_r)
/usr/lib/gcc/arm-none-eabi/5.4.1/../../../arm-none-eabi/lib/armv7-m/libc.a(lib_a-impure.o)
                              /usr/lib/gcc/arm-none-eabi/5.4.1/../../../arm-none-eabi/lib/armv7-m/libc.a(lib_a-sprintf.o) (_impure_ptr)
/usr/lib/gcc/arm-none-eabi/5.4.1/../../../arm-none-eabi/lib/armv7-m/libc.a(lib_a-locale.o)
                              /usr/lib/gcc/arm-none-eabi/5.4.1/../../../arm-none-eabi/lib/armv7-m/libc.a(lib_a-svfprintf.o) (_localeconv_r)
/usr/lib/gcc/arm-none-eabi/5.4.1/../../../arm-none-eabi/lib/armv7-m/libc.a(lib_a-mallocr.o)
                              /usr/lib/gcc/arm-none-eabi/5.4.1/../../../arm-none-eabi/lib/armv7-m/libc.a(lib_a-svfprintf.o) (_malloc_r)
/usr/lib/gcc/arm-none-eabi/5.4.1/../../../arm-none-eabi/lib/armv7-m/libc.a(lib_a-memchr-stub.o)
                              /usr/lib/gcc/arm-none-eabi/5.4.1/../../../arm-none-eabi/lib/armv7-m/libc.a(lib_a-svfprintf.o) (memchr)
/usr/lib/gcc/arm-none-eabi/5.4.1/../../../arm-none-eabi/lib/armv7-m/libc.a(lib_a-memcpy.o)
                              /usr/lib/gcc/arm-none-eabi/5.4.1/../../../arm-none-eabi/lib/armv7-m/libc.a(lib_a-dtoa.o) (memcpy)
/usr/lib/gcc/arm-none-eabi/5.4.1/../../../arm-none-eabi/lib/armv7-m/libc.a(lib_a-mlock.o)
                              /usr/lib/gcc/arm-none-eabi/5.4.1/../../../arm-none-eabi/lib/armv7-m/libc.a(lib_a-mallocr.o) (__malloc_lock)
/usr/lib/gcc/arm-none-eabi/5.4.1/../../../arm-none-eabi/lib/armv7-m/libc.a(lib_a-mprec.o)
                              /usr/lib/gcc/arm-none-eabi/5.4.1/../../../arm-none-eabi/lib/armv7-m/libc.a(lib_a-dtoa.o) (_Balloc)
/usr/lib/gcc/arm-none-eabi/5.4.1/../../../arm-none-eabi/lib/armv7-m/libc.a(lib_a-sbrkr.o)
                              /usr/lib/gcc/arm-none-eabi/5.4.1/../../../arm-none-eabi/lib/armv7-m/libc.a(lib_a-mallocr.o) (_sbrk_r)
/usr/lib/gcc/arm-none-eabi/5.4.1/../../../arm-none-eabi/lib/armv7-m/libc.a(lib_a-strcmp.o)
                              /usr/lib/gcc/arm-none-eabi/5.4.1/../../../arm-none-eabi/lib/armv7-m/libc.a(lib_a-locale.o) (strcmp)
/usr/lib/gcc/arm-none-eabi/5.4.1/../../../arm-none-eabi/lib/armv7-m/libc.a(lib_a-strlen-stub.o)
                              /usr/lib/gcc/arm-none-eabi/5.4.1/../../../arm-none-eabi/lib/armv7-m/libc.a(lib_a-svfprintf.o) (strlen)
/usr/lib/gcc/arm-none-eabi/5.4.1/../../../arm-none-eabi/lib/armv7-m/libc.a(lib_a-svfiprintf.o)
                              /usr/lib/gcc/arm-none-eabi/5.4.1/../../../arm-none-eabi/lib/armv7-m/libc.a(lib_a-svfprintf.o) (__ssprint_r)
/usr/lib/gcc/arm-none-eabi/5.4.1/../../../arm-none-eabi/lib/armv7-m/libc.a(lib_a-callocr.o)
                              /usr/lib/gcc/arm-none-eabi/5.4.1/../../../arm-none-eabi/lib/armv7-m/libc.a(lib_a-mprec.o) (_calloc_r)
/usr/lib/gcc/arm-none-eabi/5.4.1/../../../arm-none-eabi/lib/armv7-m/libc.a(lib_a-freer.o)
[...]
Memory Configuration

Name             Origin             Length             Attributes
ram              0x20000000         0x00005000         xrw
rom              0x08000000         0x00010000         xr
*default*        0x00000000         0xffffffff

Linker script and memory map

LOAD HighComms.o
LOAD ads1115.o
LOAD main.o
LOAD i2c_master.o
LOAD A9833.o
LOAD numCollect.o
LOAD /usr/lib/arm/lib/libopencm3_stm32f1.a
START GROUP
LOAD /usr/lib/gcc/arm-none-eabi/5.4.1/../../../arm-none-eabi/lib/armv7-m/libc.a
LOAD /usr/lib/gcc/arm-none-eabi/5.4.1/armv7-m/libgcc.a
LOAD /usr/lib/gcc/arm-none-eabi/5.4.1/../../../arm-none-eabi/lib/armv7-m/libnosys.a
END GROUP
LOAD /usr/lib/gcc/arm-none-eabi/5.4.1/../../../arm-none-eabi/lib/armv7-m/libm.a
LOAD /usr/lib/arm/lib/libopencm3_stm32f1.a
START GROUP
LOAD /usr/lib/gcc/arm-none-eabi/5.4.1/armv7-m/libgcc.a
LOAD /usr/lib/gcc/arm-none-eabi/5.4.1/../../../arm-none-eabi/lib/armv7-m/libc.a
END GROUP

.text           0x08000000     0x79c0
 *(.vectors)
 .vectors       0x08000000      0x150 /usr/lib/arm/lib/libopencm3_stm32f1.a(vector.o)
                0x08000000                vector_table
 *(.text*)
 .text.USART_Transmit
                0x08000150       0x24 HighComms.o
                0x08000150                USART_Transmit
 .text.USART_printstring
                0x08000174       0x2c HighComms.o
                0x08000174                USART_printstring
 .text.ads1115WriteReg
                0x080001a0       0x48 ads1115.o
                0x080001a0                ads1115WriteReg
 .text.ads1115ReadReg
                0x080001e8       0x64 ads1115.o
                0x080001e8                ads1115ReadReg
 .text.ads1115StartReadSingle
                0x0800024c       0x38 ads1115.o
                0x0800024c                ads1115StartReadSingle
 .text.ads1115BlockedReadSingle
                0x08000284       0x44 ads1115.o
                0x08000284                ads1115BlockedReadSingle
 .text.clock_setup
                0x080002c8       0x3c main.o
 .text.usart_setup
                0x08000304       0x64 main.o
 .text.gpio_setup
                0x08000368       0x28 main.o
 .text.timer1_init
                0x08000390      0x14c main.o
                0x08000390                timer1_init
 .text.tim1_up_isr
                0x080004dc       0x28 main.o
                0x080004dc                tim1_up_isr
 .text.tim1_cc_isr
                0x08000504      0x170 main.o
                0x08000504                tim1_cc_isr
 .text.getTimings
                0x08000674      0x35c main.o
                0x08000674                getTimings
 .text.waitAveragers
                0x080009d0      0x120 main.o
                0x080009d0                waitAveragers
 .text.main     0x08000af0      0x12c main.o
                0x08000af0                main
 *fill*         0x08000c1c        0x4 
 .text.takeSample
                0x08000c20      0x20c main.o
                0x08000c20                takeSample
 .text.measurePeaks
                0x08000e2c       0x60 main.o
                0x08000e2c                measurePeaks
 .text.updateDisplay
                0x08000e8c       0x8c main.o
                0x08000e8c                updateDisplay
 .text.Delay    0x08000f18       0x28 main.o
                0x08000f18                Delay
 .text.i2c_init
                0x08000f40       0x34 i2c_master.o
                0x08000f40                i2c_init
 .text.i2c_start
                0x08000f74       0x28 i2c_master.o
                0x08000f74                i2c_start
 .text.i2c_rep_start
                0x08000f9c       0x44 i2c_master.o
                0x08000f9c                i2c_rep_start
 .text.i2c_stop
                0x08000fe0       0x34 i2c_master.o
                0x08000fe0                i2c_stop
 .text.i2c_write
                0x08001014       0x94 i2c_master.o
                0x08001014                i2c_write
 .text.i2c_read
                0x080010a8       0xa4 i2c_master.o
                0x080010a8                i2c_read
 *fill*         0x0800114c        0x4 
 .text.Ad9833SetFreq
                0x08001150       0x88 A9833.o
                0x08001150                Ad9833SetFreq
 .text.AD9833Init
                0x080011d8       0x48 A9833.o
                0x080011d8                AD9833Init
 .text.AD9833Write16
                0x08001220       0x84 A9833.o
                0x08001220                AD9833Write16
 .text.collectDig
                0x080012a4      0x204 numCollect.o
                0x080012a4                collectDig
 .text.processString
                0x080014a8      0x184 numCollect.o
                0x080014a8                processString
 .text.gpio_set_mode
                0x0800162c       0x64 /usr/lib/arm/lib/libopencm3_stm32f1.a(gpio.o)
                0x0800162c                gpio_set_mode
 .text.rcc_osc_on.part.1
                0x08001690       0x10 /usr/lib/arm/lib/libopencm3_stm32f1.a(rcc.o)
 .text.rcc_is_osc_ready
                0x080016a0       0x5c /usr/lib/arm/lib/libopencm3_stm32f1.a(rcc.o)
                0x080016a0                rcc_is_osc_ready
 .text.rcc_wait_for_osc_ready
                0x080016fc       0x10 /usr/lib/arm/lib/libopencm3_stm32f1.a(rcc.o)
                0x080016fc                rcc_wait_for_osc_ready
 .text.rcc_osc_on
                0x0800170c       0x54 /usr/lib/arm/lib/libopencm3_stm32f1.a(rcc.o)
                0x0800170c                rcc_osc_on
 .text.rcc_set_sysclk_source
                0x08001760       0x14 /usr/lib/arm/lib/libopencm3_stm32f1.a(rcc.o)
                0x08001760                rcc_set_sysclk_source
 .text.rcc_set_pll_multiplication_factor
                0x08001774       0x14 /usr/lib/arm/lib/libopencm3_stm32f1.a(rcc.o)
                0x08001774                rcc_set_pll_multiplication_factor
 .text.rcc_set_pll_source
                0x08001788       0x14 /usr/lib/arm/lib/libopencm3_stm32f1.a(rcc.o)
                0x08001788                rcc_set_pll_source
 .text.rcc_set_pllxtpre
                0x0800179c       0x14 /usr/lib/arm/lib/libopencm3_stm32f1.a(rcc.o)
                0x0800179c                rcc_set_pllxtpre
 .text.rcc_set_adcpre
                0x080017b0       0x14 /usr/lib/arm/lib/libopencm3_stm32f1.a(rcc.o)
                0x080017b0                rcc_set_adcpre
 .text.rcc_set_ppre2
                0x080017c4       0x14 /usr/lib/arm/lib/libopencm3_stm32f1.a(rcc.o)
                0x080017c4                rcc_set_ppre2
 .text.rcc_set_ppre1
                0x080017d8       0x14 /usr/lib/arm/lib/libopencm3_stm32f1.a(rcc.o)
                0x080017d8                rcc_set_ppre1
 .text.rcc_set_hpre
                0x080017ec       0x14 /usr/lib/arm/lib/libopencm3_stm32f1.a(rcc.o)
                0x080017ec                rcc_set_hpre
 .text.rcc_clock_setup_in_hse_8mhz_out_72mhz
                0x08001800       0x8c /usr/lib/arm/lib/libopencm3_stm32f1.a(rcc.o)
                0x08001800                rcc_clock_setup_in_hse_8mhz_out_72mhz
 .text.timer_ic_set_polarity
                0x0800188c       0x1a /usr/lib/arm/lib/libopencm3_stm32f1.a(timer.o)
                0x0800188c                timer_ic_set_polarity
 .text.gpio_get
                0x080018a6        0x6 /usr/lib/arm/lib/libopencm3_stm32f1.a(gpio_common_all.o)
                0x080018a6                gpio_get
 .text.timer_enable_irq
                0x080018ac        0x8 /usr/lib/arm/lib/libopencm3_stm32f1.a(timer_common_all.o)
                0x080018ac                timer_enable_irq
 .text.timer_get_flag
                0x080018b4        0xc /usr/lib/arm/lib/libopencm3_stm32f1.a(timer_common_all.o)
                0x080018b4                timer_get_flag
 .text.timer_clear_flag
                0x080018c0        0x6 /usr/lib/arm/lib/libopencm3_stm32f1.a(timer_common_all.o)
                0x080018c0                timer_clear_flag
 .text.timer_set_mode
                0x080018c6       0x12 /usr/lib/arm/lib/libopencm3_stm32f1.a(timer_common_all.o)
                0x080018c6                timer_set_mode
 .text.timer_continuous_mode
                0x080018d8        0xa /usr/lib/arm/lib/libopencm3_stm32f1.a(timer_common_all.o)
                0x080018d8                timer_continuous_mode
 .text.timer_enable_counter
                0x080018e2        0xa /usr/lib/arm/lib/libopencm3_stm32f1.a(timer_common_all.o)
                0x080018e2                timer_enable_counter
 .text.timer_set_prescaler
                0x080018ec        0x4 /usr/lib/arm/lib/libopencm3_stm32f1.a(timer_common_all.o)
                0x080018ec                timer_set_prescaler
 .text.timer_set_period
                0x080018f0        0x4 /usr/lib/arm/lib/libopencm3_stm32f1.a(timer_common_all.o)
                0x080018f0                timer_set_period
 .text.timer_ic_set_filter
                0x080018f4       0x50 /usr/lib/arm/lib/libopencm3_stm32f1.a(timer_common_all.o)
                0x080018f4                timer_ic_set_filter
 .text.timer_ic_set_prescaler
                0x08001944       0x50 /usr/lib/arm/lib/libopencm3_stm32f1.a(timer_common_all.o)
                0x08001944                timer_ic_set_prescaler
 .text.timer_ic_set_input
                0x08001994       0x62 /usr/lib/arm/lib/libopencm3_stm32f1.a(timer_common_all.o)
                0x08001994                timer_ic_set_input
 .text.timer_ic_enable
                0x080019f6       0x10 /usr/lib/arm/lib/libopencm3_stm32f1.a(timer_common_all.o)
                0x080019f6                timer_ic_enable
 *fill*         0x08001a06        0x2 
 .text.usart_set_baudrate
                0x08001a08       0x28 /usr/lib/arm/lib/libopencm3_stm32f1.a(usart_common_all.o)
                0x08001a08                usart_set_baudrate
 .text.usart_set_databits
                0x08001a30       0x12 /usr/lib/arm/lib/libopencm3_stm32f1.a(usart_common_all.o)
                0x08001a30                usart_set_databits
 .text.usart_set_stopbits
                0x08001a42        0xc /usr/lib/arm/lib/libopencm3_stm32f1.a(usart_common_all.o)
                0x08001a42                usart_set_stopbits
 .text.usart_set_parity
                0x08001a4e        0xc /usr/lib/arm/lib/libopencm3_stm32f1.a(usart_common_all.o)
                0x08001a4e                usart_set_parity
 .text.usart_set_mode
                0x08001a5a        0xc /usr/lib/arm/lib/libopencm3_stm32f1.a(usart_common_all.o)
                0x08001a5a                usart_set_mode
 .text.usart_set_flow_control
                0x08001a66        0xc /usr/lib/arm/lib/libopencm3_stm32f1.a(usart_common_all.o)
                0x08001a66                usart_set_flow_control
 .text.usart_enable
                0x08001a72        0xa /usr/lib/arm/lib/libopencm3_stm32f1.a(usart_common_all.o)
                0x08001a72                usart_enable
 .text.usart_send_blocking
                0x08001a7c       0x16 /usr/lib/arm/lib/libopencm3_stm32f1.a(usart_common_all.o)
                0x08001a7c                usart_send_blocking
 .text.usart_send
                0x08001a92        0x8 /usr/lib/arm/lib/libopencm3_stm32f1.a(usart_common_f124.o)
                0x08001a92                usart_send
 .text.usart_recv
                0x08001a9a        0x8 /usr/lib/arm/lib/libopencm3_stm32f1.a(usart_common_f124.o)
                0x08001a9a                usart_recv
 .text.usart_wait_send_ready
                0x08001aa2        0x8 /usr/lib/arm/lib/libopencm3_stm32f1.a(usart_common_f124.o)
                0x08001aa2                usart_wait_send_ready
 .text.rcc_periph_clock_enable
                0x08001aaa       0x1c /usr/lib/arm/lib/libopencm3_stm32f1.a(rcc_common_all.o)
                0x08001aaa                rcc_periph_clock_enable
 *fill*         0x08001ac6        0x2 
 .text.flash_set_ws
                0x08001ac8       0x14 /usr/lib/arm/lib/libopencm3_stm32f1.a(flash_common_all.o)
                0x08001ac8                flash_set_ws
 .text.blocking_handler
                0x08001adc        0x2 /usr/lib/arm/lib/libopencm3_stm32f1.a(vector.o)
                0x08001adc                usart3_isr
                0x08001adc                rtc_isr
                0x08001adc                tim7_isr
                0x08001adc                adc1_2_isr
                0x08001adc                tim1_trg_com_isr
                0x08001adc                usb_hp_can_tx_isr
                0x08001adc                tim6_isr
                0x08001adc                usb_wakeup_isr
                0x08001adc                blocking_handler
                0x08001adc                tim5_isr
                0x08001adc                otg_fs_isr
                0x08001adc                spi1_isr
                0x08001adc                exti2_isr
                0x08001adc                dma1_channel6_isr
                0x08001adc                can_rx1_isr
                0x08001adc                dma1_channel5_isr
                0x08001adc                dma2_channel5_isr
                0x08001adc                usart1_isr
                0x08001adc                usage_fault_handler
                0x08001adc                tim8_trg_com_isr
                0x08001adc                can2_rx0_isr
                0x08001adc                tim1_brk_isr
                0x08001adc                can2_rx1_isr
                0x08001adc                sdio_isr
                0x08001adc                eth_isr
                0x08001adc                dma1_channel4_isr
                0x08001adc                tim8_brk_isr
                0x08001adc                dma2_channel4_5_isr
                0x08001adc                pvd_isr
                0x08001adc                rcc_isr
                0x08001adc                flash_isr
                0x08001adc                uart4_isr
                0x08001adc                rtc_alarm_isr
                0x08001adc                exti15_10_isr
                0x08001adc                hard_fault_handler
                0x08001adc                exti1_isr
                0x08001adc                i2c1_ev_isr
                0x08001adc                dma2_channel1_isr
                0x08001adc                spi2_isr
                0x08001adc                tim8_up_isr
                0x08001adc                dma2_channel2_isr
                0x08001adc                exti3_isr
                0x08001adc                adc3_isr
                0x08001adc                tim3_isr
                0x08001adc                usart2_isr
                0x08001adc                usb_lp_can_rx0_isr
                0x08001adc                i2c2_er_isr
                0x08001adc                i2c2_ev_isr
                0x08001adc                uart5_isr
                0x08001adc                fsmc_isr
                0x08001adc                dma1_channel1_isr
                0x08001adc                exti4_isr
                0x08001adc                mem_manage_handler
                0x08001adc                can2_tx_isr
                0x08001adc                exti9_5_isr
                0x08001adc                dma2_channel3_isr
                0x08001adc                dma1_channel7_isr
                0x08001adc                can2_sce_isr
                0x08001adc                tim4_isr
                0x08001adc                dma1_channel2_isr
                0x08001adc                i2c1_er_isr
                0x08001adc                can_sce_isr
                0x08001adc                tim8_cc_isr
                0x08001adc                tamper_isr
                0x08001adc                eth_wkup_isr
                0x08001adc                bus_fault_handler
                0x08001adc                wwdg_isr
                0x08001adc                dma1_channel3_isr
                0x08001adc                spi3_isr
                0x08001adc                tim2_isr
                0x08001adc                exti0_isr
 .text.null_handler
                0x08001ade        0x2 /usr/lib/arm/lib/libopencm3_stm32f1.a(vector.o)
                0x08001ade                null_handler
                0x08001ade                sv_call_handler
                0x08001ade                pend_sv_handler
                0x08001ade                debug_monitor_handler
                0x08001ade                sys_tick_handler
                0x08001ade                nmi_handler
 .text.reset_handler
                0x08001ae0       0x94 /usr/lib/arm/lib/libopencm3_stm32f1.a(vector.o)
                0x08001ae0                reset_handler
 .text.nvic_enable_irq
                0x08001b74       0x1a /usr/lib/arm/lib/libopencm3_stm32f1.a(nvic.o)
                0x08001b74                nvic_enable_irq
 *fill*         0x08001b8e        0x2 
 .text          0x08001b90       0x90 /usr/lib/gcc/arm-none-eabi/5.4.1/../../../arm-none-eabi/lib/armv7-m/libc.a(lib_a-sprintf.o)
                0x08001b90                _sprintf_r
                0x08001bd4                sprintf
 .text          0x08001c20     0x1768 /usr/lib/gcc/arm-none-eabi/5.4.1/../../../arm-none-eabi/lib/armv7-m/libc.a(lib_a-svfprintf.o)
                0x08001c20                _svfprintf_r
 .text          0x08003388      0xf7c /usr/lib/gcc/arm-none-eabi/5.4.1/../../../arm-none-eabi/lib/armv7-m/libc.a(lib_a-dtoa.o)
                0x080034b4                _dtoa_r
 .text          0x08004304       0x80 /usr/lib/gcc/arm-none-eabi/5.4.1/../../../arm-none-eabi/lib/armv7-m/libc.a(lib_a-locale.o)
                0x08004304                _setlocale_r
                0x08004344                __locale_charset
                0x0800434c                __locale_mb_cur_max
                0x08004358                __locale_msgcharset
                0x08004360                __locale_cjk_lang
                0x08004364                _localeconv_r
                0x0800436c                setlocale
                0x0800437c                localeconv
 .text          0x08004384      0x554 /usr/lib/gcc/arm-none-eabi/5.4.1/../../../arm-none-eabi/lib/armv7-m/libc.a(lib_a-mallocr.o)
                0x08004384                _malloc_r
 .text          0x080048d8       0x8c /usr/lib/gcc/arm-none-eabi/5.4.1/../../../arm-none-eabi/lib/armv7-m/libc.a(lib_a-memchr-stub.o)
                0x080048d8                memchr
 .text          0x08004964       0xec /usr/lib/gcc/arm-none-eabi/5.4.1/../../../arm-none-eabi/lib/armv7-m/libc.a(lib_a-memcpy.o)
                0x08004964                memcpy
 .text          0x08004a50        0x8 /usr/lib/gcc/arm-none-eabi/5.4.1/../../../arm-none-eabi/lib/armv7-m/libc.a(lib_a-mlock.o)
                0x08004a50                __malloc_lock
                0x08004a54                __malloc_unlock
 .text          0x08004a58      0x908 /usr/lib/gcc/arm-none-eabi/5.4.1/../../../arm-none-eabi/lib/armv7-m/libc.a(lib_a-mprec.o)
                0x08004a58                _Balloc
                0x08004aa8                _Bfree
                0x08004abc                __multadd
                0x08004b3c                __s2b
                0x08004bd4                __hi0bits
                0x08004c14                __lo0bits
                0x08004c70                __i2b
                0x08004c84                __multiply
                0x08004dc0                __pow5mult
                0x08004e60                __lshift
                0x08004f0c                __mcmp
                0x08004f4c                __mdiff
                0x08005074                __ulp
                0x080050b8                __b2d
                0x0800518c                __d2b
                0x08005234                __ratio
                0x08005288                _mprec_log10
                0x080052bc                __copybits
                0x08005304                __any_on
 .text          0x08005360       0x24 /usr/lib/gcc/arm-none-eabi/5.4.1/../../../arm-none-eabi/lib/armv7-m/libc.a(lib_a-sbrkr.o)
                0x08005360                _sbrk_r
 .text          0x08005384      0x1bc /usr/lib/gcc/arm-none-eabi/5.4.1/../../../arm-none-eabi/lib/armv7-m/libc.a(lib_a-strcmp.o)
                0x08005384                strcmp
 .text          0x08005540       0x5c /usr/lib/gcc/arm-none-eabi/5.4.1/../../../arm-none-eabi/lib/armv7-m/libc.a(lib_a-strlen-stub.o)
                0x08005540                strlen
 .text          0x0800559c      0xd4c /usr/lib/gcc/arm-none-eabi/5.4.1/../../../arm-none-eabi/lib/armv7-m/libc.a(lib_a-svfiprintf.o)
                0x0800559c                __ssprint_r
                0x0800569c                _svfiprintf_r
 .text          0x080062e8       0x60 /usr/lib/gcc/arm-none-eabi/5.4.1/../../../arm-none-eabi/lib/armv7-m/libc.a(lib_a-callocr.o)
                0x080062e8                _calloc_r
 .text          0x08006348      0x26c /usr/lib/gcc/arm-none-eabi/5.4.1/../../../arm-none-eabi/lib/armv7-m/libc.a(lib_a-freer.o)
                0x08006348                _malloc_trim_r
                0x080063e4                _free_r
 .text          0x080065b4       0xc8 /usr/lib/gcc/arm-none-eabi/5.4.1/../../../arm-none-eabi/lib/armv7-m/libc.a(lib_a-memmove.o)
                0x080065b4                memmove
 .text          0x0800667c       0x9c /usr/lib/gcc/arm-none-eabi/5.4.1/../../../arm-none-eabi/lib/armv7-m/libc.a(lib_a-memset.o)
                0x0800667c                memset
 .text          0x08006718      0x3d4 /usr/lib/gcc/arm-none-eabi/5.4.1/../../../arm-none-eabi/lib/armv7-m/libc.a(lib_a-reallocr.o)
                0x08006718                _realloc_r
 .text          0x08006aec      0x370 /usr/lib/gcc/arm-none-eabi/5.4.1/armv7-m/libgcc.a(_arm_addsubdf3.o)
                0x08006aec                __aeabi_drsub
                0x08006af4                __aeabi_dsub
                0x08006af4                __subdf3
                0x08006af8                __adddf3
                0x08006af8                __aeabi_dadd
                0x08006d70                __aeabi_ui2d
                0x08006d70                __floatunsidf
                0x08006d90                __floatsidf
                0x08006d90                __aeabi_i2d
                0x08006db4                __extendsfdf2
                0x08006db4                __aeabi_f2d
                0x08006df0                __aeabi_ul2d
                0x08006df0                __floatundidf
                0x08006e00                __floatdidf
                0x08006e00                __aeabi_l2d
 .text          0x08006e5c      0x424 /usr/lib/gcc/arm-none-eabi/5.4.1/armv7-m/libgcc.a(_arm_muldivdf3.o)
                0x08006e5c                __aeabi_dmul
                0x08006e5c                __muldf3
                0x080070b0                __aeabi_ddiv
                0x080070b0                __divdf3
 .text          0x08007280      0x110 /usr/lib/gcc/arm-none-eabi/5.4.1/armv7-m/libgcc.a(_arm_cmpdf2.o)
                0x08007280                __gtdf2
                0x08007280                __gedf2
                0x08007288                __ltdf2
                0x08007288                __ledf2
                0x08007290                __cmpdf2
                0x08007290                __eqdf2
                0x08007290                __nedf2
                0x0800730c                __aeabi_cdrcmple
                0x0800731c                __aeabi_cdcmple
                0x0800731c                __aeabi_cdcmpeq
                0x0800732c                __aeabi_dcmpeq
                0x08007340                __aeabi_dcmplt
                0x08007354                __aeabi_dcmple
                0x08007368                __aeabi_dcmpge
                0x0800737c                __aeabi_dcmpgt
 .text          0x08007390       0x2c /usr/lib/gcc/arm-none-eabi/5.4.1/armv7-m/libgcc.a(_arm_unorddf2.o)
                0x08007390                __aeabi_dcmpun
                0x08007390                __unorddf2
 .text          0x080073bc       0x50 /usr/lib/gcc/arm-none-eabi/5.4.1/armv7-m/libgcc.a(_arm_fixdfsi.o)
                0x080073bc                __fixdfsi
                0x080073bc                __aeabi_d2iz
 .text          0x0800740c       0x40 /usr/lib/gcc/arm-none-eabi/5.4.1/armv7-m/libgcc.a(_arm_fixunsdfsi.o)
                0x0800740c                __fixunsdfsi
                0x0800740c                __aeabi_d2uiz
 .text          0x0800744c       0x30 /usr/lib/gcc/arm-none-eabi/5.4.1/armv7-m/libgcc.a(_aeabi_uldivmod.o)
                0x0800744c                __aeabi_uldivmod
 .text          0x0800747c      0x2ec /usr/lib/gcc/arm-none-eabi/5.4.1/armv7-m/libgcc.a(_udivmoddi4.o)
                0x0800747c                __udivmoddi4
 .text          0x08007768        0x4 /usr/lib/gcc/arm-none-eabi/5.4.1/armv7-m/libgcc.a(_dvmd_tls.o)
                0x08007768                __aeabi_ldiv0
                0x08007768                __aeabi_idiv0
 .text          0x0800776c       0x1c /usr/lib/gcc/arm-none-eabi/5.4.1/../../../arm-none-eabi/lib/armv7-m/libnosys.a(sbrk.o)
                0x0800776c                _sbrk
                0x08007788                . = ALIGN (0x4)
 *(.rodata*)
 .rodata        0x08007788       0x68 main.o
 .rodata        0x080077f0       0x20 /usr/lib/gcc/arm-none-eabi/5.4.1/../../../arm-none-eabi/lib/armv7-m/libc.a(lib_a-svfprintf.o)
 .rodata.str1.4
                0x08007810       0x42 /usr/lib/gcc/arm-none-eabi/5.4.1/../../../arm-none-eabi/lib/armv7-m/libc.a(lib_a-svfprintf.o)
 *fill*         0x08007852        0x2 
 .rodata.str1.4
                0x08007854       0x10 /usr/lib/gcc/arm-none-eabi/5.4.1/../../../arm-none-eabi/lib/armv7-m/libc.a(lib_a-dtoa.o)
                                 0x12 (size before relaxing)
 .rodata.str1.4
                0x08007864        0x2 /usr/lib/gcc/arm-none-eabi/5.4.1/../../../arm-none-eabi/lib/armv7-m/libc.a(lib_a-impure.o)
 *fill*         0x08007866        0x2 
 .rodata.str1.4
                0x08007868        0xc /usr/lib/gcc/arm-none-eabi/5.4.1/../../../arm-none-eabi/lib/armv7-m/libc.a(lib_a-locale.o)
                                 0x12 (size before relaxing)
 *fill*         0x08007874        0x4 
 .rodata        0x08007878      0x128 /usr/lib/gcc/arm-none-eabi/5.4.1/../../../arm-none-eabi/lib/armv7-m/libc.a(lib_a-mprec.o)
                0x08007888                __mprec_tens
                0x08007950                __mprec_tinytens
                0x08007978                __mprec_bigtens
 .rodata        0x080079a0       0x20 /usr/lib/gcc/arm-none-eabi/5.4.1/../../../arm-none-eabi/lib/armv7-m/libc.a(lib_a-svfiprintf.o)
 .rodata.str1.4
                0x080079c0       0x2f /usr/lib/gcc/arm-none-eabi/5.4.1/../../../arm-none-eabi/lib/armv7-m/libc.a(lib_a-svfiprintf.o)
                0x080079f0                . = ALIGN (0x4)

.glue_7         0x080079c0        0x0
 .glue_7        0x080079c0        0x0 linker stubs

.glue_7t        0x080079c0        0x0
 .glue_7t       0x080079c0        0x0 linker stubs

.vfp11_veneer   0x080079c0        0x0
 .vfp11_veneer  0x080079c0        0x0 linker stubs

.v4_bx          0x080079c0        0x0
 .v4_bx         0x080079c0        0x0 linker stubs

.iplt           0x080079c0        0x0
 .iplt          0x080079c0        0x0 HighComms.o

.preinit_array  0x080079c0        0x0
                0x080079c0                . = ALIGN (0x4)
                0x080079c0                __preinit_array_start = .
 *(.preinit_array)
                0x080079c0                __preinit_array_end = .

.init_array     0x080079c0        0x0
                0x080079c0                . = ALIGN (0x4)
                0x080079c0                __init_array_start = .
 *(SORT(.init_array.*))
 *(.init_array)
                0x080079c0                __init_array_end = .

.fini_array     0x080079c0        0x0
                0x080079c0                . = ALIGN (0x4)
                0x080079c0                __fini_array_start = .
 *(.fini_array)
 *(SORT(.fini_array.*))
                0x080079c0                __fini_array_end = .

.ARM.extab
 *(.ARM.extab*)

.ARM.exidx      0x080079c0        0x8
                0x080079c0                __exidx_start = .
 *(.ARM.exidx*)
 .ARM.exidx     0x080079c0        0x8 /usr/lib/gcc/arm-none-eabi/5.4.1/armv7-m/libgcc.a(_udivmoddi4.o)
                0x080079c8                __exidx_end = .

.rel.dyn        0x080079c8        0x0
 .rel.iplt      0x080079c8        0x0 HighComms.o
                0x080079c8                . = ALIGN (0x4)
                0x080079c8                _etext = .

.data           0x20000000      0x8cc load address 0x080079c8
                0x20000000                _data = .
 *(.data*)
 .data.rcc_ahb_frequency
                0x20000000        0x4 /usr/lib/arm/lib/libopencm3_stm32f1.a(rcc.o)
                0x20000000                rcc_ahb_frequency
 .data.rcc_apb1_frequency
                0x20000004        0x4 /usr/lib/arm/lib/libopencm3_stm32f1.a(rcc.o)
                0x20000004                rcc_apb1_frequency
 .data.rcc_apb2_frequency
                0x20000008        0x4 /usr/lib/arm/lib/libopencm3_stm32f1.a(rcc.o)
                0x20000008                rcc_apb2_frequency
 *fill*         0x2000000c        0x4 
 .data          0x20000010      0x430 /usr/lib/gcc/arm-none-eabi/5.4.1/../../../arm-none-eabi/lib/armv7-m/libc.a(lib_a-impure.o)
                0x20000010                _impure_ptr
 .data          0x20000440       0x7c /usr/lib/gcc/arm-none-eabi/5.4.1/../../../arm-none-eabi/lib/armv7-m/libc.a(lib_a-locale.o)
                0x20000460                __mb_cur_max
 .data          0x200004bc      0x410 /usr/lib/gcc/arm-none-eabi/5.4.1/../../../arm-none-eabi/lib/armv7-m/libc.a(lib_a-mallocr.o)
                0x200004bc                __malloc_av_
                0x200008c4                __malloc_sbrk_base
                0x200008c8                __malloc_trim_threshold
                0x200008cc                . = ALIGN (0x4)
                0x200008cc                _edata = .
                0x080079c8                _data_loadaddr = LOADADDR (.data)

.igot.plt       0x200008cc        0x0 load address 0x08008294
 .igot.plt      0x200008cc        0x0 HighComms.o

.bss            0x200008d0       0x94 load address 0x08008294
 *(.bss*)
 .bss.CH0P      0x200008d0        0x2 main.o
                0x200008d0                CH0P
 .bss.CH0N      0x200008d2        0x2 main.o
                0x200008d2                CH0N
 .bss.CH1P      0x200008d4        0x2 main.o
                0x200008d4                CH1P
 .bss.CH1N      0x200008d6        0x2 main.o
                0x200008d6                CH1N
 .bss.Freq1     0x200008d8        0x4 main.o
                0x200008d8                Freq1
 .bss.Freq2     0x200008dc        0x4 main.o
                0x200008dc                Freq2
 .bss.Phaz1     0x200008e0        0x2 main.o
                0x200008e0                Phaz1
 .bss.Phaz2     0x200008e2        0x2 main.o
                0x200008e2                Phaz2
 .bss.oc        0x200008e4        0x2 main.o
                0x200008e4                oc
 *fill*         0x200008e6        0x2 
 .bss.L0        0x200008e8        0x4 main.o
                0x200008e8                L0
 .bss.H0        0x200008ec        0x4 main.o
                0x200008ec                H0
 .bss.L1        0x200008f0        0x4 main.o
                0x200008f0                L1
 .bss.H1        0x200008f4        0x4 main.o
                0x200008f4                H1
 .bss.L2        0x200008f8        0x4 main.o
                0x200008f8                L2
 .bss.H2        0x200008fc        0x4 main.o
                0x200008fc                H2
 .bss.L3        0x20000900        0x4 main.o
                0x20000900                L3
 .bss.H3        0x20000904        0x4 main.o
                0x20000904                H3
 .bss.NewEdge   0x20000908        0x1 main.o
                0x20000908                NewEdge
 *fill*         0x20000909        0x7 
 .bss.value     0x20000910        0x8 numCollect.o
                0x20000910                value
 .bss.valueReady
                0x20000918        0x1 numCollect.o
                0x20000918                valueReady
 *fill*         0x20000919        0x3 
 .bss.buffer.4177
                0x2000091c        0x8 numCollect.o
 .bss.crspos.4176
                0x20000924        0x1 numCollect.o
 .bss.mode.4178
                0x20000925        0x1 numCollect.o
 *fill*         0x20000926        0x2 
 .bss           0x20000928       0x34 /usr/lib/gcc/arm-none-eabi/5.4.1/../../../arm-none-eabi/lib/armv7-m/libc.a(lib_a-mallocr.o)
                0x20000928                __malloc_top_pad
                0x2000092c                __malloc_current_mallinfo
                0x20000954                __malloc_max_sbrked_mem
                0x20000958                __malloc_max_total_mem
 .bss           0x2000095c        0x4 /usr/lib/gcc/arm-none-eabi/5.4.1/../../../arm-none-eabi/lib/armv7-m/libnosys.a(sbrk.o)
 *(COMMON)
 COMMON         0x20000960        0x4 /usr/lib/gcc/arm-none-eabi/5.4.1/../../../arm-none-eabi/lib/armv7-m/libc.a(lib_a-reent.o)
                0x20000960                errno
                0x20000964                . = ALIGN (0x4)
                0x20000964                _ebss = .

/DISCARD/
 *(.eh_frame)
                0x20000964                . = ALIGN (0x4)
                0x20000964                end = .
                0x20005000                PROVIDE (_stack, (ORIGIN (ram) + LENGTH (ram)))
OUTPUT(program.elf elf32-littlearm)

.debug_info     0x00000000    0x10f2e
 .debug_info    0x00000000      0x1fb HighComms.o
 .debug_info    0x000001fb      0x1b2 ads1115.o
 .debug_info    0x000003ad      0x79a main.o
 .debug_info    0x00000b47      0x1b6 i2c_master.o
 .debug_info    0x00000cfd      0x170 A9833.o
 .debug_info    0x00000e6d      0x13a numCollect.o
 .debug_info    0x00000fa7      0x1df /usr/lib/arm/lib/libopencm3_stm32f1.a(gpio.o)
 .debug_info    0x00001186     0x1120 /usr/lib/arm/lib/libopencm3_stm32f1.a(rcc.o)
 .debug_info    0x000022a6      0x109 /usr/lib/arm/lib/libopencm3_stm32f1.a(timer.o)
 .debug_info    0x000023af      0x22c /usr/lib/arm/lib/libopencm3_stm32f1.a(gpio_common_all.o)
 .debug_info    0x000025db      0xfb8 /usr/lib/arm/lib/libopencm3_stm32f1.a(timer_common_all.o)
 .debug_info    0x00003593      0x4b4 /usr/lib/arm/lib/libopencm3_stm32f1.a(usart_common_all.o)
 .debug_info    0x00003a47      0x17a /usr/lib/arm/lib/libopencm3_stm32f1.a(usart_common_f124.o)
 .debug_info    0x00003bc1      0x58c /usr/lib/arm/lib/libopencm3_stm32f1.a(rcc_common_all.o)
 .debug_info    0x0000414d       0xec /usr/lib/arm/lib/libopencm3_stm32f1.a(flash_common_all.o)
 .debug_info    0x00004239      0x2a8 /usr/lib/arm/lib/libopencm3_stm32f1.a(vector.o)
 .debug_info    0x000044e1      0x214 /usr/lib/arm/lib/libopencm3_stm32f1.a(nvic.o)
 .debug_info    0x000046f5      0x9e0 /usr/lib/gcc/arm-none-eabi/5.4.1/../../../arm-none-eabi/lib/armv7-m/libc.a(lib_a-sprintf.o)
 .debug_info    0x000050d5     0x1544 /usr/lib/gcc/arm-none-eabi/5.4.1/../../../arm-none-eabi/lib/armv7-m/libc.a(lib_a-svfprintf.o)
 .debug_info    0x00006619     0x1260 /usr/lib/gcc/arm-none-eabi/5.4.1/../../../arm-none-eabi/lib/armv7-m/libc.a(lib_a-dtoa.o)
 .debug_info    0x00007879      0x89b /usr/lib/gcc/arm-none-eabi/5.4.1/../../../arm-none-eabi/lib/armv7-m/libc.a(lib_a-impure.o)
 .debug_info    0x00008114      0xc1c /usr/lib/gcc/arm-none-eabi/5.4.1/../../../arm-none-eabi/lib/armv7-m/libc.a(lib_a-locale.o)
 .debug_info    0x00008d30      0xd4d /usr/lib/gcc/arm-none-eabi/5.4.1/../../../arm-none-eabi/lib/armv7-m/libc.a(lib_a-mallocr.o)
 .debug_info    0x00009a7d      0x132 /usr/lib/gcc/arm-none-eabi/5.4.1/../../../arm-none-eabi/lib/armv7-m/libc.a(lib_a-memchr-stub.o)
 .debug_info    0x00009baf       0xc2 /usr/lib/gcc/arm-none-eabi/5.4.1/../../../arm-none-eabi/lib/armv7-m/libc.a(lib_a-memcpy.o)
 .debug_info    0x00009c71      0x8a8 /usr/lib/gcc/arm-none-eabi/5.4.1/../../../arm-none-eabi/lib/armv7-m/libc.a(lib_a-mlock.o)
 .debug_info    0x0000a519     0x16bc /usr/lib/gcc/arm-none-eabi/5.4.1/../../../arm-none-eabi/lib/armv7-m/libc.a(lib_a-mprec.o)
 .debug_info    0x0000bbd5      0x8f5 /usr/lib/gcc/arm-none-eabi/5.4.1/../../../arm-none-eabi/lib/armv7-m/libc.a(lib_a-sbrkr.o)
 .debug_info    0x0000c4ca       0xc2 /usr/lib/gcc/arm-none-eabi/5.4.1/../../../arm-none-eabi/lib/armv7-m/libc.a(lib_a-strcmp.o)
 .debug_info    0x0000c58c       0xbc /usr/lib/gcc/arm-none-eabi/5.4.1/../../../arm-none-eabi/lib/armv7-m/libc.a(lib_a-strlen-stub.o)
 .debug_info    0x0000c648      0xfc6 /usr/lib/gcc/arm-none-eabi/5.4.1/../../../arm-none-eabi/lib/armv7-m/libc.a(lib_a-svfiprintf.o)
 .debug_info    0x0000d60e      0x9c8 /usr/lib/gcc/arm-none-eabi/5.4.1/../../../arm-none-eabi/lib/armv7-m/libc.a(lib_a-callocr.o)
 .debug_info    0x0000dfd6      0xc01 /usr/lib/gcc/arm-none-eabi/5.4.1/../../../arm-none-eabi/lib/armv7-m/libc.a(lib_a-freer.o)
 .debug_info    0x0000ebd7      0x138 /usr/lib/gcc/arm-none-eabi/5.4.1/../../../arm-none-eabi/lib/armv7-m/libc.a(lib_a-memmove.o)
 .debug_info    0x0000ed0f      0x11e /usr/lib/gcc/arm-none-eabi/5.4.1/../../../arm-none-eabi/lib/armv7-m/libc.a(lib_a-memset.o)
 .debug_info    0x0000ee2d      0xc72 /usr/lib/gcc/arm-none-eabi/5.4.1/../../../arm-none-eabi/lib/armv7-m/libc.a(lib_a-reallocr.o)
 .debug_info    0x0000fa9f      0x9fc /usr/lib/gcc/arm-none-eabi/5.4.1/../../../arm-none-eabi/lib/armv7-m/libc.a(lib_a-reent.o)
 .debug_info    0x0001049b       0xba /usr/lib/gcc/arm-none-eabi/5.4.1/armv7-m/libgcc.a(_arm_addsubdf3.o)
 .debug_info    0x00010555       0xba /usr/lib/gcc/arm-none-eabi/5.4.1/armv7-m/libgcc.a(_arm_muldivdf3.o)
 .debug_info    0x0001060f       0xba /usr/lib/gcc/arm-none-eabi/5.4.1/armv7-m/libgcc.a(_arm_cmpdf2.o)
 .debug_info    0x000106c9       0xba /usr/lib/gcc/arm-none-eabi/5.4.1/armv7-m/libgcc.a(_arm_unorddf2.o)
 .debug_info    0x00010783       0xba /usr/lib/gcc/arm-none-eabi/5.4.1/armv7-m/libgcc.a(_arm_fixdfsi.o)
 .debug_info    0x0001083d       0xba /usr/lib/gcc/arm-none-eabi/5.4.1/armv7-m/libgcc.a(_arm_fixunsdfsi.o)
 .debug_info    0x000108f7       0xb5 /usr/lib/gcc/arm-none-eabi/5.4.1/armv7-m/libgcc.a(_aeabi_uldivmod.o)
 .debug_info    0x000109ac      0x42c /usr/lib/gcc/arm-none-eabi/5.4.1/armv7-m/libgcc.a(_udivmoddi4.o)
 .debug_info    0x00010dd8       0xb9 /usr/lib/gcc/arm-none-eabi/5.4.1/armv7-m/libgcc.a(_dvmd_tls.o)
 .debug_info    0x00010e91       0x9d /usr/lib/gcc/arm-none-eabi/5.4.1/../../../arm-none-eabi/lib/armv7-m/libnosys.a(sbrk.o)

.debug_abbrev   0x00000000     0x3707
 .debug_abbrev  0x00000000       0x9f HighComms.o
 .debug_abbrev  0x0000009f       0xb4 ads1115.o
 .debug_abbrev  0x00000153      0x1b7 main.o
 .debug_abbrev  0x0000030a       0xe4 i2c_master.o
 .debug_abbrev  0x000003ee       0xd7 A9833.o
 .debug_abbrev  0x000004c5       0xa6 numCollect.o
 .debug_abbrev  0x0000056b       0xb7 /usr/lib/arm/lib/libopencm3_stm32f1.a(gpio.o)
 .debug_abbrev  0x00000622      0x272 /usr/lib/arm/lib/libopencm3_stm32f1.a(rcc.o)
 .debug_abbrev  0x00000894       0x9b /usr/lib/arm/lib/libopencm3_stm32f1.a(timer.o)
 .debug_abbrev  0x0000092f      0x10e /usr/lib/arm/lib/libopencm3_stm32f1.a(gpio_common_all.o)
 .debug_abbrev  0x00000a3d      0x150 /usr/lib/arm/lib/libopencm3_stm32f1.a(timer_common_all.o)
 .debug_abbrev  0x00000b8d      0x10f /usr/lib/arm/lib/libopencm3_stm32f1.a(usart_common_all.o)
 .debug_abbrev  0x00000c9c       0x8e /usr/lib/arm/lib/libopencm3_stm32f1.a(usart_common_f124.o)
 .debug_abbrev  0x00000d2a      0x11d /usr/lib/arm/lib/libopencm3_stm32f1.a(rcc_common_all.o)
 .debug_abbrev  0x00000e47       0x8a /usr/lib/arm/lib/libopencm3_stm32f1.a(flash_common_all.o)
 .debug_abbrev  0x00000ed1      0x146 /usr/lib/arm/lib/libopencm3_stm32f1.a(vector.o)
 .debug_abbrev  0x00001017       0xa6 /usr/lib/arm/lib/libopencm3_stm32f1.a(nvic.o)
 .debug_abbrev  0x000010bd      0x21b /usr/lib/gcc/arm-none-eabi/5.4.1/../../../arm-none-eabi/lib/armv7-m/libc.a(lib_a-sprintf.o)
 .debug_abbrev  0x000012d8      0x34b /usr/lib/gcc/arm-none-eabi/5.4.1/../../../arm-none-eabi/lib/armv7-m/libc.a(lib_a-svfprintf.o)
 .debug_abbrev  0x00001623      0x29e /usr/lib/gcc/arm-none-eabi/5.4.1/../../../arm-none-eabi/lib/armv7-m/libc.a(lib_a-dtoa.o)
 .debug_abbrev  0x000018c1      0x180 /usr/lib/gcc/arm-none-eabi/5.4.1/../../../arm-none-eabi/lib/armv7-m/libc.a(lib_a-impure.o)
 .debug_abbrev  0x00001a41      0x2a8 /usr/lib/gcc/arm-none-eabi/5.4.1/../../../arm-none-eabi/lib/armv7-m/libc.a(lib_a-locale.o)
 .debug_abbrev  0x00001ce9      0x29d /usr/lib/gcc/arm-none-eabi/5.4.1/../../../arm-none-eabi/lib/armv7-m/libc.a(lib_a-mallocr.o)
 .debug_abbrev  0x00001f86       0xab /usr/lib/gcc/arm-none-eabi/5.4.1/../../../arm-none-eabi/lib/armv7-m/libc.a(lib_a-memchr-stub.o)
 .debug_abbrev  0x00002031       0x14 /usr/lib/gcc/arm-none-eabi/5.4.1/../../../arm-none-eabi/lib/armv7-m/libc.a(lib_a-memcpy.o)
 .debug_abbrev  0x00002045      0x1ac /usr/lib/gcc/arm-none-eabi/5.4.1/../../../arm-none-eabi/lib/armv7-m/libc.a(lib_a-mlock.o)
 .debug_abbrev  0x000021f1      0x399 /usr/lib/gcc/arm-none-eabi/5.4.1/../../../arm-none-eabi/lib/armv7-m/libc.a(lib_a-mprec.o)
 .debug_abbrev  0x0000258a      0x1fb /usr/lib/gcc/arm-none-eabi/5.4.1/../../../arm-none-eabi/lib/armv7-m/libc.a(lib_a-sbrkr.o)
 .debug_abbrev  0x00002785       0x14 /usr/lib/gcc/arm-none-eabi/5.4.1/../../../arm-none-eabi/lib/armv7-m/libc.a(lib_a-strcmp.o)
 .debug_abbrev  0x00002799       0x70 /usr/lib/gcc/arm-none-eabi/5.4.1/../../../arm-none-eabi/lib/armv7-m/libc.a(lib_a-strlen-stub.o)
 .debug_abbrev  0x00002809      0x2a3 /usr/lib/gcc/arm-none-eabi/5.4.1/../../../arm-none-eabi/lib/armv7-m/libc.a(lib_a-svfiprintf.o)
 .debug_abbrev  0x00002aac      0x1fc /usr/lib/gcc/arm-none-eabi/5.4.1/../../../arm-none-eabi/lib/armv7-m/libc.a(lib_a-callocr.o)
 .debug_abbrev  0x00002ca8      0x264 /usr/lib/gcc/arm-none-eabi/5.4.1/../../../arm-none-eabi/lib/armv7-m/libc.a(lib_a-freer.o)
 .debug_abbrev  0x00002f0c       0xab /usr/lib/gcc/arm-none-eabi/5.4.1/../../../arm-none-eabi/lib/armv7-m/libc.a(lib_a-memmove.o)
 .debug_abbrev  0x00002fb7       0x9f /usr/lib/gcc/arm-none-eabi/5.4.1/../../../arm-none-eabi/lib/armv7-m/libc.a(lib_a-memset.o)
 .debug_abbrev  0x00003056      0x231 /usr/lib/gcc/arm-none-eabi/5.4.1/../../../arm-none-eabi/lib/armv7-m/libc.a(lib_a-reallocr.o)
 .debug_abbrev  0x00003287      0x25c /usr/lib/gcc/arm-none-eabi/5.4.1/../../../arm-none-eabi/lib/armv7-m/libc.a(lib_a-reent.o)
 .debug_abbrev  0x000034e3       0x14 /usr/lib/gcc/arm-none-eabi/5.4.1/armv7-m/libgcc.a(_arm_addsubdf3.o)
 .debug_abbrev  0x000034f7       0x14 /usr/lib/gcc/arm-none-eabi/5.4.1/armv7-m/libgcc.a(_arm_muldivdf3.o)
 .debug_abbrev  0x0000350b       0x14 /usr/lib/gcc/arm-none-eabi/5.4.1/armv7-m/libgcc.a(_arm_cmpdf2.o)
 .debug_abbrev  0x0000351f       0x14 /usr/lib/gcc/arm-none-eabi/5.4.1/armv7-m/libgcc.a(_arm_unorddf2.o)
 .debug_abbrev  0x00003533       0x14 /usr/lib/gcc/arm-none-eabi/5.4.1/armv7-m/libgcc.a(_arm_fixdfsi.o)
 .debug_abbrev  0x00003547       0x14 /usr/lib/gcc/arm-none-eabi/5.4.1/armv7-m/libgcc.a(_arm_fixunsdfsi.o)
 .debug_abbrev  0x0000355b       0x14 /usr/lib/gcc/arm-none-eabi/5.4.1/armv7-m/libgcc.a(_aeabi_uldivmod.o)
 .debug_abbrev  0x0000356f      0x101 /usr/lib/gcc/arm-none-eabi/5.4.1/armv7-m/libgcc.a(_udivmoddi4.o)
 .debug_abbrev  0x00003670       0x14 /usr/lib/gcc/arm-none-eabi/5.4.1/armv7-m/libgcc.a(_dvmd_tls.o)
 .debug_abbrev  0x00003684       0x83 /usr/lib/gcc/arm-none-eabi/5.4.1/../../../arm-none-eabi/lib/armv7-m/libnosys.a(sbrk.o)

.debug_aranges  0x00000000      0xc10
 .debug_aranges
                0x00000000       0x58 HighComms.o
 .debug_aranges
                0x00000058       0x40 ads1115.o
 .debug_aranges
                0x00000098       0x80 main.o
 .debug_aranges
                0x00000118       0x50 i2c_master.o
 .debug_aranges
                0x00000168       0x38 A9833.o
 .debug_aranges
                0x000001a0       0x28 numCollect.o
 .debug_aranges
                0x000001c8       0x38 /usr/lib/arm/lib/libopencm3_stm32f1.a(gpio.o)
 .debug_aranges
                0x00000200      0x158 /usr/lib/arm/lib/libopencm3_stm32f1.a(rcc.o)
 .debug_aranges
                0x00000358       0x20 /usr/lib/arm/lib/libopencm3_stm32f1.a(timer.o)
 .debug_aranges
                0x00000378       0x50 /usr/lib/arm/lib/libopencm3_stm32f1.a(gpio_common_all.o)
 .debug_aranges
                0x000003c8      0x268 /usr/lib/arm/lib/libopencm3_stm32f1.a(timer_common_all.o)
 .debug_aranges
                0x00000630       0xb8 /usr/lib/arm/lib/libopencm3_stm32f1.a(usart_common_all.o)
 .debug_aranges
                0x000006e8       0x40 /usr/lib/arm/lib/libopencm3_stm32f1.a(usart_common_f124.o)
 .debug_aranges
                0x00000728       0x68 /usr/lib/arm/lib/libopencm3_stm32f1.a(rcc_common_all.o)
 .debug_aranges
                0x00000790       0x38 /usr/lib/arm/lib/libopencm3_stm32f1.a(flash_common_all.o)
 .debug_aranges
                0x000007c8       0x30 /usr/lib/arm/lib/libopencm3_stm32f1.a(vector.o)
 .debug_aranges
                0x000007f8       0x60 /usr/lib/arm/lib/libopencm3_stm32f1.a(nvic.o)
 .debug_aranges
                0x00000858       0x20 /usr/lib/gcc/arm-none-eabi/5.4.1/../../../arm-none-eabi/lib/armv7-m/libc.a(lib_a-sprintf.o)
 .debug_aranges
                0x00000878       0x20 /usr/lib/gcc/arm-none-eabi/5.4.1/../../../arm-none-eabi/lib/armv7-m/libc.a(lib_a-svfprintf.o)
 .debug_aranges
                0x00000898       0x20 /usr/lib/gcc/arm-none-eabi/5.4.1/../../../arm-none-eabi/lib/armv7-m/libc.a(lib_a-dtoa.o)
 .debug_aranges
                0x000008b8       0x18 /usr/lib/gcc/arm-none-eabi/5.4.1/../../../arm-none-eabi/lib/armv7-m/libc.a(lib_a-impure.o)
 .debug_aranges
                0x000008d0       0x20 /usr/lib/gcc/arm-none-eabi/5.4.1/../../../arm-none-eabi/lib/armv7-m/libc.a(lib_a-locale.o)
 .debug_aranges
                0x000008f0       0x20 /usr/lib/gcc/arm-none-eabi/5.4.1/../../../arm-none-eabi/lib/armv7-m/libc.a(lib_a-mallocr.o)
 .debug_aranges
                0x00000910       0x20 /usr/lib/gcc/arm-none-eabi/5.4.1/../../../arm-none-eabi/lib/armv7-m/libc.a(lib_a-memchr-stub.o)
 .debug_aranges
                0x00000930       0x20 /usr/lib/gcc/arm-none-eabi/5.4.1/../../../arm-none-eabi/lib/armv7-m/libc.a(lib_a-memcpy.o)
 .debug_aranges
                0x00000950       0x20 /usr/lib/gcc/arm-none-eabi/5.4.1/../../../arm-none-eabi/lib/armv7-m/libc.a(lib_a-mlock.o)
 .debug_aranges
                0x00000970       0x20 /usr/lib/gcc/arm-none-eabi/5.4.1/../../../arm-none-eabi/lib/armv7-m/libc.a(lib_a-mprec.o)
 .debug_aranges
                0x00000990       0x20 /usr/lib/gcc/arm-none-eabi/5.4.1/../../../arm-none-eabi/lib/armv7-m/libc.a(lib_a-sbrkr.o)
 .debug_aranges
                0x000009b0       0x20 /usr/lib/gcc/arm-none-eabi/5.4.1/../../../arm-none-eabi/lib/armv7-m/libc.a(lib_a-strcmp.o)
 .debug_aranges
                0x000009d0       0x20 /usr/lib/gcc/arm-none-eabi/5.4.1/../../../arm-none-eabi/lib/armv7-m/libc.a(lib_a-strlen-stub.o)
 .debug_aranges
                0x000009f0       0x20 /usr/lib/gcc/arm-none-eabi/5.4.1/../../../arm-none-eabi/lib/armv7-m/libc.a(lib_a-svfiprintf.o)
 .debug_aranges
                0x00000a10       0x20 /usr/lib/gcc/arm-none-eabi/5.4.1/../../../arm-none-eabi/lib/armv7-m/libc.a(lib_a-callocr.o)
 .debug_aranges
                0x00000a30       0x20 /usr/lib/gcc/arm-none-eabi/5.4.1/../../../arm-none-eabi/lib/armv7-m/libc.a(lib_a-freer.o)
 .debug_aranges
                0x00000a50       0x20 /usr/lib/gcc/arm-none-eabi/5.4.1/../../../arm-none-eabi/lib/armv7-m/libc.a(lib_a-memmove.o)
 .debug_aranges
                0x00000a70       0x20 /usr/lib/gcc/arm-none-eabi/5.4.1/../../../arm-none-eabi/lib/armv7-m/libc.a(lib_a-memset.o)
 .debug_aranges
                0x00000a90       0x20 /usr/lib/gcc/arm-none-eabi/5.4.1/../../../arm-none-eabi/lib/armv7-m/libc.a(lib_a-reallocr.o)
 .debug_aranges
                0x00000ab0       0x20 /usr/lib/gcc/arm-none-eabi/5.4.1/../../../arm-none-eabi/lib/armv7-m/libc.a(lib_a-reent.o)
 .debug_aranges
                0x00000ad0       0x20 /usr/lib/gcc/arm-none-eabi/5.4.1/armv7-m/libgcc.a(_arm_addsubdf3.o)
 .debug_aranges
                0x00000af0       0x20 /usr/lib/gcc/arm-none-eabi/5.4.1/armv7-m/libgcc.a(_arm_muldivdf3.o)
 .debug_aranges
                0x00000b10       0x20 /usr/lib/gcc/arm-none-eabi/5.4.1/armv7-m/libgcc.a(_arm_cmpdf2.o)
 .debug_aranges
                0x00000b30       0x20 /usr/lib/gcc/arm-none-eabi/5.4.1/armv7-m/libgcc.a(_arm_unorddf2.o)
 .debug_aranges
                0x00000b50       0x20 /usr/lib/gcc/arm-none-eabi/5.4.1/armv7-m/libgcc.a(_arm_fixdfsi.o)
 .debug_aranges
                0x00000b70       0x20 /usr/lib/gcc/arm-none-eabi/5.4.1/armv7-m/libgcc.a(_arm_fixunsdfsi.o)
 .debug_aranges
                0x00000b90       0x20 /usr/lib/gcc/arm-none-eabi/5.4.1/armv7-m/libgcc.a(_aeabi_uldivmod.o)
 .debug_aranges
                0x00000bb0       0x20 /usr/lib/gcc/arm-none-eabi/5.4.1/armv7-m/libgcc.a(_udivmoddi4.o)
 .debug_aranges
                0x00000bd0       0x20 /usr/lib/gcc/arm-none-eabi/5.4.1/armv7-m/libgcc.a(_dvmd_tls.o)
 .debug_aranges
                0x00000bf0       0x20 /usr/lib/gcc/arm-none-eabi/5.4.1/../../../arm-none-eabi/lib/armv7-m/libnosys.a(sbrk.o)

.debug_ranges   0x00000000      0xcc0
 .debug_ranges  0x00000000       0x48 HighComms.o
 .debug_ranges  0x00000048       0x30 ads1115.o
 .debug_ranges  0x00000078       0x70 main.o
 .debug_ranges  0x000000e8       0x40 i2c_master.o
 .debug_ranges  0x00000128       0x28 A9833.o
 .debug_ranges  0x00000150       0x18 numCollect.o
 .debug_ranges  0x00000168       0x28 /usr/lib/arm/lib/libopencm3_stm32f1.a(gpio.o)
 .debug_ranges  0x00000190      0x1a8 /usr/lib/arm/lib/libopencm3_stm32f1.a(rcc.o)
 .debug_ranges  0x00000338       0x10 /usr/lib/arm/lib/libopencm3_stm32f1.a(timer.o)
 .debug_ranges  0x00000348       0x40 /usr/lib/arm/lib/libopencm3_stm32f1.a(gpio_common_all.o)
 .debug_ranges  0x00000388      0x258 /usr/lib/arm/lib/libopencm3_stm32f1.a(timer_common_all.o)
 .debug_ranges  0x000005e0       0xa8 /usr/lib/arm/lib/libopencm3_stm32f1.a(usart_common_all.o)
 .debug_ranges  0x00000688       0x30 /usr/lib/arm/lib/libopencm3_stm32f1.a(usart_common_f124.o)
 .debug_ranges  0x000006b8       0x58 /usr/lib/arm/lib/libopencm3_stm32f1.a(rcc_common_all.o)
 .debug_ranges  0x00000710       0x28 /usr/lib/arm/lib/libopencm3_stm32f1.a(flash_common_all.o)
 .debug_ranges  0x00000738       0x20 /usr/lib/arm/lib/libopencm3_stm32f1.a(vector.o)
 .debug_ranges  0x00000758       0x50 /usr/lib/arm/lib/libopencm3_stm32f1.a(nvic.o)
 .debug_ranges  0x000007a8      0x108 /usr/lib/gcc/arm-none-eabi/5.4.1/../../../arm-none-eabi/lib/armv7-m/libc.a(lib_a-svfprintf.o)
 .debug_ranges  0x000008b0       0x20 /usr/lib/gcc/arm-none-eabi/5.4.1/../../../arm-none-eabi/lib/armv7-m/libc.a(lib_a-locale.o)
 .debug_ranges  0x000008d0       0x40 /usr/lib/gcc/arm-none-eabi/5.4.1/../../../arm-none-eabi/lib/armv7-m/libc.a(lib_a-mallocr.o)
 .debug_ranges  0x00000910       0x90 /usr/lib/gcc/arm-none-eabi/5.4.1/../../../arm-none-eabi/lib/armv7-m/libc.a(lib_a-mprec.o)
 .debug_ranges  0x000009a0       0x10 /usr/lib/gcc/arm-none-eabi/5.4.1/../../../arm-none-eabi/lib/armv7-m/libc.a(lib_a-strlen-stub.o)
 .debug_ranges  0x000009b0       0x48 /usr/lib/gcc/arm-none-eabi/5.4.1/../../../arm-none-eabi/lib/armv7-m/libc.a(lib_a-svfiprintf.o)
 .debug_ranges  0x000009f8       0x40 /usr/lib/gcc/arm-none-eabi/5.4.1/../../../arm-none-eabi/lib/armv7-m/libc.a(lib_a-callocr.o)
 .debug_ranges  0x00000a38      0x198 /usr/lib/gcc/arm-none-eabi/5.4.1/../../../arm-none-eabi/lib/armv7-m/libc.a(lib_a-reallocr.o)
 .debug_ranges  0x00000bd0       0xf0 /usr/lib/gcc/arm-none-eabi/5.4.1/armv7-m/libgcc.a(_udivmoddi4.o)

.debug_line     0x00000000     0x6e1c
 .debug_line    0x00000000      0x12b HighComms.o
 .debug_line    0x0000012b       0xf2 ads1115.o
 .debug_line    0x0000021d      0x476 main.o
 .debug_line    0x00000693      0x146 i2c_master.o
 .debug_line    0x000007d9       0xf0 A9833.o
 .debug_line    0x000008c9       0xf7 numCollect.o
 .debug_line    0x000009c0      0x261 /usr/lib/arm/lib/libopencm3_stm32f1.a(gpio.o)
 .debug_line    0x00000c21      0x613 /usr/lib/arm/lib/libopencm3_stm32f1.a(rcc.o)
 .debug_line    0x00001234      0x216 /usr/lib/arm/lib/libopencm3_stm32f1.a(timer.o)
 .debug_line    0x0000144a      0x295 /usr/lib/arm/lib/libopencm3_stm32f1.a(gpio_common_all.o)
 .debug_line    0x000016df      0x7e9 /usr/lib/arm/lib/libopencm3_stm32f1.a(timer_common_all.o)
 .debug_line    0x00001ec8      0x3c3 /usr/lib/arm/lib/libopencm3_stm32f1.a(usart_common_all.o)
 .debug_line    0x0000228b      0x2b6 /usr/lib/arm/lib/libopencm3_stm32f1.a(usart_common_f124.o)
 .debug_line    0x00002541      0x2c0 /usr/lib/arm/lib/libopencm3_stm32f1.a(rcc_common_all.o)
 .debug_line    0x00002801      0x287 /usr/lib/arm/lib/libopencm3_stm32f1.a(flash_common_all.o)
 .debug_line    0x00002a88      0x2a9 /usr/lib/arm/lib/libopencm3_stm32f1.a(vector.o)
 .debug_line    0x00002d31      0x265 /usr/lib/arm/lib/libopencm3_stm32f1.a(nvic.o)
 .debug_line    0x00002f96      0x195 /usr/lib/gcc/arm-none-eabi/5.4.1/../../../arm-none-eabi/lib/armv7-m/libc.a(lib_a-sprintf.o)
 .debug_line    0x0000312b      0xab2 /usr/lib/gcc/arm-none-eabi/5.4.1/../../../arm-none-eabi/lib/armv7-m/libc.a(lib_a-svfprintf.o)
 .debug_line    0x00003bdd      0x689 /usr/lib/gcc/arm-none-eabi/5.4.1/../../../arm-none-eabi/lib/armv7-m/libc.a(lib_a-dtoa.o)
 .debug_line    0x00004266       0xe6 /usr/lib/gcc/arm-none-eabi/5.4.1/../../../arm-none-eabi/lib/armv7-m/libc.a(lib_a-impure.o)
 .debug_line    0x0000434c      0x187 /usr/lib/gcc/arm-none-eabi/5.4.1/../../../arm-none-eabi/lib/armv7-m/libc.a(lib_a-locale.o)
 .debug_line    0x000044d3      0x36c /usr/lib/gcc/arm-none-eabi/5.4.1/../../../arm-none-eabi/lib/armv7-m/libc.a(lib_a-mallocr.o)
 .debug_line    0x0000483f      0x121 /usr/lib/gcc/arm-none-eabi/5.4.1/../../../arm-none-eabi/lib/armv7-m/libc.a(lib_a-memchr-stub.o)
 .debug_line    0x00004960       0xbb /usr/lib/gcc/arm-none-eabi/5.4.1/../../../arm-none-eabi/lib/armv7-m/libc.a(lib_a-memcpy.o)
 .debug_line    0x00004a1b       0xf5 /usr/lib/gcc/arm-none-eabi/5.4.1/../../../arm-none-eabi/lib/armv7-m/libc.a(lib_a-mlock.o)
 .debug_line    0x00004b10      0x5cb /usr/lib/gcc/arm-none-eabi/5.4.1/../../../arm-none-eabi/lib/armv7-m/libc.a(lib_a-mprec.o)
 .debug_line    0x000050db      0x14b /usr/lib/gcc/arm-none-eabi/5.4.1/../../../arm-none-eabi/lib/armv7-m/libc.a(lib_a-sbrkr.o)
 .debug_line    0x00005226      0x100 /usr/lib/gcc/arm-none-eabi/5.4.1/../../../arm-none-eabi/lib/armv7-m/libc.a(lib_a-strcmp.o)
 .debug_line    0x00005326       0xeb /usr/lib/gcc/arm-none-eabi/5.4.1/../../../arm-none-eabi/lib/armv7-m/libc.a(lib_a-strlen-stub.o)
 .debug_line    0x00005411      0x877 /usr/lib/gcc/arm-none-eabi/5.4.1/../../../arm-none-eabi/lib/armv7-m/libc.a(lib_a-svfiprintf.o)
 .debug_line    0x00005c88      0x121 /usr/lib/gcc/arm-none-eabi/5.4.1/../../../arm-none-eabi/lib/armv7-m/libc.a(lib_a-callocr.o)
 .debug_line    0x00005da9      0x24b /usr/lib/gcc/arm-none-eabi/5.4.1/../../../arm-none-eabi/lib/armv7-m/libc.a(lib_a-freer.o)
 .debug_line    0x00005ff4      0x11d /usr/lib/gcc/arm-none-eabi/5.4.1/../../../arm-none-eabi/lib/armv7-m/libc.a(lib_a-memmove.o)
 .debug_line    0x00006111      0x10e /usr/lib/gcc/arm-none-eabi/5.4.1/../../../arm-none-eabi/lib/armv7-m/libc.a(lib_a-memset.o)
 .debug_line    0x0000621f      0x2a9 /usr/lib/gcc/arm-none-eabi/5.4.1/../../../arm-none-eabi/lib/armv7-m/libc.a(lib_a-reallocr.o)
 .debug_line    0x000064c8      0x176 /usr/lib/gcc/arm-none-eabi/5.4.1/../../../arm-none-eabi/lib/armv7-m/libc.a(lib_a-reent.o)
 .debug_line    0x0000663e      0x176 /usr/lib/gcc/arm-none-eabi/5.4.1/armv7-m/libgcc.a(_arm_addsubdf3.o)
 .debug_line    0x000067b4      0x19a /usr/lib/gcc/arm-none-eabi/5.4.1/armv7-m/libgcc.a(_arm_muldivdf3.o)
 .debug_line    0x0000694e       0xb7 /usr/lib/gcc/arm-none-eabi/5.4.1/armv7-m/libgcc.a(_arm_cmpdf2.o)
 .debug_line    0x00006a05       0x6c /usr/lib/gcc/arm-none-eabi/5.4.1/armv7-m/libgcc.a(_arm_unorddf2.o)
 .debug_line    0x00006a71       0x77 /usr/lib/gcc/arm-none-eabi/5.4.1/armv7-m/libgcc.a(_arm_fixdfsi.o)
 .debug_line    0x00006ae8       0x73 /usr/lib/gcc/arm-none-eabi/5.4.1/armv7-m/libgcc.a(_arm_fixunsdfsi.o)
 .debug_line    0x00006b5b       0x5e /usr/lib/gcc/arm-none-eabi/5.4.1/armv7-m/libgcc.a(_aeabi_uldivmod.o)
 .debug_line    0x00006bb9      0x1ad /usr/lib/gcc/arm-none-eabi/5.4.1/armv7-m/libgcc.a(_udivmoddi4.o)
 .debug_line    0x00006d66       0x5e /usr/lib/gcc/arm-none-eabi/5.4.1/armv7-m/libgcc.a(_dvmd_tls.o)
 .debug_line    0x00006dc4       0x58 /usr/lib/gcc/arm-none-eabi/5.4.1/../../../arm-none-eabi/lib/armv7-m/libnosys.a(sbrk.o)

.debug_str      0x00000000    0x15366
 .debug_str     0x00000000      0x175 HighComms.o
                                0x21c (size before relaxing)
 .debug_str     0x00000175       0x77 ads1115.o
                                0x1f9 (size before relaxing)
 .debug_str     0x000001ec      0x57c main.o
                                0x748 (size before relaxing)
 .debug_str     0x00000768       0x5e i2c_master.o
                                0x1f4 (size before relaxing)
 .debug_str     0x000007c6       0x48 A9833.o
                                0x1e0 (size before relaxing)
 .debug_str     0x0000080e       0x44 numCollect.o
                                0x158 (size before relaxing)
 .debug_str     0x00000852     0x7995 /usr/lib/arm/lib/libopencm3_stm32f1.a(gpio.o)
                               0x7b41 (size before relaxing)
 .debug_str     0x000081e7     0x311a /usr/lib/arm/lib/libopencm3_stm32f1.a(rcc.o)
                               0x744c (size before relaxing)
 .debug_str     0x0000b301     0x40bf /usr/lib/arm/lib/libopencm3_stm32f1.a(timer.o)
                               0x8408 (size before relaxing)
 .debug_str     0x0000f3c0       0x7a /usr/lib/arm/lib/libopencm3_stm32f1.a(gpio_common_all.o)
                               0x7b35 (size before relaxing)
 .debug_str     0x0000f43a      0x883 /usr/lib/arm/lib/libopencm3_stm32f1.a(timer_common_all.o)
                               0xb2c9 (size before relaxing)
 .debug_str     0x0000fcbd     0x1183 /usr/lib/arm/lib/libopencm3_stm32f1.a(usart_common_all.o)
                               0x790f (size before relaxing)
 .debug_str     0x00010e40       0x2d /usr/lib/arm/lib/libopencm3_stm32f1.a(usart_common_f124.o)
                               0x7723 (size before relaxing)
 .debug_str     0x00010e6d      0x33a /usr/lib/arm/lib/libopencm3_stm32f1.a(rcc_common_all.o)
                               0x6cf1 (size before relaxing)
 .debug_str     0x000111a7       0x64 /usr/lib/arm/lib/libopencm3_stm32f1.a(flash_common_all.o)
                               0x4b25 (size before relaxing)
 .debug_str     0x0001120b     0x24ec /usr/lib/arm/lib/libopencm3_stm32f1.a(vector.o)
                               0x5c92 (size before relaxing)
 .debug_str     0x000136f7      0x890 /usr/lib/arm/lib/libopencm3_stm32f1.a(nvic.o)
                               0x483e (size before relaxing)
 .debug_str     0x00013f87      0x48f /usr/lib/gcc/arm-none-eabi/5.4.1/../../../arm-none-eabi/lib/armv7-m/libc.a(lib_a-sprintf.o)
                                0x58b (size before relaxing)
 .debug_str     0x00014416      0x22b /usr/lib/gcc/arm-none-eabi/5.4.1/../../../arm-none-eabi/lib/armv7-m/libc.a(lib_a-svfprintf.o)
                                0x771 (size before relaxing)
 .debug_str     0x00014641      0x1ab /usr/lib/gcc/arm-none-eabi/5.4.1/../../../arm-none-eabi/lib/armv7-m/libc.a(lib_a-dtoa.o)
                                0x69d (size before relaxing)
 .debug_str     0x000147ec       0xa5 /usr/lib/gcc/arm-none-eabi/5.4.1/../../../arm-none-eabi/lib/armv7-m/libc.a(lib_a-impure.o)
                                0x55e (size before relaxing)
 .debug_str     0x00014891      0x25c /usr/lib/gcc/arm-none-eabi/5.4.1/../../../arm-none-eabi/lib/armv7-m/libc.a(lib_a-locale.o)
                                0x7bb (size before relaxing)
 .debug_str     0x00014aed      0x21f /usr/lib/gcc/arm-none-eabi/5.4.1/../../../arm-none-eabi/lib/armv7-m/libc.a(lib_a-mallocr.o)
                                0x763 (size before relaxing)
 .debug_str     0x00014d0c       0xa8 /usr/lib/gcc/arm-none-eabi/5.4.1/../../../arm-none-eabi/lib/armv7-m/libc.a(lib_a-memchr-stub.o)
                                0x1b9 (size before relaxing)
 .debug_str     0x00014db4       0x42 /usr/lib/gcc/arm-none-eabi/5.4.1/../../../arm-none-eabi/lib/armv7-m/libc.a(lib_a-mlock.o)
                                0x559 (size before relaxing)
 .debug_str     0x00014df6       0x98 /usr/lib/gcc/arm-none-eabi/5.4.1/../../../arm-none-eabi/lib/armv7-m/libc.a(lib_a-mprec.o)
                                0x657 (size before relaxing)
 .debug_str     0x00014e8e       0x41 /usr/lib/gcc/arm-none-eabi/5.4.1/../../../arm-none-eabi/lib/armv7-m/libc.a(lib_a-sbrkr.o)
                                0x555 (size before relaxing)
 .debug_str     0x00014ecf       0x3b /usr/lib/gcc/arm-none-eabi/5.4.1/../../../arm-none-eabi/lib/armv7-m/libc.a(lib_a-strlen-stub.o)
                                0x19f (size before relaxing)
 .debug_str     0x00014f0a       0x30 /usr/lib/gcc/arm-none-eabi/5.4.1/../../../arm-none-eabi/lib/armv7-m/libc.a(lib_a-svfiprintf.o)
                                0x6e4 (size before relaxing)
 .debug_str     0x00014f3a       0x16 /usr/lib/gcc/arm-none-eabi/5.4.1/../../../arm-none-eabi/lib/armv7-m/libc.a(lib_a-callocr.o)
                                0x597 (size before relaxing)
 .debug_str     0x00014f50       0x34 /usr/lib/gcc/arm-none-eabi/5.4.1/../../../arm-none-eabi/lib/armv7-m/libc.a(lib_a-freer.o)
                                0x6ad (size before relaxing)
 .debug_str     0x00014f84       0xaa /usr/lib/gcc/arm-none-eabi/5.4.1/../../../arm-none-eabi/lib/armv7-m/libc.a(lib_a-memmove.o)
                                0x1c0 (size before relaxing)
 .debug_str     0x0001502e       0x3b /usr/lib/gcc/arm-none-eabi/5.4.1/../../../arm-none-eabi/lib/armv7-m/libc.a(lib_a-memset.o)
                                0x1a1 (size before relaxing)
 .debug_str     0x00015069       0x4e /usr/lib/gcc/arm-none-eabi/5.4.1/../../../arm-none-eabi/lib/armv7-m/libc.a(lib_a-reallocr.o)
                                0x63f (size before relaxing)
 .debug_str     0x000150b7       0x58 /usr/lib/gcc/arm-none-eabi/5.4.1/../../../arm-none-eabi/lib/armv7-m/libc.a(lib_a-reent.o)
                                0x57d (size before relaxing)
 .debug_str     0x0001510f      0x18b /usr/lib/gcc/arm-none-eabi/5.4.1/armv7-m/libgcc.a(_udivmoddi4.o)
                                0x225 (size before relaxing)
 .debug_str     0x0001529a       0xcc /usr/lib/gcc/arm-none-eabi/5.4.1/../../../arm-none-eabi/lib/armv7-m/libnosys.a(sbrk.o)
                                 0xe5 (size before relaxing)

.comment        0x00000000       0x2b
 .comment       0x00000000       0x2b HighComms.o
                                 0x2c (size before relaxing)
 .comment       0x0000002b       0x2c ads1115.o
 .comment       0x0000002b       0x2c main.o
 .comment       0x0000002b       0x2c i2c_master.o
 .comment       0x0000002b       0x2c A9833.o
 .comment       0x0000002b       0x2c numCollect.o
 .comment       0x0000002b       0x2c /usr/lib/arm/lib/libopencm3_stm32f1.a(gpio.o)
 .comment       0x0000002b       0x2c /usr/lib/arm/lib/libopencm3_stm32f1.a(rcc.o)
 .comment       0x0000002b       0x2c /usr/lib/arm/lib/libopencm3_stm32f1.a(timer.o)
 .comment       0x0000002b       0x2c /usr/lib/arm/lib/libopencm3_stm32f1.a(gpio_common_all.o)
 .comment       0x0000002b       0x2c /usr/lib/arm/lib/libopencm3_stm32f1.a(timer_common_all.o)
 .comment       0x0000002b       0x2c /usr/lib/arm/lib/libopencm3_stm32f1.a(usart_common_all.o)
 .comment       0x0000002b       0x2c /usr/lib/arm/lib/libopencm3_stm32f1.a(usart_common_f124.o)
 .comment       0x0000002b       0x2c /usr/lib/arm/lib/libopencm3_stm32f1.a(rcc_common_all.o)
 .comment       0x0000002b       0x2c /usr/lib/arm/lib/libopencm3_stm32f1.a(flash_common_all.o)
 .comment       0x0000002b       0x2c /usr/lib/arm/lib/libopencm3_stm32f1.a(vector.o)
 .comment       0x0000002b       0x2c /usr/lib/arm/lib/libopencm3_stm32f1.a(nvic.o)
 .comment       0x0000002b       0x2c /usr/lib/gcc/arm-none-eabi/5.4.1/../../../arm-none-eabi/lib/armv7-m/libc.a(lib_a-sprintf.o)
 .comment       0x0000002b       0x2c /usr/lib/gcc/arm-none-eabi/5.4.1/../../../arm-none-eabi/lib/armv7-m/libc.a(lib_a-svfprintf.o)
 .comment       0x0000002b       0x2c /usr/lib/gcc/arm-none-eabi/5.4.1/../../../arm-none-eabi/lib/armv7-m/libc.a(lib_a-dtoa.o)
 .comment       0x0000002b       0x2c /usr/lib/gcc/arm-none-eabi/5.4.1/../../../arm-none-eabi/lib/armv7-m/libc.a(lib_a-impure.o)
 .comment       0x0000002b       0x2c /usr/lib/gcc/arm-none-eabi/5.4.1/../../../arm-none-eabi/lib/armv7-m/libc.a(lib_a-locale.o)
 .comment       0x0000002b       0x2c /usr/lib/gcc/arm-none-eabi/5.4.1/../../../arm-none-eabi/lib/armv7-m/libc.a(lib_a-mallocr.o)
 .comment       0x0000002b       0x2c /usr/lib/gcc/arm-none-eabi/5.4.1/../../../arm-none-eabi/lib/armv7-m/libc.a(lib_a-memchr-stub.o)
 .comment       0x0000002b       0x2c /usr/lib/gcc/arm-none-eabi/5.4.1/../../../arm-none-eabi/lib/armv7-m/libc.a(lib_a-mlock.o)
 .comment       0x0000002b       0x2c /usr/lib/gcc/arm-none-eabi/5.4.1/../../../arm-none-eabi/lib/armv7-m/libc.a(lib_a-mprec.o)
 .comment       0x0000002b       0x2c /usr/lib/gcc/arm-none-eabi/5.4.1/../../../arm-none-eabi/lib/armv7-m/libc.a(lib_a-sbrkr.o)
 .comment       0x0000002b       0x2c /usr/lib/gcc/arm-none-eabi/5.4.1/../../../arm-none-eabi/lib/armv7-m/libc.a(lib_a-strlen-stub.o)
 .comment       0x0000002b       0x2c /usr/lib/gcc/arm-none-eabi/5.4.1/../../../arm-none-eabi/lib/armv7-m/libc.a(lib_a-svfiprintf.o)
 .comment       0x0000002b       0x2c /usr/lib/gcc/arm-none-eabi/5.4.1/../../../arm-none-eabi/lib/armv7-m/libc.a(lib_a-callocr.o)
 .comment       0x0000002b       0x2c /usr/lib/gcc/arm-none-eabi/5.4.1/../../../arm-none-eabi/lib/armv7-m/libc.a(lib_a-freer.o)
 .comment       0x0000002b       0x2c /usr/lib/gcc/arm-none-eabi/5.4.1/../../../arm-none-eabi/lib/armv7-m/libc.a(lib_a-memmove.o)
 .comment       0x0000002b       0x2c /usr/lib/gcc/arm-none-eabi/5.4.1/../../../arm-none-eabi/lib/armv7-m/libc.a(lib_a-memset.o)
 .comment       0x0000002b       0x2c /usr/lib/gcc/arm-none-eabi/5.4.1/../../../arm-none-eabi/lib/armv7-m/libc.a(lib_a-reallocr.o)
 .comment       0x0000002b       0x2c /usr/lib/gcc/arm-none-eabi/5.4.1/../../../arm-none-eabi/lib/armv7-m/libc.a(lib_a-reent.o)
 .comment       0x0000002b       0x2c /usr/lib/gcc/arm-none-eabi/5.4.1/armv7-m/libgcc.a(_udivmoddi4.o)
 .comment       0x0000002b       0x2c /usr/lib/gcc/arm-none-eabi/5.4.1/../../../arm-none-eabi/lib/armv7-m/libnosys.a(sbrk.o)

.ARM.attributes
                0x00000000       0x31
 .ARM.attributes
                0x00000000       0x33 HighComms.o
 .ARM.attributes
                0x00000033       0x33 ads1115.o
 .ARM.attributes
                0x00000066       0x33 main.o
 .ARM.attributes
                0x00000099       0x33 i2c_master.o
 .ARM.attributes
                0x000000cc       0x33 A9833.o
 .ARM.attributes
                0x000000ff       0x33 numCollect.o
 .ARM.attributes
                0x00000132       0x33 /usr/lib/arm/lib/libopencm3_stm32f1.a(gpio.o)
 .ARM.attributes
                0x00000165       0x33 /usr/lib/arm/lib/libopencm3_stm32f1.a(rcc.o)
 .ARM.attributes
                0x00000198       0x33 /usr/lib/arm/lib/libopencm3_stm32f1.a(timer.o)
 .ARM.attributes
                0x000001cb       0x33 /usr/lib/arm/lib/libopencm3_stm32f1.a(gpio_common_all.o)
 .ARM.attributes
                0x000001fe       0x33 /usr/lib/arm/lib/libopencm3_stm32f1.a(timer_common_all.o)
 .ARM.attributes
                0x00000231       0x33 /usr/lib/arm/lib/libopencm3_stm32f1.a(usart_common_all.o)
 .ARM.attributes
                0x00000264       0x33 /usr/lib/arm/lib/libopencm3_stm32f1.a(usart_common_f124.o)
 .ARM.attributes
                0x00000297       0x33 /usr/lib/arm/lib/libopencm3_stm32f1.a(rcc_common_all.o)
 .ARM.attributes
                0x000002ca       0x33 /usr/lib/arm/lib/libopencm3_stm32f1.a(flash_common_all.o)
 .ARM.attributes
                0x000002fd       0x33 /usr/lib/arm/lib/libopencm3_stm32f1.a(vector.o)
 .ARM.attributes
                0x00000330       0x33 /usr/lib/arm/lib/libopencm3_stm32f1.a(nvic.o)
 .ARM.attributes
                0x00000363       0x2d /usr/lib/gcc/arm-none-eabi/5.4.1/../../../arm-none-eabi/lib/armv7-m/libc.a(lib_a-sprintf.o)
 .ARM.attributes
                0x00000390       0x2d /usr/lib/gcc/arm-none-eabi/5.4.1/../../../arm-none-eabi/lib/armv7-m/libc.a(lib_a-svfprintf.o)
 .ARM.attributes
                0x000003bd       0x2d /usr/lib/gcc/arm-none-eabi/5.4.1/../../../arm-none-eabi/lib/armv7-m/libc.a(lib_a-dtoa.o)
 .ARM.attributes
                0x000003ea       0x2d /usr/lib/gcc/arm-none-eabi/5.4.1/../../../arm-none-eabi/lib/armv7-m/libc.a(lib_a-impure.o)
 .ARM.attributes
                0x00000417       0x2d /usr/lib/gcc/arm-none-eabi/5.4.1/../../../arm-none-eabi/lib/armv7-m/libc.a(lib_a-locale.o)
 .ARM.attributes
                0x00000444       0x2d /usr/lib/gcc/arm-none-eabi/5.4.1/../../../arm-none-eabi/lib/armv7-m/libc.a(lib_a-mallocr.o)
 .ARM.attributes
                0x00000471       0x2d /usr/lib/gcc/arm-none-eabi/5.4.1/../../../arm-none-eabi/lib/armv7-m/libc.a(lib_a-memchr-stub.o)
 .ARM.attributes
                0x0000049e       0x1b /usr/lib/gcc/arm-none-eabi/5.4.1/../../../arm-none-eabi/lib/armv7-m/libc.a(lib_a-memcpy.o)
 .ARM.attributes
                0x000004b9       0x2d /usr/lib/gcc/arm-none-eabi/5.4.1/../../../arm-none-eabi/lib/armv7-m/libc.a(lib_a-mlock.o)
 .ARM.attributes
                0x000004e6       0x2d /usr/lib/gcc/arm-none-eabi/5.4.1/../../../arm-none-eabi/lib/armv7-m/libc.a(lib_a-mprec.o)
 .ARM.attributes
                0x00000513       0x2d /usr/lib/gcc/arm-none-eabi/5.4.1/../../../arm-none-eabi/lib/armv7-m/libc.a(lib_a-sbrkr.o)
 .ARM.attributes
                0x00000540       0x1b /usr/lib/gcc/arm-none-eabi/5.4.1/../../../arm-none-eabi/lib/armv7-m/libc.a(lib_a-strcmp.o)
 .ARM.attributes
                0x0000055b       0x2d /usr/lib/gcc/arm-none-eabi/5.4.1/../../../arm-none-eabi/lib/armv7-m/libc.a(lib_a-strlen-stub.o)
 .ARM.attributes
                0x00000588       0x2d /usr/lib/gcc/arm-none-eabi/5.4.1/../../../arm-none-eabi/lib/armv7-m/libc.a(lib_a-svfiprintf.o)
 .ARM.attributes
                0x000005b5       0x2d /usr/lib/gcc/arm-none-eabi/5.4.1/../../../arm-none-eabi/lib/armv7-m/libc.a(lib_a-callocr.o)
 .ARM.attributes
                0x000005e2       0x2d /usr/lib/gcc/arm-none-eabi/5.4.1/../../../arm-none-eabi/lib/armv7-m/libc.a(lib_a-freer.o)
 .ARM.attributes
                0x0000060f       0x2d /usr/lib/gcc/arm-none-eabi/5.4.1/../../../arm-none-eabi/lib/armv7-m/libc.a(lib_a-memmove.o)
 .ARM.attributes
                0x0000063c       0x2d /usr/lib/gcc/arm-none-eabi/5.4.1/../../../arm-none-eabi/lib/armv7-m/libc.a(lib_a-memset.o)
 .ARM.attributes
                0x00000669       0x2d /usr/lib/gcc/arm-none-eabi/5.4.1/../../../arm-none-eabi/lib/armv7-m/libc.a(lib_a-reallocr.o)
 .ARM.attributes
                0x00000696       0x2d /usr/lib/gcc/arm-none-eabi/5.4.1/../../../arm-none-eabi/lib/armv7-m/libc.a(lib_a-reent.o)
 .ARM.attributes
                0x000006c3       0x1d /usr/lib/gcc/arm-none-eabi/5.4.1/armv7-m/libgcc.a(_arm_addsubdf3.o)
 .ARM.attributes
                0x000006e0       0x1d /usr/lib/gcc/arm-none-eabi/5.4.1/armv7-m/libgcc.a(_arm_muldivdf3.o)
 .ARM.attributes
                0x000006fd       0x1d /usr/lib/gcc/arm-none-eabi/5.4.1/armv7-m/libgcc.a(_arm_cmpdf2.o)
 .ARM.attributes
                0x0000071a       0x1d /usr/lib/gcc/arm-none-eabi/5.4.1/armv7-m/libgcc.a(_arm_unorddf2.o)
 .ARM.attributes
                0x00000737       0x1d /usr/lib/gcc/arm-none-eabi/5.4.1/armv7-m/libgcc.a(_arm_fixdfsi.o)
 .ARM.attributes
                0x00000754       0x1d /usr/lib/gcc/arm-none-eabi/5.4.1/armv7-m/libgcc.a(_arm_fixunsdfsi.o)
 .ARM.attributes
                0x00000771       0x1d /usr/lib/gcc/arm-none-eabi/5.4.1/armv7-m/libgcc.a(_aeabi_uldivmod.o)
 .ARM.attributes
                0x0000078e       0x2d /usr/lib/gcc/arm-none-eabi/5.4.1/armv7-m/libgcc.a(_udivmoddi4.o)
 .ARM.attributes
                0x000007bb       0x1d /usr/lib/gcc/arm-none-eabi/5.4.1/armv7-m/libgcc.a(_dvmd_tls.o)
 .ARM.attributes
                0x000007d8       0x2d /usr/lib/gcc/arm-none-eabi/5.4.1/../../../arm-none-eabi/lib/armv7-m/libnosys.a(sbrk.o)

.debug_frame    0x00000000     0x1a68
 .debug_frame   0x00000000      0x130 HighComms.o
 .debug_frame   0x00000130       0xc4 ads1115.o
 .debug_frame   0x000001f4      0x1bc main.o
 .debug_frame   0x000003b0      0x100 i2c_master.o
 .debug_frame   0x000004b0       0xa4 A9833.o
 .debug_frame   0x00000554       0x5c numCollect.o
 .debug_frame   0x000005b0       0x64 /usr/lib/arm/lib/libopencm3_stm32f1.a(gpio.o)
 .debug_frame   0x00000614      0x2e0 /usr/lib/arm/lib/libopencm3_stm32f1.a(rcc.o)
 .debug_frame   0x000008f4       0x20 /usr/lib/arm/lib/libopencm3_stm32f1.a(timer.o)
 .debug_frame   0x00000914       0x80 /usr/lib/arm/lib/libopencm3_stm32f1.a(gpio_common_all.o)
 .debug_frame   0x00000994      0x4c8 /usr/lib/arm/lib/libopencm3_stm32f1.a(timer_common_all.o)
 .debug_frame   0x00000e5c      0x170 /usr/lib/arm/lib/libopencm3_stm32f1.a(usart_common_all.o)
 .debug_frame   0x00000fcc       0x60 /usr/lib/arm/lib/libopencm3_stm32f1.a(usart_common_f124.o)
 .debug_frame   0x0000102c       0xd0 /usr/lib/arm/lib/libopencm3_stm32f1.a(rcc_common_all.o)
 .debug_frame   0x000010fc       0x50 /usr/lib/arm/lib/libopencm3_stm32f1.a(flash_common_all.o)
 .debug_frame   0x0000114c       0x4c /usr/lib/arm/lib/libopencm3_stm32f1.a(vector.o)
 .debug_frame   0x00001198       0xa0 /usr/lib/arm/lib/libopencm3_stm32f1.a(nvic.o)
 .debug_frame   0x00001238       0x84 /usr/lib/gcc/arm-none-eabi/5.4.1/../../../arm-none-eabi/lib/armv7-m/libc.a(lib_a-sprintf.o)
 .debug_frame   0x000012bc       0x44 /usr/lib/gcc/arm-none-eabi/5.4.1/../../../arm-none-eabi/lib/armv7-m/libc.a(lib_a-svfprintf.o)
 .debug_frame   0x00001300       0x84 /usr/lib/gcc/arm-none-eabi/5.4.1/../../../arm-none-eabi/lib/armv7-m/libc.a(lib_a-dtoa.o)
 .debug_frame   0x00001384       0x9c /usr/lib/gcc/arm-none-eabi/5.4.1/../../../arm-none-eabi/lib/armv7-m/libc.a(lib_a-locale.o)
 .debug_frame   0x00001420       0x54 /usr/lib/gcc/arm-none-eabi/5.4.1/../../../arm-none-eabi/lib/armv7-m/libc.a(lib_a-mallocr.o)
 .debug_frame   0x00001474       0x34 /usr/lib/gcc/arm-none-eabi/5.4.1/../../../arm-none-eabi/lib/armv7-m/libc.a(lib_a-memchr-stub.o)
 .debug_frame   0x000014a8       0x30 /usr/lib/gcc/arm-none-eabi/5.4.1/../../../arm-none-eabi/lib/armv7-m/libc.a(lib_a-mlock.o)
 .debug_frame   0x000014d8      0x264 /usr/lib/gcc/arm-none-eabi/5.4.1/../../../arm-none-eabi/lib/armv7-m/libc.a(lib_a-mprec.o)
 .debug_frame   0x0000173c       0x2c /usr/lib/gcc/arm-none-eabi/5.4.1/../../../arm-none-eabi/lib/armv7-m/libc.a(lib_a-sbrkr.o)
 .debug_frame   0x00001768       0x34 /usr/lib/gcc/arm-none-eabi/5.4.1/../../../arm-none-eabi/lib/armv7-m/libc.a(lib_a-strcmp.o)
 .debug_frame   0x0000179c       0x20 /usr/lib/gcc/arm-none-eabi/5.4.1/../../../arm-none-eabi/lib/armv7-m/libc.a(lib_a-strlen-stub.o)
 .debug_frame   0x000017bc       0x78 /usr/lib/gcc/arm-none-eabi/5.4.1/../../../arm-none-eabi/lib/armv7-m/libc.a(lib_a-svfiprintf.o)
 .debug_frame   0x00001834       0x28 /usr/lib/gcc/arm-none-eabi/5.4.1/../../../arm-none-eabi/lib/armv7-m/libc.a(lib_a-callocr.o)
 .debug_frame   0x0000185c       0x74 /usr/lib/gcc/arm-none-eabi/5.4.1/../../../arm-none-eabi/lib/armv7-m/libc.a(lib_a-freer.o)
 .debug_frame   0x000018d0       0x30 /usr/lib/gcc/arm-none-eabi/5.4.1/../../../arm-none-eabi/lib/armv7-m/libc.a(lib_a-memmove.o)
 .debug_frame   0x00001900       0x34 /usr/lib/gcc/arm-none-eabi/5.4.1/../../../arm-none-eabi/lib/armv7-m/libc.a(lib_a-memset.o)
 .debug_frame   0x00001934       0x58 /usr/lib/gcc/arm-none-eabi/5.4.1/../../../arm-none-eabi/lib/armv7-m/libc.a(lib_a-reallocr.o)
 .debug_frame   0x0000198c       0x58 /usr/lib/gcc/arm-none-eabi/5.4.1/../../../arm-none-eabi/lib/armv7-m/libc.a(lib_a-reent.o)
 .debug_frame   0x000019e4       0x2c /usr/lib/gcc/arm-none-eabi/5.4.1/armv7-m/libgcc.a(_aeabi_uldivmod.o)
 .debug_frame   0x00001a10       0x38 /usr/lib/gcc/arm-none-eabi/5.4.1/armv7-m/libgcc.a(_udivmoddi4.o)
 .debug_frame   0x00001a48       0x20 /usr/lib/gcc/arm-none-eabi/5.4.1/../../../arm-none-eabi/lib/armv7-m/libnosys.a(sbrk.o)

.debug_loc      0x00000000     0xd665
 .debug_loc     0x00000000      0x19f /usr/lib/arm/lib/libopencm3_stm32f1.a(gpio.o)
 .debug_loc     0x0000019f      0x4ba /usr/lib/arm/lib/libopencm3_stm32f1.a(rcc.o)
 .debug_loc     0x00000659       0x5b /usr/lib/arm/lib/libopencm3_stm32f1.a(timer.o)
 .debug_loc     0x000006b4       0x97 /usr/lib/arm/lib/libopencm3_stm32f1.a(gpio_common_all.o)
 .debug_loc     0x0000074b      0x3e7 /usr/lib/arm/lib/libopencm3_stm32f1.a(timer_common_all.o)
 .debug_loc     0x00000b32      0x1ca /usr/lib/arm/lib/libopencm3_stm32f1.a(usart_common_all.o)
 .debug_loc     0x00000cfc       0x63 /usr/lib/arm/lib/libopencm3_stm32f1.a(usart_common_f124.o)
 .debug_loc     0x00000d5f      0x108 /usr/lib/arm/lib/libopencm3_stm32f1.a(rcc_common_all.o)
 .debug_loc     0x00000e67       0x3f /usr/lib/arm/lib/libopencm3_stm32f1.a(flash_common_all.o)
 .debug_loc     0x00000ea6       0xdf /usr/lib/arm/lib/libopencm3_stm32f1.a(vector.o)
 .debug_loc     0x00000f85      0x129 /usr/lib/arm/lib/libopencm3_stm32f1.a(nvic.o)
 .debug_loc     0x000010ae       0x86 /usr/lib/gcc/arm-none-eabi/5.4.1/../../../arm-none-eabi/lib/armv7-m/libc.a(lib_a-sprintf.o)
 .debug_loc     0x00001134     0x29cc /usr/lib/gcc/arm-none-eabi/5.4.1/../../../arm-none-eabi/lib/armv7-m/libc.a(lib_a-svfprintf.o)
 .debug_loc     0x00003b00     0x2974 /usr/lib/gcc/arm-none-eabi/5.4.1/../../../arm-none-eabi/lib/armv7-m/libc.a(lib_a-dtoa.o)
 .debug_loc     0x00006474      0x147 /usr/lib/gcc/arm-none-eabi/5.4.1/../../../arm-none-eabi/lib/armv7-m/libc.a(lib_a-locale.o)
 .debug_loc     0x000065bb      0xc88 /usr/lib/gcc/arm-none-eabi/5.4.1/../../../arm-none-eabi/lib/armv7-m/libc.a(lib_a-mallocr.o)
 .debug_loc     0x00007243      0x1ba /usr/lib/gcc/arm-none-eabi/5.4.1/../../../arm-none-eabi/lib/armv7-m/libc.a(lib_a-memchr-stub.o)
 .debug_loc     0x000073fd     0x1f21 /usr/lib/gcc/arm-none-eabi/5.4.1/../../../arm-none-eabi/lib/armv7-m/libc.a(lib_a-mprec.o)
 .debug_loc     0x0000931e       0x4d /usr/lib/gcc/arm-none-eabi/5.4.1/../../../arm-none-eabi/lib/armv7-m/libc.a(lib_a-sbrkr.o)
 .debug_loc     0x0000936b       0x21 /usr/lib/gcc/arm-none-eabi/5.4.1/../../../arm-none-eabi/lib/armv7-m/libc.a(lib_a-strlen-stub.o)
 .debug_loc     0x0000938c     0x146c /usr/lib/gcc/arm-none-eabi/5.4.1/../../../arm-none-eabi/lib/armv7-m/libc.a(lib_a-svfiprintf.o)
 .debug_loc     0x0000a7f8      0x291 /usr/lib/gcc/arm-none-eabi/5.4.1/../../../arm-none-eabi/lib/armv7-m/libc.a(lib_a-callocr.o)
 .debug_loc     0x0000aa89      0x535 /usr/lib/gcc/arm-none-eabi/5.4.1/../../../arm-none-eabi/lib/armv7-m/libc.a(lib_a-freer.o)
 .debug_loc     0x0000afbe      0x2aa /usr/lib/gcc/arm-none-eabi/5.4.1/../../../arm-none-eabi/lib/armv7-m/libc.a(lib_a-memmove.o)
 .debug_loc     0x0000b268      0x1ae /usr/lib/gcc/arm-none-eabi/5.4.1/../../../arm-none-eabi/lib/armv7-m/libc.a(lib_a-memset.o)
 .debug_loc     0x0000b416     0x1252 /usr/lib/gcc/arm-none-eabi/5.4.1/../../../arm-none-eabi/lib/armv7-m/libc.a(lib_a-reallocr.o)
 .debug_loc     0x0000c668      0x11d /usr/lib/gcc/arm-none-eabi/5.4.1/../../../arm-none-eabi/lib/armv7-m/libc.a(lib_a-reent.o)
 .debug_loc     0x0000c785      0xebf /usr/lib/gcc/arm-none-eabi/5.4.1/armv7-m/libgcc.a(_udivmoddi4.o)
 .debug_loc     0x0000d644       0x21 /usr/lib/gcc/arm-none-eabi/5.4.1/../../../arm-none-eabi/lib/armv7-m/libnosys.a(sbrk.o)

.debug_macro    0x00000000     0x4ac7
 .debug_macro   0x00000000       0xb8 /usr/lib/arm/lib/libopencm3_stm32f1.a(gpio.o)
 .debug_macro   0x000000b8      0x86e /usr/lib/arm/lib/libopencm3_stm32f1.a(gpio.o)
 .debug_macro   0x00000926       0x1c /usr/lib/arm/lib/libopencm3_stm32f1.a(gpio.o)
 .debug_macro   0x00000942       0x22 /usr/lib/arm/lib/libopencm3_stm32f1.a(gpio.o)
 .debug_macro   0x00000964       0x4f /usr/lib/arm/lib/libopencm3_stm32f1.a(gpio.o)
 .debug_macro   0x000009b3       0x44 /usr/lib/arm/lib/libopencm3_stm32f1.a(gpio.o)
 .debug_macro   0x000009f7       0xfd /usr/lib/arm/lib/libopencm3_stm32f1.a(gpio.o)
 .debug_macro   0x00000af4       0x5e /usr/lib/arm/lib/libopencm3_stm32f1.a(gpio.o)
 .debug_macro   0x00000b52      0x1df /usr/lib/arm/lib/libopencm3_stm32f1.a(gpio.o)
 .debug_macro   0x00000d31       0x22 /usr/lib/arm/lib/libopencm3_stm32f1.a(gpio.o)
 .debug_macro   0x00000d53       0xe8 /usr/lib/arm/lib/libopencm3_stm32f1.a(gpio.o)
 .debug_macro   0x00000e3b       0x58 /usr/lib/arm/lib/libopencm3_stm32f1.a(gpio.o)
 .debug_macro   0x00000e93      0x1b4 /usr/lib/arm/lib/libopencm3_stm32f1.a(gpio.o)
 .debug_macro   0x00001047       0x76 /usr/lib/arm/lib/libopencm3_stm32f1.a(gpio.o)
 .debug_macro   0x000010bd      0xdfd /usr/lib/arm/lib/libopencm3_stm32f1.a(gpio.o)
 .debug_macro   0x00001eba       0xe7 /usr/lib/arm/lib/libopencm3_stm32f1.a(rcc.o)
 .debug_macro   0x00001fa1       0x16 /usr/lib/arm/lib/libopencm3_stm32f1.a(rcc.o)
 .debug_macro   0x00001fb7      0x82c /usr/lib/arm/lib/libopencm3_stm32f1.a(rcc.o)
 .debug_macro   0x000027e3       0xee /usr/lib/arm/lib/libopencm3_stm32f1.a(rcc.o)
 .debug_macro   0x000028d1       0x82 /usr/lib/arm/lib/libopencm3_stm32f1.a(rcc.o)
 .debug_macro   0x00002953       0xb3 /usr/lib/arm/lib/libopencm3_stm32f1.a(timer.o)
 .debug_macro   0x00002a06      0xf9b /usr/lib/arm/lib/libopencm3_stm32f1.a(timer.o)
 .debug_macro   0x000039a1       0xb8 /usr/lib/arm/lib/libopencm3_stm32f1.a(gpio_common_all.o)
 .debug_macro   0x00003a59       0xcb /usr/lib/arm/lib/libopencm3_stm32f1.a(timer_common_all.o)
 .debug_macro   0x00003b24       0xda /usr/lib/arm/lib/libopencm3_stm32f1.a(usart_common_all.o)
 .debug_macro   0x00003bfe       0x94 /usr/lib/arm/lib/libopencm3_stm32f1.a(usart_common_all.o)
 .debug_macro   0x00003c92      0x29e /usr/lib/arm/lib/libopencm3_stm32f1.a(usart_common_all.o)
 .debug_macro   0x00003f30       0xda /usr/lib/arm/lib/libopencm3_stm32f1.a(usart_common_f124.o)
 .debug_macro   0x0000400a       0xce /usr/lib/arm/lib/libopencm3_stm32f1.a(rcc_common_all.o)
 .debug_macro   0x000040d8       0xc0 /usr/lib/arm/lib/libopencm3_stm32f1.a(flash_common_all.o)
 .debug_macro   0x00004198       0xcf /usr/lib/arm/lib/libopencm3_stm32f1.a(vector.o)
 .debug_macro   0x00004267      0x3a4 /usr/lib/arm/lib/libopencm3_stm32f1.a(vector.o)
 .debug_macro   0x0000460b       0x6a /usr/lib/arm/lib/libopencm3_stm32f1.a(vector.o)
 .debug_macro   0x00004675      0x1a2 /usr/lib/arm/lib/libopencm3_stm32f1.a(vector.o)
 .debug_macro   0x00004817       0xb3 /usr/lib/arm/lib/libopencm3_stm32f1.a(nvic.o)
 .debug_macro   0x000048ca       0x64 /usr/lib/arm/lib/libopencm3_stm32f1.a(nvic.o)
 .debug_macro   0x0000492e      0x199 /usr/lib/arm/lib/libopencm3_stm32f1.a(nvic.o)
